Archive member included to satisfy reference by file (symbol)

C:/devkitPro/libogc/lib/wii\libwiiuse.a(wpad.o)
                              main.o (WPAD_ScanPads)
C:/devkitPro/libogc/lib/wii\libwiiuse.a(motion_plus.o)
                              C:/devkitPro/libogc/lib/wii\libwiiuse.a(wpad.o) (wiiuse_set_motion_plus)
C:/devkitPro/libogc/lib/wii\libwiiuse.a(dynamics.o)
                              C:/devkitPro/libogc/lib/wii\libwiiuse.a(wpad.o) (calculate_gforce)
C:/devkitPro/libogc/lib/wii\libwiiuse.a(io.o)
                              C:/devkitPro/libogc/lib/wii\libwiiuse.a(motion_plus.o) (wiiuse_disable_expansion)
C:/devkitPro/libogc/lib/wii\libwiiuse.a(io_wii.o)
                              C:/devkitPro/libogc/lib/wii\libwiiuse.a(wpad.o) (__wiiuse_sensorbar_enable)
C:/devkitPro/libogc/lib/wii\libwiiuse.a(ir.o)
                              C:/devkitPro/libogc/lib/wii\libwiiuse.a(motion_plus.o) (wiiuse_set_ir_mode)
C:/devkitPro/libogc/lib/wii\libwiiuse.a(nunchuk.o)
                              C:/devkitPro/libogc/lib/wii\libwiiuse.a(io.o) (nunchuk_handshake)
C:/devkitPro/libogc/lib/wii\libwiiuse.a(wiiboard.o)
                              C:/devkitPro/libogc/lib/wii\libwiiuse.a(io.o) (wii_board_handshake)
C:/devkitPro/libogc/lib/wii\libwiiuse.a(wiiuse.o)
                              C:/devkitPro/libogc/lib/wii\libwiiuse.a(wpad.o) (wiiuse_init)
C:/devkitPro/libogc/lib/wii\libwiiuse.a(speaker.o)
                              C:/devkitPro/libogc/lib/wii\libwiiuse.a(wpad.o) (wencdata)
C:/devkitPro/libogc/lib/wii\libwiiuse.a(classic.o)
                              C:/devkitPro/libogc/lib/wii\libwiiuse.a(io.o) (classic_ctrl_handshake)
C:/devkitPro/libogc/lib/wii\libwiiuse.a(events.o)
                              C:/devkitPro/libogc/lib/wii\libwiiuse.a(io_wii.o) (parse_event)
C:/devkitPro/libogc/lib/wii\libwiiuse.a(guitar_hero_3.o)
                              C:/devkitPro/libogc/lib/wii\libwiiuse.a(io.o) (guitar_hero_3_handshake)
C:/devkitPro/libogc/lib/wii\libbte.a(bte.o)
                              C:/devkitPro/libogc/lib/wii\libwiiuse.a(wpad.o) (BTE_Init)
C:/devkitPro/libogc/lib/wii\libbte.a(hci.o)
                              C:/devkitPro/libogc/lib/wii\libbte.a(bte.o) (hci_init)
C:/devkitPro/libogc/lib/wii\libbte.a(l2cap.o)
                              C:/devkitPro/libogc/lib/wii\libbte.a(bte.o) (l2cap_init)
C:/devkitPro/libogc/lib/wii\libbte.a(btmemb.o)
                              C:/devkitPro/libogc/lib/wii\libbte.a(bte.o) (btmemb_init)
C:/devkitPro/libogc/lib/wii\libbte.a(btmemr.o)
                              C:/devkitPro/libogc/lib/wii\libbte.a(hci.o) (btmemr_init)
C:/devkitPro/libogc/lib/wii\libbte.a(btpbuf.o)
                              C:/devkitPro/libogc/lib/wii\libbte.a(hci.o) (btpbuf_init)
C:/devkitPro/libogc/lib/wii\libbte.a(physbusif.o)
                              C:/devkitPro/libogc/lib/wii\libbte.a(bte.o) (physbusif_init)
C:/devkitPro/libogc/lib/wii\libogc.a(console.o)
                              main.o (CON_Init)
C:/devkitPro/libogc/lib/wii\libogc.a(lwp_queue.o)
                              C:/devkitPro/libogc/lib/wii\libwiiuse.a(io_wii.o) (__lwp_queue_initialize)
C:/devkitPro/libogc/lib/wii\libogc.a(lwp_threads.o)
                              C:/devkitPro/libogc/lib/wii\libwiiuse.a(wpad.o) (_thread_dispatch_disable_level)
C:/devkitPro/libogc/lib/wii\libogc.a(lwp.o)
                              C:/devkitPro/libogc/lib/wii\libbte.a(bte.o) (LWP_InitQueue)
C:/devkitPro/libogc/lib/wii\libogc.a(lwp_handler.o)
                              C:/devkitPro/libogc/lib/wii\libogc.a(lwp_threads.o) (_cpu_context_save_fp)
C:/devkitPro/libogc/lib/wii\libogc.a(lwp_stack.o)
                              C:/devkitPro/libogc/lib/wii\libogc.a(lwp_threads.o) (__lwp_stack_allocate)
C:/devkitPro/libogc/lib/wii\libogc.a(lwp_watchdog.o)
                              C:/devkitPro/libogc/lib/wii\libogc.a(lwp_threads.o) (_wd_ticks_queue)
C:/devkitPro/libogc/lib/wii\libogc.a(lwp_wkspace.o)
                              C:/devkitPro/libogc/lib/wii\libwiiuse.a(motion_plus.o) (__wkspace_heap)
C:/devkitPro/libogc/lib/wii\libogc.a(lwp_objmgr.o)
                              C:/devkitPro/libogc/lib/wii\libogc.a(lwp.o) (__lwp_objmgr_initinfo)
C:/devkitPro/libogc/lib/wii\libogc.a(lwp_heap.o)
                              C:/devkitPro/libogc/lib/wii\libogc.a(lwp_wkspace.o) (__lwp_heap_init)
C:/devkitPro/libogc/lib/wii\libogc.a(sys_state.o)
                              C:/devkitPro/libogc/lib/wii\libogc.a(lwp_threads.o) (_sys_state_curr)
C:/devkitPro/libogc/lib/wii\libogc.a(irq.o)
                              C:/devkitPro/libogc/lib/wii\libwiiuse.a(io_wii.o) (IRQ_Disable)
C:/devkitPro/libogc/lib/wii\libogc.a(video.o)
                              C:/devkitPro/libogc/lib/wii\libogc.a(console.o) (VIDEO_GetCurrentFramebuffer)
C:/devkitPro/libogc/lib/wii\libogc.a(pad.o)
                              main.o (PAD_Init)
C:/devkitPro/libogc/lib/wii\libogc.a(system.o)
[...]
Memory Configuration

Name             Origin             Length             Attributes
*default*        0x00000000         0xffffffff

Linker script and memory map

                0x00003400                        . = 0x3400

.stub
 *(.stub)
                0x80004000                        . = 0x80004000

.init           0x80004000      0x194
 *crt0.o(*.init)
 .init          0x80004000      0x170 C:/devkitPro/libogc/lib/wii\libogc.a(ogc_crt0.o)
                0x80004000                _start
                0x80004140                _memset
 *(.init)
 .init          0x80004170        0xc C:/devkitPro/devkitPPC/bin/../lib/gcc/powerpc-eabi/13.1.0/ecrti.o
                0x80004170                __init
 .init          0x8000417c        0x4 C:/devkitPro/devkitPPC/bin/../lib/gcc/powerpc-eabi/13.1.0/crtbegin.o
 .init          0x80004180        0x4 C:/devkitPro/devkitPPC/bin/../lib/gcc/powerpc-eabi/13.1.0/crtend.o
 .init          0x80004184       0x10 C:/devkitPro/devkitPPC/bin/../lib/gcc/powerpc-eabi/13.1.0/ecrtn.o

.rela.dyn       0x80004194        0x0
 .rela.iplt     0x80004194        0x0 C:/devkitPro/devkitPPC/bin/../lib/gcc/powerpc-eabi/13.1.0/crtbegin.o

.plt
 *(.plt)

.interp
 *(.interp)

.hash
 *(.hash)

.dynsym
 *(.dynsym)

.dynstr
 *(.dynstr)

.gnu.version
 *(.gnu.version)

.gnu.version_d
 *(.gnu.version_d)

.gnu.version_r
 *(.gnu.version_r)

.rel.init
 *(.rel.init)

.rela.init
 *(.rela.init)

.rel.text
 *(.rel.text .rel.text.* .rel.gnu.linkonce.t.*)

.rela.text      0x80004194        0x0
 *(.rela.text .rela.text.* .rela.gnu.linkonce.t.*)
 .rela.text.__do_global_dtors_aux
                0x80004194        0x0 C:/devkitPro/devkitPPC/bin/../lib/gcc/powerpc-eabi/13.1.0/crtbegin.o
 .rela.text.frame_dummy
                0x80004194        0x0 C:/devkitPro/devkitPPC/bin/../lib/gcc/powerpc-eabi/13.1.0/crtbegin.o
 .rela.text.unlikely.abort
                0x80004194        0x0 C:/devkitPro/devkitPPC/bin/../lib/gcc/powerpc-eabi/13.1.0/crtbegin.o

.rel.fini
 *(.rel.fini)

.rela.fini
 *(.rela.fini)

.rel.rodata
 *(.rel.rodata .rel.rodata.* .rel.gnu.linkonce.r.*)

.rela.rodata
 *(.rela.rodata .rela.rodata.* .rela.gnu.linkonce.r.*)

.rel.data
 *(.rel.data .rel.data.* .rel.gnu.linkonce.d.*)

.rela.data
 *(.rela.data .rela.data.* .rela.gnu.linkonce.d.*)

.rel.tdata
 *(.rel.tdata .rel.tdata.* .rel.gnu.linkonce.td.*)

.rela.tdata
 *(.rela.tdata .rela.tdata.* .rela.gnu.linkonce.td.*)

.rel.tbss
 *(.rel.tbss .rel.tbss.* .rel.gnu.linkonce.tb.*)

.rela.tbss
 *(.rela.tbss .rela.tbss.* .rela.gnu.linkonce.tb.*)

.rel.ctors
 *(.rel.ctors)

.rela.ctors
 *(.rela.ctors)

.rel.dtors
 *(.rel.dtors)

.rela.dtors
 *(.rela.dtors)

.rel.got
 *(.rel.got)

.rela.got
 *(.rela.got)

.rela.got1
 *(.rela.got1)

.rela.got2
 *(.rela.got2)

.rel.sdata
 *(.rel.sdata .rel.sdata.* .rel.gnu.linkonce.s.*)

.rela.sdata
 *(.rela.sdata .rela.sdata.* .rela.gnu.linkonce.s.*)

.rel.sbss
 *(.rel.sbss .rel.sbss.* .rel.gnu.linkonce.sb.*)

.rela.sbss
 *(.rela.sbss .rela.sbss.* .rel.gnu.linkonce.sb.*)

.rel.sdata2
 *(.rel.sdata2 .rel.sdata2.* .rel.gnu.linkonce.s2.*)

.rela.sdata2
 *(.rela.sdata2 .rela.sdata2.* .rela.gnu.linkonce.s2.*)

.rel.sbss2
 *(.rel.sbss2 .rel.sbss2.* .rel.gnu.linkonce.sb2.*)

.rela.sbss2
 *(.rela.sbss2 .rela.sbss2.* .rela.gnu.linkonce.sb2.*)

.rel.bss
 *(.rel.bss .rel.bss.* .rel.gnu.linkonce.b.*)

.rela.bss
 *(.rela.bss .rela.bss.* .rela.gnu.linkonce.b.*)

.rel.plt
 *(.rel.plt)

.rela.plt
 *(.rela.plt)

.text           0x800041a0    0x20b00
 *(.text)
 .text          0x800041a0      0x44c C:/devkitPro/libogc/lib/wii\libogc.a(lwp_handler.o)
                0x800041a0                _cpu_context_save_fp
                0x800042e0                _cpu_context_restore_fp
                0x80004420                _cpu_context_switch
                0x80004500                _cpu_context_save
                0x80004580                _cpu_context_restore
 .text          0x800045ec      0x4a0 C:/devkitPro/libogc/lib/wii\libogc.a(system_asm.o)
                0x800045ec                __realmode
                0x80004604                __configBATS
                0x80004734                __InitFPRS
                0x80004860                __InitPS
                0x800048bc                __InitCache
                0x80004914                __InitSystem
                0x8000499c                __flush_cache
                0x800049d0                __reset
                0x80004a40                __InitBATS
                0x80004a5c                SYS_SwitchFiber
 .text          0x80004a8c      0x1ac C:/devkitPro/libogc/lib/wii\libogc.a(irq_handler.o)
                0x80004a8c                irq_exceptionhandler
 .text          0x80004c38      0x4f4 C:/devkitPro/libogc/lib/wii\libogc.a(cache_asm.o)
                0x80004c38                DCFlashInvalidate
                0x80004c4c                DCEnable
                0x80004c60                DCDisable
                0x80004c74                DCFreeze
                0x80004c88                DCUnfreeze
                0x80004c9c                DCTouchLoad
                0x80004ca4                DCBlockZero
                0x80004cac                DCBlockStore
                0x80004cb4                DCBlockFlush
                0x80004cbc                DCBlockInvalidate
                0x80004cc4                DCInvalidateRange
                0x80004cf4                DCFlushRange
                0x80004d28                DCStoreRange
                0x80004d5c                DCFlushRangeNoSync
                0x80004d8c                DCStoreRangeNoSync
                0x80004dbc                DCZeroRange
                0x80004dec                DCTouchRange
                0x80004e1c                ICInvalidateRange
                0x80004e54                ICFlashInvalidate
                0x80004e68                ICEnable
                0x80004e7c                ICDisable
                0x80004e90                ICFreeze
                0x80004ea4                ICUnfreeze
                0x80004eb8                ICBlockInvalidate
                0x80004ec0                ICSync
                0x80004ec8                L2Init
                0x80004f10                L2Enable
                0x80004f2c                L2Disable
                0x80004f44                L2GlobalInvalidate
                0x80004f9c                __LCEnable
                0x80005068                LCDisable
                0x80005090                LCAllocOneTag
                0x800050a4                LCAllocTags
                0x800050e4                LCLoadBlocks
                0x80005108                LCStoreBlocks
 .text          0x8000512c      0x1ac C:/devkitPro/libogc/lib/wii\libogc.a(decrementer_handler.o)
                0x8000512c                dec_exceptionhandler
 .text          0x800052d8      0x35c C:/devkitPro/libogc/lib/wii\libogc.a(exception_handler.o)
                0x800052d8                exceptionhandler_start
                0x80005354                exceptionhandler_patch
                0x80005388                exceptionhandler_end
                0x8000538c                default_exceptionhandler
                0x800054bc                fpu_exceptionhandler
                0x80005604                systemcallhandler_start
                0x80005630                systemcallhandler_end
 .text          0x80005634       0x48 C:/devkitPro/devkitPPC/bin/../lib/gcc/powerpc-eabi/13.1.0\libgcc.a(eabi.o)
                0x80005634                __eabi
 *(.text.*)
 .text.__do_global_dtors_aux
                0x8000567c       0xcc C:/devkitPro/devkitPPC/bin/../lib/gcc/powerpc-eabi/13.1.0/crtbegin.o
 .text.frame_dummy
                0x80005748       0x24 C:/devkitPro/devkitPPC/bin/../lib/gcc/powerpc-eabi/13.1.0/crtbegin.o
 .text.__crtmain
                0x8000576c       0x44 C:/devkitPro/devkitPPC/bin/../lib/gcc/powerpc-eabi/13.1.0/../../../../powerpc-eabi/lib/crtmain.o
                0x80005770                __crtmain
 .text.DrawBox  0x800057b0      0x328 draw.o
                0x800057b0                DrawBox
 .text.draw_targets
                0x80005ad8       0x94 draw.o
                0x80005ad8                draw_targets
 .text.draw_ball
                0x80005b6c       0x90 draw.o
                0x80005b6c                draw_ball
 .text.draw_balls
                0x80005bfc        0x4 draw.o
                0x80005bfc                draw_balls
 .text.clear_screen
                0x80005c00       0xac draw.o
                0x80005c00                clear_screen
 .text.init_game
                0x80005cac       0xa0 main.o
                0x80005cac                init_game
 .text.Initialise
                0x80005d4c       0xbc main.o
                0x80005d4c                Initialise
 .text.startup.main
                0x80005e08      0x180 main.o
                0x80005e08                main
 .text.WPAD_ReadEvent
                0x80005f88      0x68c C:/devkitPro/libogc/lib/wii\libwiiuse.a(wpad.o)
                0x80005f88                WPAD_ReadEvent
 .text.WPAD_ReadPending
                0x80006614      0x1a0 C:/devkitPro/libogc/lib/wii\libwiiuse.a(wpad.o)
                0x80006614                WPAD_ReadPending
 .text.WPAD_ScanPads
                0x800067b4       0x90 C:/devkitPro/libogc/lib/wii\libwiiuse.a(wpad.o)
                0x800067b4                WPAD_ScanPads
 .text.calculate_gforce
                0x80006844      0x114 C:/devkitPro/libogc/lib/wii\libwiiuse.a(dynamics.o)
                0x80006844                calculate_gforce
 .text.calc_joystick_state
                0x80006958      0x210 C:/devkitPro/libogc/lib/wii\libwiiuse.a(dynamics.o)
                0x80006958                calc_joystick_state
 .text.apply_smoothing
                0x80006b68      0x140 C:/devkitPro/libogc/lib/wii\libwiiuse.a(dynamics.o)
                0x80006b68                apply_smoothing
 .text.calculate_orientation
                0x80006ca8      0x340 C:/devkitPro/libogc/lib/wii\libwiiuse.a(dynamics.o)
                0x80006ca8                calculate_orientation
 .text.calc_balanceboard_state
                0x80006fe8      0x3a4 C:/devkitPro/libogc/lib/wii\libwiiuse.a(dynamics.o)
                0x80006fe8                calc_balanceboard_state
 .text.rotate_dots
                0x8000738c      0x13c C:/devkitPro/libogc/lib/wii\libwiiuse.a(ir.o)
 .text.find_sensorbar
                0x800074c8      0xa00 C:/devkitPro/libogc/lib/wii\libwiiuse.a(ir.o)
                0x800074c8                find_sensorbar
 .text.apply_ir_smoothing
                0x80007ec8      0x124 C:/devkitPro/libogc/lib/wii\libwiiuse.a(ir.o)
                0x80007ec8                apply_ir_smoothing
 .text.interpret_ir_data
                0x80007fec      0x3c8 C:/devkitPro/libogc/lib/wii\libwiiuse.a(ir.o)
                0x80007fec                interpret_ir_data
 .text.__console_clear_line
                0x800083b4       0xb4 C:/devkitPro/libogc/lib/wii\libogc.a(console.o)
 .text.__console_clear
                0x80008468       0xbc C:/devkitPro/libogc/lib/wii\libogc.a(console.o)
 .text.__console_write
                0x80008524      0x82c C:/devkitPro/libogc/lib/wii\libogc.a(console.o)
                0x80008524                __console_write
 .text.__console_init
                0x80008d50      0x120 C:/devkitPro/libogc/lib/wii\libogc.a(console.o)
                0x80008d50                __console_init
 .text.CON_Init
                0x80008e70        0x4 C:/devkitPro/libogc/lib/wii\libogc.a(console.o)
                0x80008e70                CON_Init
 .text.CON_EnableGecko
                0x80008e74      0x100 C:/devkitPro/libogc/lib/wii\libogc.a(console.o)
                0x80008e74                CON_EnableGecko
 .text.__lwp_queue_initialize
                0x80008f74       0x98 C:/devkitPro/libogc/lib/wii\libogc.a(lwp_queue.o)
                0x80008f74                __lwp_queue_initialize
 .text.__lwp_queue_get
                0x8000900c       0x74 C:/devkitPro/libogc/lib/wii\libogc.a(lwp_queue.o)
                0x8000900c                __lwp_queue_get
 .text.__lwp_queue_append
                0x80009080       0x4c C:/devkitPro/libogc/lib/wii\libogc.a(lwp_queue.o)
                0x80009080                __lwp_queue_append
 .text.__syscall_getreent
                0x800090cc       0x24 C:/devkitPro/libogc/lib/wii\libogc.a(lwp_threads.o)
                0x800090cc                __syscall_getreent
 .text.__lwp_isr_in_progress
                0x800090f0        0x8 C:/devkitPro/libogc/lib/wii\libogc.a(lwp_threads.o)
                0x800090f0                __lwp_isr_in_progress
 .text.__thread_dispatch_fp
                0x800090f8       0x88 C:/devkitPro/libogc/lib/wii\libogc.a(lwp_threads.o)
                0x800090f8                __thread_dispatch_fp
 .text.__thread_dispatch
                0x80009180       0xf4 C:/devkitPro/libogc/lib/wii\libogc.a(lwp_threads.o)
                0x80009180                __thread_dispatch
 .text.__lwp_thread_resettimeslice
                0x80009274       0xb4 C:/devkitPro/libogc/lib/wii\libogc.a(lwp_threads.o)
                0x80009274                __lwp_thread_resettimeslice
 .text.__lwp_thread_tickle_timeslice
                0x80009328       0xc8 C:/devkitPro/libogc/lib/wii\libogc.a(lwp_threads.o)
                0x80009328                __lwp_thread_tickle_timeslice
 .text.__lwp_thread_setstate
                0x800093f0      0x16c C:/devkitPro/libogc/lib/wii\libogc.a(lwp_threads.o)
                0x800093f0                __lwp_thread_setstate
 .text.__lwp_thread_clearstate
                0x8000955c       0xe4 C:/devkitPro/libogc/lib/wii\libogc.a(lwp_threads.o)
                0x8000955c                __lwp_thread_clearstate
 .text.__lwp_thread_settransient
                0x80009640       0xb4 C:/devkitPro/libogc/lib/wii\libogc.a(lwp_threads.o)
                0x80009640                __lwp_thread_settransient
 .text.__lwp_thread_changepriority
                0x800096f4      0x1f8 C:/devkitPro/libogc/lib/wii\libogc.a(lwp_threads.o)
                0x800096f4                __lwp_thread_changepriority
 .text.__lwp_thread_ready
                0x800098ec       0xf0 C:/devkitPro/libogc/lib/wii\libogc.a(lwp_threads.o)
                0x800098ec                __lwp_thread_ready
 .text.__lwp_thread_init
                0x800099dc      0x160 C:/devkitPro/libogc/lib/wii\libogc.a(lwp_threads.o)
                0x800099dc                __lwp_thread_init
 .text.__lwp_thread_close
                0x80009b3c      0x144 C:/devkitPro/libogc/lib/wii\libogc.a(lwp_threads.o)
                0x80009b3c                __lwp_thread_close
 .text.__lwp_thread_handler
                0x80009c80       0xc0 C:/devkitPro/libogc/lib/wii\libogc.a(lwp_threads.o)
 .text.__lwp_thread_closeall
                0x80009d40       0xb0 C:/devkitPro/libogc/lib/wii\libogc.a(lwp_threads.o)
                0x80009d40                __lwp_thread_closeall
 .text.__lwp_thread_start
                0x80009df0      0x150 C:/devkitPro/libogc/lib/wii\libogc.a(lwp_threads.o)
                0x80009df0                __lwp_thread_start
 .text.__lwp_thread_startmultitasking
                0x80009f40       0xac C:/devkitPro/libogc/lib/wii\libogc.a(lwp_threads.o)
                0x80009f40                __lwp_thread_startmultitasking
 .text.__lwp_thread_stopmultitasking
                0x80009fec       0x58 C:/devkitPro/libogc/lib/wii\libogc.a(lwp_threads.o)
                0x80009fec                __lwp_thread_stopmultitasking
 .text.__lwp_thread_coreinit
                0x8000a044       0xc4 C:/devkitPro/libogc/lib/wii\libogc.a(lwp_threads.o)
                0x8000a044                __lwp_thread_coreinit
 .text.idle_func
                0x8000a108        0x4 C:/devkitPro/libogc/lib/wii\libogc.a(lwp.o)
 .text.__lwp_sysinit
                0x8000a10c      0x114 C:/devkitPro/libogc/lib/wii\libogc.a(lwp.o)
                0x8000a10c                __lwp_sysinit
 .text.LWP_InitQueue
                0x8000a220      0x140 C:/devkitPro/libogc/lib/wii\libogc.a(lwp.o)
                0x8000a220                LWP_InitQueue
 .text.LWP_CloseQueue
                0x8000a360       0xd4 C:/devkitPro/libogc/lib/wii\libogc.a(lwp.o)
                0x8000a360                LWP_CloseQueue
 .text.LWP_ThreadSleep
                0x8000a434       0xf8 C:/devkitPro/libogc/lib/wii\libogc.a(lwp.o)
                0x8000a434                LWP_ThreadSleep
 .text.LWP_ThreadBroadcast
                0x8000a52c       0x88 C:/devkitPro/libogc/lib/wii\libogc.a(lwp.o)
                0x8000a52c                LWP_ThreadBroadcast
 .text.LWP_ThreadSignal
                0x8000a5b4       0x74 C:/devkitPro/libogc/lib/wii\libogc.a(lwp.o)
                0x8000a5b4                LWP_ThreadSignal
 .text.__lwp_stack_allocate
                0x8000a628       0x60 C:/devkitPro/libogc/lib/wii\libogc.a(lwp_stack.o)
                0x8000a628                __lwp_stack_allocate
 .text.__lwp_stack_free
                0x8000a688       0x1c C:/devkitPro/libogc/lib/wii\libogc.a(lwp_stack.o)
                0x8000a688                __lwp_stack_free
 .text.__lwp_wd_settimer
                0x8000a6a4       0xe0 C:/devkitPro/libogc/lib/wii\libogc.a(lwp_watchdog.o)
 .text.__lwp_watchdog_init
                0x8000a784       0x2c C:/devkitPro/libogc/lib/wii\libogc.a(lwp_watchdog.o)
                0x8000a784                __lwp_watchdog_init
 .text.__lwp_wd_insert
                0x8000a7b0      0x194 C:/devkitPro/libogc/lib/wii\libogc.a(lwp_watchdog.o)
                0x8000a7b0                __lwp_wd_insert
 .text.__lwp_wd_remove
                0x8000a944      0x138 C:/devkitPro/libogc/lib/wii\libogc.a(lwp_watchdog.o)
                0x8000a944                __lwp_wd_remove
 .text.__lwp_wd_tickle
                0x8000aa7c      0x120 C:/devkitPro/libogc/lib/wii\libogc.a(lwp_watchdog.o)
                0x8000aa7c                __lwp_wd_tickle
 .text.__lwp_wkspace_init
                0x8000ab9c       0xc0 C:/devkitPro/libogc/lib/wii\libogc.a(lwp_wkspace.o)
                0x8000ab9c                __lwp_wkspace_init
 .text.__lwp_objmgr_initinfo
                0x8000ac5c      0x1a0 C:/devkitPro/libogc/lib/wii\libogc.a(lwp_objmgr.o)
                0x8000ac5c                __lwp_objmgr_initinfo
 .text.__lwp_objmgr_getisrdisable
                0x8000adfc       0x60 C:/devkitPro/libogc/lib/wii\libogc.a(lwp_objmgr.o)
                0x8000adfc                __lwp_objmgr_getisrdisable
 .text.__lwp_objmgr_getnoprotection
                0x8000ae5c       0x24 C:/devkitPro/libogc/lib/wii\libogc.a(lwp_objmgr.o)
                0x8000ae5c                __lwp_objmgr_getnoprotection
 .text.__lwp_objmgr_get
                0x8000ae80       0x6c C:/devkitPro/libogc/lib/wii\libogc.a(lwp_objmgr.o)
                0x8000ae80                __lwp_objmgr_get
 .text.__lwp_objmgr_allocate
                0x8000aeec       0x88 C:/devkitPro/libogc/lib/wii\libogc.a(lwp_objmgr.o)
                0x8000aeec                __lwp_objmgr_allocate
 .text.__lwp_objmgr_free
                0x8000af74       0x60 C:/devkitPro/libogc/lib/wii\libogc.a(lwp_objmgr.o)
                0x8000af74                __lwp_objmgr_free
 .text.__lwp_heap_init
                0x8000afd4       0xa4 C:/devkitPro/libogc/lib/wii\libogc.a(lwp_heap.o)
                0x8000afd4                __lwp_heap_init
 .text.__lwp_heap_allocate
                0x8000b078      0x160 C:/devkitPro/libogc/lib/wii\libogc.a(lwp_heap.o)
                0x8000b078                __lwp_heap_allocate
 .text.__lwp_heap_free
                0x8000b1d8      0x188 C:/devkitPro/libogc/lib/wii\libogc.a(lwp_heap.o)
                0x8000b1d8                __lwp_heap_free
 .text.__SetInterrupts
                0x8000b360      0x268 C:/devkitPro/libogc/lib/wii\libogc.a(irq.o)
 .text.c_irqdispatcher
                0x8000b5c8      0x278 C:/devkitPro/libogc/lib/wii\libogc.a(irq.o)
                0x8000b5c8                c_irqdispatcher
 .text.__UnmaskIrq
                0x8000b840       0x84 C:/devkitPro/libogc/lib/wii\libogc.a(irq.o)
                0x8000b840                __UnmaskIrq
 .text.__MaskIrq
                0x8000b8c4       0x84 C:/devkitPro/libogc/lib/wii\libogc.a(irq.o)
                0x8000b8c4                __MaskIrq
 .text.__irq_init
                0x8000b948       0x84 C:/devkitPro/libogc/lib/wii\libogc.a(irq.o)
                0x8000b948                __irq_init
 .text.IRQ_Request
                0x8000b9cc       0x50 C:/devkitPro/libogc/lib/wii\libogc.a(irq.o)
                0x8000b9cc                IRQ_Request
 .text.IRQ_GetHandler
                0x8000ba1c       0x44 C:/devkitPro/libogc/lib/wii\libogc.a(irq.o)
                0x8000ba1c                IRQ_GetHandler
 .text.__VISendI2CData.constprop.0.isra.0
                0x8000ba60      0x450 C:/devkitPro/libogc/lib/wii\libogc.a(video.o)
 .text.__setFbbRegs.constprop.0
                0x8000beb0      0x190 C:/devkitPro/libogc/lib/wii\libogc.a(video.o)
 .text.__VISetYUVSEL
                0x8000c040       0xb8 C:/devkitPro/libogc/lib/wii\libogc.a(video.o)
 .text.VIDEO_Configure
                0x8000c0f8      0x5ec C:/devkitPro/libogc/lib/wii\libogc.a(video.o)
                0x8000c0f8                VIDEO_Configure
 .text.VIDEO_WaitVSync
                0x8000c6e4       0x74 C:/devkitPro/libogc/lib/wii\libogc.a(video.o)
                0x8000c6e4                VIDEO_WaitVSync
 .text.VIDEO_SetFramebuffer
                0x8000c758      0x108 C:/devkitPro/libogc/lib/wii\libogc.a(video.o)
                0x8000c758                VIDEO_SetFramebuffer
 .text.VIDEO_SetNextFramebuffer
                0x8000c860       0x70 C:/devkitPro/libogc/lib/wii\libogc.a(video.o)
                0x8000c860                VIDEO_SetNextFramebuffer
 .text.VIDEO_Flush
                0x8000c8d0       0xf4 C:/devkitPro/libogc/lib/wii\libogc.a(video.o)
                0x8000c8d0                VIDEO_Flush
 .text.VIDEO_SetBlack
                0x8000c9c4      0x15c C:/devkitPro/libogc/lib/wii\libogc.a(video.o)
                0x8000c9c4                VIDEO_SetBlack
 .text.VIDEO_GetCurrentTvMode
                0x8000cb20       0x78 C:/devkitPro/libogc/lib/wii\libogc.a(video.o)
                0x8000cb20                VIDEO_GetCurrentTvMode
 .text.__VIRetraceHandler
                0x8000cb98      0x298 C:/devkitPro/libogc/lib/wii\libogc.a(video.o)
 .text.__VISetupEncoder
                0x8000ce30      0x2cc C:/devkitPro/libogc/lib/wii\libogc.a(video.o)
 .text.VIDEO_Init
                0x8000d0fc      0x4e4 C:/devkitPro/libogc/lib/wii\libogc.a(video.o)
                0x8000d0fc                VIDEO_Init
 .text.VIDEO_GetPreferredMode
                0x8000d5e0      0x108 C:/devkitPro/libogc/lib/wii\libogc.a(video.o)
                0x8000d5e0                VIDEO_GetPreferredMode
 .text.VIDEO_GetCurrentLine
                0x8000d6e8       0x9c C:/devkitPro/libogc/lib/wii\libogc.a(video.o)
                0x8000d6e8                VIDEO_GetCurrentLine
 .text.VIDEO_GetFrameBufferSize
                0x8000d784       0x34 C:/devkitPro/libogc/lib/wii\libogc.a(video.o)
                0x8000d784                VIDEO_GetFrameBufferSize
 .text.SPEC1_MakeStatus
                0x8000d7b8      0x104 C:/devkitPro/libogc/lib/wii\libogc.a(pad.o)
 .text.__pad_samplinghandler
                0x8000d8bc        0x4 C:/devkitPro/libogc/lib/wii\libogc.a(pad.o)
 .text.__pad_doreset
                0x8000d8c0       0x50 C:/devkitPro/libogc/lib/wii\libogc.a(pad.o)
 .text.__pad_updateorigin
                0x8000d910       0xa4 C:/devkitPro/libogc/lib/wii\libogc.a(pad.o)
 .text.__pad_disable
                0x8000d9b4       0xbc C:/devkitPro/libogc/lib/wii\libogc.a(pad.o)
 .text.__pad_receivecheckcallback
                0x8000da70       0x84 C:/devkitPro/libogc/lib/wii\libogc.a(pad.o)
 .text.__pad_typeandstatuscallback
                0x8000daf4      0x1ac C:/devkitPro/libogc/lib/wii\libogc.a(pad.o)
 .text.__pad_originupdatecallback
                0x8000dca0       0x2c C:/devkitPro/libogc/lib/wii\libogc.a(pad.o)
 .text.__pad_onreset
                0x8000dccc      0x108 C:/devkitPro/libogc/lib/wii\libogc.a(pad.o)
 .text.SPEC2_MakeStatus
                0x8000ddd4      0x214 C:/devkitPro/libogc/lib/wii\libogc.a(pad.o)
 .text.__pad_origincallback
                0x8000dfe8       0x74 C:/devkitPro/libogc/lib/wii\libogc.a(pad.o)
 .text.__pad_probecallback
                0x8000e05c       0x88 C:/devkitPro/libogc/lib/wii\libogc.a(pad.o)
 .text.__PADDisableRecalibration
                0x8000e0e4       0x64 C:/devkitPro/libogc/lib/wii\libogc.a(pad.o)
                0x8000e0e4                __PADDisableRecalibration
 .text.PAD_Reset
                0x8000e148       0xf0 C:/devkitPro/libogc/lib/wii\libogc.a(pad.o)
                0x8000e148                PAD_Reset
 .text.PAD_Read
                0x8000e238      0x2d4 C:/devkitPro/libogc/lib/wii\libogc.a(pad.o)
                0x8000e238                PAD_Read
 .text.PAD_Init
                0x8000e50c       0xf8 C:/devkitPro/libogc/lib/wii\libogc.a(pad.o)
                0x8000e50c                PAD_Init
 .text.PAD_ScanPads
                0x8000e604      0x15c C:/devkitPro/libogc/lib/wii\libogc.a(pad.o)
                0x8000e604                PAD_ScanPads
 .text.PAD_ButtonsDown
                0x8000e760       0x40 C:/devkitPro/libogc/lib/wii\libogc.a(pad.o)
                0x8000e760                PAD_ButtonsDown
 .text.PAD_StickX
                0x8000e7a0       0x40 C:/devkitPro/libogc/lib/wii\libogc.a(pad.o)
                0x8000e7a0                PAD_StickX
 .text.__call_resetfuncs
                0x8000e7e0       0xbc C:/devkitPro/libogc/lib/wii\libogc.a(system.o)
 .text.__MEMInterruptHandler
                0x8000e89c       0x14 C:/devkitPro/libogc/lib/wii\libogc.a(system.o)
 .text.__RSWDefaultHandler
                0x8000e8b0        0x4 C:/devkitPro/libogc/lib/wii\libogc.a(system.o)
 .text.__POWDefaultHandler
                0x8000e8b4        0x4 C:/devkitPro/libogc/lib/wii\libogc.a(system.o)
 .text.__STMEventHandler
                0x8000e8b8      0x104 C:/devkitPro/libogc/lib/wii\libogc.a(system.o)
 .text.__getrtc
                0x8000e9bc      0x13c C:/devkitPro/libogc/lib/wii\libogc.a(system.o)
 .text.__sram_write
                0x8000eaf8      0x130 C:/devkitPro/libogc/lib/wii\libogc.a(system.o)
 .text.__sram_writecallback
                0x8000ec28       0x54 C:/devkitPro/libogc/lib/wii\libogc.a(system.o)
 .text.__mem_onreset
                0x8000ec7c       0x48 C:/devkitPro/libogc/lib/wii\libogc.a(system.o)
 .text.__unlocksram
                0x8000ecc4      0x174 C:/devkitPro/libogc/lib/wii\libogc.a(system.o)
 .text.__sys_alarmhandler
                0x8000ee38      0x154 C:/devkitPro/libogc/lib/wii\libogc.a(system.o)
 .text.__syscall_malloc_lock
                0x8000ef8c        0x4 C:/devkitPro/libogc/lib/wii\libogc.a(system.o)
                0x8000ef8c                __syscall_malloc_lock
 .text.__syscall_malloc_unlock
                0x8000ef90        0x4 C:/devkitPro/libogc/lib/wii\libogc.a(system.o)
                0x8000ef90                __syscall_malloc_unlock
 .text.__SYS_GetRTC
                0x8000ef94       0xa0 C:/devkitPro/libogc/lib/wii\libogc.a(system.o)
                0x8000ef94                __SYS_GetRTC
 .text.__SYS_SetBootTime
                0x8000f034      0x108 C:/devkitPro/libogc/lib/wii\libogc.a(system.o)
                0x8000f034                __SYS_SetBootTime
 .text.__SYS_GetIPCBufferLo
                0x8000f13c        0x8 C:/devkitPro/libogc/lib/wii\libogc.a(system.o)
                0x8000f13c                __SYS_GetIPCBufferLo
 .text.__SYS_GetIPCBufferHi
                0x8000f144        0x8 C:/devkitPro/libogc/lib/wii\libogc.a(system.o)
                0x8000f144                __SYS_GetIPCBufferHi
 .text.__SYS_PreInit
                0x8000f14c        0x4 C:/devkitPro/libogc/lib/wii\libogc.a(system.o)
                0x8000f14c                __SYS_PreInit
 .text.SYS_PreMain
                0x8000f150       0x7c C:/devkitPro/libogc/lib/wii\libogc.a(system.o)
                0x8000f150                SYS_PreMain
 .text.SYS_ResetButtonDown
                0x8000f1cc       0x18 C:/devkitPro/libogc/lib/wii\libogc.a(system.o)
                0x8000f1cc                SYS_ResetButtonDown
 .text.SYS_ResetSystem
                0x8000f1e4      0x210 C:/devkitPro/libogc/lib/wii\libogc.a(system.o)
                0x8000f1e4                SYS_ResetSystem
 .text.__reload
                0x8000f3f4       0x80 C:/devkitPro/libogc/lib/wii\libogc.a(system.o)
                0x8000f3f4                __reload
 .text.__syscall_exit
                0x8000f474       0x88 C:/devkitPro/libogc/lib/wii\libogc.a(system.o)
                0x8000f474                __syscall_exit
 .text.SYS_RegisterResetFunc
                0x8000f4fc       0x78 C:/devkitPro/libogc/lib/wii\libogc.a(system.o)
                0x8000f4fc                SYS_RegisterResetFunc
 .text.SYS_SetArena1Lo
                0x8000f574       0x38 C:/devkitPro/libogc/lib/wii\libogc.a(system.o)
                0x8000f574                SYS_SetArena1Lo
 .text.SYS_GetArena1Lo
                0x8000f5ac       0x38 C:/devkitPro/libogc/lib/wii\libogc.a(system.o)
                0x8000f5ac                SYS_GetArena1Lo
 .text.SYS_GetArena1Hi
                0x8000f5e4       0x38 C:/devkitPro/libogc/lib/wii\libogc.a(system.o)
                0x8000f5e4                SYS_GetArena1Hi
 .text.SYS_SetArena2Lo
                0x8000f61c       0x38 C:/devkitPro/libogc/lib/wii\libogc.a(system.o)
                0x8000f61c                SYS_SetArena2Lo
 .text.SYS_GetArena2Lo
                0x8000f654       0x38 C:/devkitPro/libogc/lib/wii\libogc.a(system.o)
                0x8000f654                SYS_GetArena2Lo
 .text.SYS_GetArena2Hi
                0x8000f68c       0x38 C:/devkitPro/libogc/lib/wii\libogc.a(system.o)
                0x8000f68c                SYS_GetArena2Hi
 .text.SYS_AllocateFramebuffer
                0x8000f6c4       0x28 C:/devkitPro/libogc/lib/wii\libogc.a(system.o)
                0x8000f6c4                SYS_AllocateFramebuffer
 .text.SYS_CreateAlarm
                0x8000f6ec       0xf0 C:/devkitPro/libogc/lib/wii\libogc.a(system.o)
                0x8000f6ec                SYS_CreateAlarm
 .text.SYS_SetAlarm
                0x8000f7dc      0x1e0 C:/devkitPro/libogc/lib/wii\libogc.a(system.o)
                0x8000f7dc                SYS_SetAlarm
 .text.SYS_CancelAlarm
                0x8000f9bc       0xbc C:/devkitPro/libogc/lib/wii\libogc.a(system.o)
                0x8000f9bc                SYS_CancelAlarm
 .text.SYS_GetWirelessID
                0x8000fa78       0x94 C:/devkitPro/libogc/lib/wii\libogc.a(system.o)
                0x8000fa78                SYS_GetWirelessID
 .text.SYS_SetWirelessID
                0x8000fb0c       0x90 C:/devkitPro/libogc/lib/wii\libogc.a(system.o)
                0x8000fb0c                SYS_SetWirelessID
 .text.SYS_SetGBSMode
                0x8000fb9c       0xa8 C:/devkitPro/libogc/lib/wii\libogc.a(system.o)
                0x8000fb9c                SYS_SetGBSMode
 .text.__sram_init
                0x8000fc44      0x1b8 C:/devkitPro/libogc/lib/wii\libogc.a(system.o)
                0x8000fc44                __sram_init
 .text.SYS_Init
                0x8000fdfc      0x5e8 C:/devkitPro/libogc/lib/wii\libogc.a(system.o)
                0x8000fdfc                SYS_Init
 .text.SYS_GetHollywoodRevision
                0x800103e4       0x3c C:/devkitPro/libogc/lib/wii\libogc.a(system.o)
                0x800103e4                SYS_GetHollywoodRevision
 .text.SYS_Time
                0x80010420       0x78 C:/devkitPro/libogc/lib/wii\libogc.a(system.o)
                0x80010420                SYS_Time
 .text.__lwp_cond_init
                0x80010498       0x14 C:/devkitPro/libogc/lib/wii\libogc.a(cond.o)
                0x80010498                __lwp_cond_init
 .text.__decrementer_init
                0x800104ac        0x4 C:/devkitPro/libogc/lib/wii\libogc.a(decrementer.o)
                0x800104ac                __decrementer_init
 .text.c_decrementer_handler
                0x800104b0        0xc C:/devkitPro/libogc/lib/wii\libogc.a(decrementer.o)
                0x800104b0                c_decrementer_handler
 .text.__lwp_mqbox_init
                0x800104bc       0x14 C:/devkitPro/libogc/lib/wii\libogc.a(message.o)
                0x800104bc                __lwp_mqbox_init
 .text.__si_transfer
                0x800104d0      0x1a4 C:/devkitPro/libogc/lib/wii\libogc.a(si.o)
 .text.__si_alarmhandler
                0x80010674       0xdc C:/devkitPro/libogc/lib/wii\libogc.a(si.o)
 .text.__si_completetransfer
                0x80010750      0x1fc C:/devkitPro/libogc/lib/wii\libogc.a(si.o)
 .text.__si_transfernext
                0x8001094c       0xe0 C:/devkitPro/libogc/lib/wii\libogc.a(si.o)
 .text.SI_Busy  0x80010a2c       0x18 C:/devkitPro/libogc/lib/wii\libogc.a(si.o)
                0x80010a2c                SI_Busy
 .text.SI_IsChanBusy
                0x80010a44       0x38 C:/devkitPro/libogc/lib/wii\libogc.a(si.o)
                0x80010a44                SI_IsChanBusy
 .text.SI_SetXY
                0x80010a7c       0x64 C:/devkitPro/libogc/lib/wii\libogc.a(si.o)
                0x80010a7c                SI_SetXY
 .text.SI_EnablePolling
                0x80010ae0       0x80 C:/devkitPro/libogc/lib/wii\libogc.a(si.o)
                0x80010ae0                SI_EnablePolling
 .text.SI_DisablePolling
                0x80010b60       0x58 C:/devkitPro/libogc/lib/wii\libogc.a(si.o)
                0x80010b60                SI_DisablePolling
 .text.SI_SetSamplingRate
                0x80010bb8       0xd8 C:/devkitPro/libogc/lib/wii\libogc.a(si.o)
                0x80010bb8                SI_SetSamplingRate
 .text.SI_RefreshSamplingRate
                0x80010c90        0x8 C:/devkitPro/libogc/lib/wii\libogc.a(si.o)
                0x80010c90                SI_RefreshSamplingRate
 .text.SI_GetStatus
                0x80010c98       0x78 C:/devkitPro/libogc/lib/wii\libogc.a(si.o)
                0x80010c98                SI_GetStatus
 .text.SI_GetResponseRaw
                0x80010d10       0xe8 C:/devkitPro/libogc/lib/wii\libogc.a(si.o)
                0x80010d10                SI_GetResponseRaw
 .text.SI_GetResponse
                0x80010df8       0xb8 C:/devkitPro/libogc/lib/wii\libogc.a(si.o)
                0x80010df8                SI_GetResponse
 .text.SI_SetCommand
                0x80010eb0       0x10 C:/devkitPro/libogc/lib/wii\libogc.a(si.o)
                0x80010eb0                SI_SetCommand
 .text.SI_Transfer
                0x80010ec0      0x26c C:/devkitPro/libogc/lib/wii\libogc.a(si.o)
                0x80010ec0                SI_Transfer
 .text.__si_gettypecallback
                0x8001112c      0x2c0 C:/devkitPro/libogc/lib/wii\libogc.a(si.o)
 .text.__si_interrupthandler
                0x800113ec      0x268 C:/devkitPro/libogc/lib/wii\libogc.a(si.o)
 .text.SI_GetType
                0x80011654      0x1f4 C:/devkitPro/libogc/lib/wii\libogc.a(si.o)
                0x80011654                SI_GetType
 .text.SI_GetTypeAsync
                0x80011848      0x138 C:/devkitPro/libogc/lib/wii\libogc.a(si.o)
                0x80011848                SI_GetTypeAsync
 .text.SI_EnablePollingInterrupt
                0x80011980       0x8c C:/devkitPro/libogc/lib/wii\libogc.a(si.o)
                0x80011980                SI_EnablePollingInterrupt
 .text.SI_UnregisterPollingHandler
                0x80011a0c       0xe0 C:/devkitPro/libogc/lib/wii\libogc.a(si.o)
                0x80011a0c                SI_UnregisterPollingHandler
 .text.__si_init
                0x80011aec       0xe8 C:/devkitPro/libogc/lib/wii\libogc.a(si.o)
                0x80011aec                __si_init
 .text.__ipc_sendrequest
                0x80011bd4      0x104 C:/devkitPro/libogc/lib/wii\libogc.a(ipc.o)
 .text.__ipc_syncrequest
                0x80011cd8       0xe4 C:/devkitPro/libogc/lib/wii\libogc.a(ipc.o)
 .text.__ioctlvfmtCB
                0x80011dbc      0x158 C:/devkitPro/libogc/lib/wii\libogc.a(ipc.o)
 .text.__ios_ioctlvformat_parse
                0x80011f14      0x820 C:/devkitPro/libogc/lib/wii\libogc.a(ipc.o)
 .text.__ipc_asyncrequest
                0x80012734      0x13c C:/devkitPro/libogc/lib/wii\libogc.a(ipc.o)
 .text.__ipc_interrupthandler
                0x80012870      0x34c C:/devkitPro/libogc/lib/wii\libogc.a(ipc.o)
 .text.iosCreateHeap
                0x80012bbc      0x130 C:/devkitPro/libogc/lib/wii\libogc.a(ipc.o)
                0x80012bbc                iosCreateHeap
 .text.__IPC_ClntInit
                0x80012cec       0xc8 C:/devkitPro/libogc/lib/wii\libogc.a(ipc.o)
                0x80012cec                __IPC_ClntInit
 .text.IOS_Open
                0x80012db4      0x110 C:/devkitPro/libogc/lib/wii\libogc.a(ipc.o)
                0x80012db4                IOS_Open
 .text.IOS_Close
                0x80012ec4       0xf0 C:/devkitPro/libogc/lib/wii\libogc.a(ipc.o)
                0x80012ec4                IOS_Close
 .text.IOS_Read
                0x80012fb4      0x10c C:/devkitPro/libogc/lib/wii\libogc.a(ipc.o)
                0x80012fb4                IOS_Read
 .text.IOS_Write
                0x800130c0      0x10c C:/devkitPro/libogc/lib/wii\libogc.a(ipc.o)
                0x800130c0                IOS_Write
 .text.IOS_Ioctl
                0x800131cc      0x158 C:/devkitPro/libogc/lib/wii\libogc.a(ipc.o)
                0x800131cc                IOS_Ioctl
 .text.IOS_IoctlAsync
                0x80013324      0x148 C:/devkitPro/libogc/lib/wii\libogc.a(ipc.o)
                0x80013324                IOS_IoctlAsync
 .text.IOS_Ioctlv
                0x8001346c      0x1f0 C:/devkitPro/libogc/lib/wii\libogc.a(ipc.o)
                0x8001346c                IOS_Ioctlv
 .text.IOS_IoctlvFormat
                0x8001365c      0x16c C:/devkitPro/libogc/lib/wii\libogc.a(ipc.o)
                0x8001365c                IOS_IoctlvFormat
 .text.IOS_IoctlvReboot
                0x800137c8      0x1f4 C:/devkitPro/libogc/lib/wii\libogc.a(ipc.o)
                0x800137c8                IOS_IoctlvReboot
 .text.gettick  0x800139bc        0x8 C:/devkitPro/libogc/lib/wii\libogc.a(timesupp.o)
                0x800139bc                gettick
 .text.gettime  0x800139c4       0x18 C:/devkitPro/libogc/lib/wii\libogc.a(timesupp.o)
                0x800139c4                gettime
 .text.settime  0x800139dc       0x14 C:/devkitPro/libogc/lib/wii\libogc.a(timesupp.o)
                0x800139dc                settime
 .text.diff_usec
                0x800139f0       0x88 C:/devkitPro/libogc/lib/wii\libogc.a(timesupp.o)
                0x800139f0                diff_usec
 .text.__timesystem_init
                0x80013a78       0x1c C:/devkitPro/libogc/lib/wii\libogc.a(timesupp.o)
                0x80013a78                __timesystem_init
 .text.udelay   0x80013a94       0xac C:/devkitPro/libogc/lib/wii\libogc.a(timesupp.o)
                0x80013a94                udelay
 .text.__syscall_lock_init
                0x80013b40       0x6c C:/devkitPro/libogc/lib/wii\libogc.a(lock_supp.o)
                0x80013b40                __syscall_lock_init
 .text.__syscall_lock_init_recursive
                0x80013bac       0x6c C:/devkitPro/libogc/lib/wii\libogc.a(lock_supp.o)
                0x80013bac                __syscall_lock_init_recursive
 .text.__syscall_lock_close
                0x80013c18       0x68 C:/devkitPro/libogc/lib/wii\libogc.a(lock_supp.o)
                0x80013c18                __syscall_lock_close
 .text.__syscall_lock_acquire
                0x80013c80       0x18 C:/devkitPro/libogc/lib/wii\libogc.a(lock_supp.o)
                0x80013c80                __syscall_lock_acquire
 .text.__syscall_lock_release
                0x80013c98       0x18 C:/devkitPro/libogc/lib/wii\libogc.a(lock_supp.o)
                0x80013c98                __syscall_lock_release
 .text.__usbgecko_exi_unlock
                0x80013cb0       0x34 C:/devkitPro/libogc/lib/wii\libogc.a(usbgecko.o)
 .text.usb_isgeckoalive
                0x80013ce4      0x1bc C:/devkitPro/libogc/lib/wii\libogc.a(usbgecko.o)
                0x80013ce4                usb_isgeckoalive
 .text.usb_sendbuffer_ex
                0x80013ea0      0x214 C:/devkitPro/libogc/lib/wii\libogc.a(usbgecko.o)
                0x80013ea0                usb_sendbuffer_ex
 .text.usb_sendbuffer
                0x800140b4        0x8 C:/devkitPro/libogc/lib/wii\libogc.a(usbgecko.o)
                0x800140b4                usb_sendbuffer
 .text.usb_sendbuffer_safe_ex
                0x800140bc      0x2a8 C:/devkitPro/libogc/lib/wii\libogc.a(usbgecko.o)
                0x800140bc                usb_sendbuffer_safe_ex
 .text.usb_sendbuffer_safe
                0x80014364        0x8 C:/devkitPro/libogc/lib/wii\libogc.a(usbgecko.o)
                0x80014364                usb_sendbuffer_safe
 .text._sbrk_r  0x8001436c      0x28c C:/devkitPro/libogc/lib/wii\libogc.a(sbrk.o)
                0x8001436c                _sbrk_r
 .text.__memlock_init
                0x800145f8       0x7c C:/devkitPro/libogc/lib/wii\libogc.a(malloc_lock.o)
                0x800145f8                __memlock_init
 .text.__libogc_malloc_lock
                0x80014674      0x1fc C:/devkitPro/libogc/lib/wii\libogc.a(malloc_lock.o)
                0x80014674                __libogc_malloc_lock
 .text.__libogc_malloc_unlock
                0x80014870       0x64 C:/devkitPro/libogc/lib/wii\libogc.a(malloc_lock.o)
                0x80014870                __libogc_malloc_unlock
 .text.__STM_SetEventHook
                0x800148d4       0xb0 C:/devkitPro/libogc/lib/wii\libogc.a(stm.o)
                0x800148d4                __STM_SetEventHook
 .text.__STM_Init
                0x80014984       0x8c C:/devkitPro/libogc/lib/wii\libogc.a(stm.o)
                0x80014984                __STM_Init
 .text.__STMEventHandler
                0x80014a10       0x64 C:/devkitPro/libogc/lib/wii\libogc.a(stm.o)
 .text.__STM_ReleaseEventHook
                0x80014a74       0x80 C:/devkitPro/libogc/lib/wii\libogc.a(stm.o)
                0x80014a74                __STM_ReleaseEventHook
 .text.__STM_Close
                0x80014af4       0xac C:/devkitPro/libogc/lib/wii\libogc.a(stm.o)
                0x80014af4                __STM_Close
 .text.STM_RegisterEventHandler
                0x80014ba0       0x10 C:/devkitPro/libogc/lib/wii\libogc.a(stm.o)
                0x80014ba0                STM_RegisterEventHandler
 .text.STM_ShutdownToStandby
                0x80014bb0       0x50 C:/devkitPro/libogc/lib/wii\libogc.a(stm.o)
                0x80014bb0                STM_ShutdownToStandby
 .text.STM_ShutdownToIdle
                0x80014c00       0x70 C:/devkitPro/libogc/lib/wii\libogc.a(stm.o)
                0x80014c00                STM_ShutdownToIdle
 .text.STM_SetLedMode
                0x80014c70       0x40 C:/devkitPro/libogc/lib/wii\libogc.a(stm.o)
                0x80014c70                STM_SetLedMode
 .text.STM_RebootSystem
                0x80014cb0       0x50 C:/devkitPro/libogc/lib/wii\libogc.a(stm.o)
                0x80014cb0                STM_RebootSystem
 .text.__IOS_InitializeSubsystems
                0x80014d00       0x44 C:/devkitPro/libogc/lib/wii\libogc.a(ios.o)
                0x80014d00                __IOS_InitializeSubsystems
 .text.__IOS_ShutdownSubsystems
                0x80014d44       0x44 C:/devkitPro/libogc/lib/wii\libogc.a(ios.o)
                0x80014d44                __IOS_ShutdownSubsystems
 .text.__IOS_LoadStartupIOS
                0x80014d88        0x8 C:/devkitPro/libogc/lib/wii\libogc.a(ios.o)
                0x80014d88                __IOS_LoadStartupIOS
 .text._ES_fstat_r
                0x80014d90      0x120 C:/devkitPro/libogc/lib/wii\libogc.a(es.o)
 .text._ES_seek_r
                0x80014eb0       0xdc C:/devkitPro/libogc/lib/wii\libogc.a(es.o)
 .text._ES_close_r
                0x80014f8c       0xac C:/devkitPro/libogc/lib/wii\libogc.a(es.o)
 .text.__ES_Init
                0x80015038       0x78 C:/devkitPro/libogc/lib/wii\libogc.a(es.o)
                0x80015038                __ES_Init
 .text.__ES_Close
                0x800150b0       0x54 C:/devkitPro/libogc/lib/wii\libogc.a(es.o)
                0x800150b0                __ES_Close
 .text.ES_GetTitleID
                0x80015104       0x94 C:/devkitPro/libogc/lib/wii\libogc.a(es.o)
                0x80015104                ES_GetTitleID
 .text.ES_LaunchTitle
                0x80015198       0xa4 C:/devkitPro/libogc/lib/wii\libogc.a(es.o)
                0x80015198                ES_LaunchTitle
 .text.ES_GetNumTicketViews
                0x8001523c       0x98 C:/devkitPro/libogc/lib/wii\libogc.a(es.o)
                0x8001523c                ES_GetNumTicketViews
 .text.ES_GetTicketViews
                0x800152d4       0x8c C:/devkitPro/libogc/lib/wii\libogc.a(es.o)
                0x800152d4                ES_GetTicketViews
 .text.ES_GetStoredTMD
                0x80015360       0x90 C:/devkitPro/libogc/lib/wii\libogc.a(es.o)
                0x80015360                ES_GetStoredTMD
 .text._ES_decodepath
                0x800153f0      0x440 C:/devkitPro/libogc/lib/wii\libogc.a(es.o)
 .text._ES_stat_r
                0x80015830       0xf4 C:/devkitPro/libogc/lib/wii\libogc.a(es.o)
 .text._ES_open_r
                0x80015924      0x1d0 C:/devkitPro/libogc/lib/wii\libogc.a(es.o)
 .text.ES_ReadContent
                0x80015af4       0x6c C:/devkitPro/libogc/lib/wii\libogc.a(es.o)
                0x80015af4                ES_ReadContent
 .text._ES_read_r
                0x80015b60      0x17c C:/devkitPro/libogc/lib/wii\libogc.a(es.o)
 .text.__CheckARGV
                0x80015cdc       0x80 C:/devkitPro/libogc/lib/wii\libogc.a(argv.o)
                0x80015cdc                __CheckARGV
 .text.CONF_Init
                0x80015d5c      0x184 C:/devkitPro/libogc/lib/wii\libogc.a(conf.o)
                0x80015d5c                CONF_Init
 .text.__CONF_GetTxt
                0x80015ee0      0x208 C:/devkitPro/libogc/lib/wii\libogc.a(conf.o)
                0x80015ee0                __CONF_GetTxt
 .text.__CONF_Find
                0x800160e8       0xfc C:/devkitPro/libogc/lib/wii\libogc.a(conf.o)
                0x800160e8                __CONF_Find
 .text.CONF_GetLength
                0x800161e4      0x12c C:/devkitPro/libogc/lib/wii\libogc.a(conf.o)
                0x800161e4                CONF_GetLength
 .text.CONF_Get
                0x80016310      0x140 C:/devkitPro/libogc/lib/wii\libogc.a(conf.o)
                0x80016310                CONF_Get
 .text.CONF_GetShutdownMode
                0x80016450       0x54 C:/devkitPro/libogc/lib/wii\libogc.a(conf.o)
                0x80016450                CONF_GetShutdownMode
 .text.CONF_GetIdleLedMode
                0x800164a4       0x54 C:/devkitPro/libogc/lib/wii\libogc.a(conf.o)
                0x800164a4                CONF_GetIdleLedMode
 .text.CONF_GetProgressiveScan
                0x800164f8       0x54 C:/devkitPro/libogc/lib/wii\libogc.a(conf.o)
                0x800164f8                CONF_GetProgressiveScan
 .text.CONF_GetEuRGB60
                0x8001654c       0x54 C:/devkitPro/libogc/lib/wii\libogc.a(conf.o)
                0x8001654c                CONF_GetEuRGB60
 .text.CONF_GetCounterBias
                0x800165a0       0x4c C:/devkitPro/libogc/lib/wii\libogc.a(conf.o)
                0x800165a0                CONF_GetCounterBias
 .text.CONF_GetDisplayOffsetH
                0x800165ec       0x4c C:/devkitPro/libogc/lib/wii\libogc.a(conf.o)
                0x800165ec                CONF_GetDisplayOffsetH
 .text.CONF_GetVideo
                0x80016638       0x88 C:/devkitPro/libogc/lib/wii\libogc.a(conf.o)
                0x80016638                CONF_GetVideo
 .text.__WII_WriteNANDBootInfo.isra.0
                0x800166c0       0xbc C:/devkitPro/libogc/lib/wii\libogc.a(wiilaunch.o)
 .text.__WII_WriteStateFlags.isra.0
                0x8001677c       0x94 C:/devkitPro/libogc/lib/wii\libogc.a(wiilaunch.o)
 .text.WII_Initialize
                0x80016810      0x188 C:/devkitPro/libogc/lib/wii\libogc.a(wiilaunch.o)
                0x80016810                WII_Initialize
 .text.WII_LaunchTitle
                0x80016998      0x1ac C:/devkitPro/libogc/lib/wii\libogc.a(wiilaunch.o)
                0x80016998                WII_LaunchTitle
 .text.WII_ReturnToMenu
                0x80016b44       0x58 C:/devkitPro/libogc/lib/wii\libogc.a(wiilaunch.o)
                0x80016b44                WII_ReturnToMenu
 .text.__lwp_priority_init
                0x80016b9c       0x1c C:/devkitPro/libogc/lib/wii\libogc.a(lwp_priority.o)
                0x80016b9c                __lwp_priority_init
 .text.__lwp_threadqueue_enqueuefifo
                0x80016bb8      0x12c C:/devkitPro/libogc/lib/wii\libogc.a(lwp_threadq.o)
                0x80016bb8                __lwp_threadqueue_enqueuefifo
 .text.__lwp_threadqueue_dequeuefifo
                0x80016ce4      0x134 C:/devkitPro/libogc/lib/wii\libogc.a(lwp_threadq.o)
                0x80016ce4                __lwp_threadqueue_dequeuefifo
 .text.__lwp_threadqueue_enqueuepriority
                0x80016e18      0x334 C:/devkitPro/libogc/lib/wii\libogc.a(lwp_threadq.o)
                0x80016e18                __lwp_threadqueue_enqueuepriority
 .text.__lwp_threadqueue_dequeuepriority
                0x8001714c      0x1d8 C:/devkitPro/libogc/lib/wii\libogc.a(lwp_threadq.o)
                0x8001714c                __lwp_threadqueue_dequeuepriority
 .text.__lwp_threadqueue_init
                0x80017324       0x64 C:/devkitPro/libogc/lib/wii\libogc.a(lwp_threadq.o)
                0x80017324                __lwp_threadqueue_init
 .text.__lwp_threadqueue_enqueue
                0x80017388      0x138 C:/devkitPro/libogc/lib/wii\libogc.a(lwp_threadq.o)
                0x80017388                __lwp_threadqueue_enqueue
 .text.__lwp_threadqueue_dequeue
                0x800174c0       0x24 C:/devkitPro/libogc/lib/wii\libogc.a(lwp_threadq.o)
                0x800174c0                __lwp_threadqueue_dequeue
 .text.__lwp_threadqueue_flush
                0x800174e4       0x68 C:/devkitPro/libogc/lib/wii\libogc.a(lwp_threadq.o)
                0x800174e4                __lwp_threadqueue_flush
 .text.__lwp_threadqueue_extractfifo
                0x8001754c       0xe8 C:/devkitPro/libogc/lib/wii\libogc.a(lwp_threadq.o)
                0x8001754c                __lwp_threadqueue_extractfifo
 .text.__lwp_threadqueue_extractpriority
                0x80017634      0x148 C:/devkitPro/libogc/lib/wii\libogc.a(lwp_threadq.o)
                0x80017634                __lwp_threadqueue_extractpriority
 .text.__lwp_threadqueue_timeout
                0x8001777c       0xd0 C:/devkitPro/libogc/lib/wii\libogc.a(lwp_threadq.o)
 .text.__lwp_threadqueue_extractproxy
                0x8001784c       0x64 C:/devkitPro/libogc/lib/wii\libogc.a(lwp_threadq.o)
                0x8001784c                __lwp_threadqueue_extractproxy
 .text.__lwp_mutex_initialize
                0x800178b0       0xa4 C:/devkitPro/libogc/lib/wii\libogc.a(lwp_mutex.o)
                0x800178b0                __lwp_mutex_initialize
 .text.__lwp_mutex_surrender
                0x80017954      0x14c C:/devkitPro/libogc/lib/wii\libogc.a(lwp_mutex.o)
                0x80017954                __lwp_mutex_surrender
 .text.__lwp_mutex_seize_irq_blocking
                0x80017aa0       0xf8 C:/devkitPro/libogc/lib/wii\libogc.a(lwp_mutex.o)
                0x80017aa0                __lwp_mutex_seize_irq_blocking
 .text.__lwp_mutex_flush
                0x80017b98        0x4 C:/devkitPro/libogc/lib/wii\libogc.a(lwp_mutex.o)
                0x80017b98                __lwp_mutex_flush
 .text.__systemcall_init
                0x80017b9c       0x70 C:/devkitPro/libogc/lib/wii\libogc.a(exception.o)
                0x80017b9c                __systemcall_init
 .text.__exception_init
                0x80017c0c      0x120 C:/devkitPro/libogc/lib/wii\libogc.a(exception.o)
                0x80017c0c                __exception_init
 .text.__exception_close
                0x80017d2c       0xac C:/devkitPro/libogc/lib/wii\libogc.a(exception.o)
                0x80017d2c                __exception_close
 .text.__exception_closeall
                0x80017dd8       0x80 C:/devkitPro/libogc/lib/wii\libogc.a(exception.o)
                0x80017dd8                __exception_closeall
 .text.c_default_exceptionhandler
                0x80017e58      0x458 C:/devkitPro/libogc/lib/wii\libogc.a(exception.o)
                0x80017e58                c_default_exceptionhandler
 .text.__lwp_sema_init
                0x800182b0       0x14 C:/devkitPro/libogc/lib/wii\libogc.a(semaphore.o)
                0x800182b0                __lwp_sema_init
 .text.__exi_irq_handler
                0x800182c4       0x58 C:/devkitPro/libogc/lib/wii\libogc.a(exi.o)
 .text.__ext_irq_handler
                0x8001831c       0xc8 C:/devkitPro/libogc/lib/wii\libogc.a(exi.o)
 .text.__tc_irq_handler
                0x800183e4      0x178 C:/devkitPro/libogc/lib/wii\libogc.a(exi.o)
 .text.__exi_probe
                0x8001855c      0x214 C:/devkitPro/libogc/lib/wii\libogc.a(exi.o)
 .text.__exi_attach
                0x80018770      0x104 C:/devkitPro/libogc/lib/wii\libogc.a(exi.o)
 .text.EXI_Lock
                0x80018874      0x218 C:/devkitPro/libogc/lib/wii\libogc.a(exi.o)
                0x80018874                EXI_Lock
 .text.EXI_Unlock
                0x80018a8c      0x224 C:/devkitPro/libogc/lib/wii\libogc.a(exi.o)
                0x80018a8c                EXI_Unlock
 .text.EXI_Select
                0x80018cb0      0x208 C:/devkitPro/libogc/lib/wii\libogc.a(exi.o)
                0x80018cb0                EXI_Select
 .text.EXI_Deselect
                0x80018eb8      0x16c C:/devkitPro/libogc/lib/wii\libogc.a(exi.o)
                0x80018eb8                EXI_Deselect
 .text.EXI_Sync
                0x80019024      0x108 C:/devkitPro/libogc/lib/wii\libogc.a(exi.o)
                0x80019024                EXI_Sync
 .text.EXI_Imm  0x8001912c      0x1f8 C:/devkitPro/libogc/lib/wii\libogc.a(exi.o)
                0x8001912c                EXI_Imm
 .text.EXI_ImmEx
                0x80019324       0xd8 C:/devkitPro/libogc/lib/wii\libogc.a(exi.o)
                0x80019324                EXI_ImmEx
 .text.EXI_Dma  0x800193fc      0x16c C:/devkitPro/libogc/lib/wii\libogc.a(exi.o)
                0x800193fc                EXI_Dma
 .text.EXI_Detach
                0x80019568       0xb0 C:/devkitPro/libogc/lib/wii\libogc.a(exi.o)
                0x80019568                EXI_Detach
 .text.EXI_GetID
                0x80019618      0x338 C:/devkitPro/libogc/lib/wii\libogc.a(exi.o)
                0x80019618                EXI_GetID
 .text.__unlocked_handler
                0x80019950       0x28 C:/devkitPro/libogc/lib/wii\libogc.a(exi.o)
 .text.EXI_ProbeReset
                0x80019978       0x70 C:/devkitPro/libogc/lib/wii\libogc.a(exi.o)
                0x80019978                EXI_ProbeReset
 .text.__exi_init
                0x800199e8      0x188 C:/devkitPro/libogc/lib/wii\libogc.a(exi.o)
                0x800199e8                __exi_init
 .text.__lwp_mutex_locksupp.constprop.0
                0x80019b70      0x2a8 C:/devkitPro/libogc/lib/wii\libogc.a(mutex.o)
 .text.__lwp_mutex_init
                0x80019e18       0x14 C:/devkitPro/libogc/lib/wii\libogc.a(mutex.o)
                0x80019e18                __lwp_mutex_init
 .text.LWP_MutexInit
                0x80019e2c      0x100 C:/devkitPro/libogc/lib/wii\libogc.a(mutex.o)
                0x80019e2c                LWP_MutexInit
 .text.LWP_MutexDestroy
                0x80019f2c       0xf0 C:/devkitPro/libogc/lib/wii\libogc.a(mutex.o)
                0x80019f2c                LWP_MutexDestroy
 .text.LWP_MutexLock
                0x8001a01c        0x8 C:/devkitPro/libogc/lib/wii\libogc.a(mutex.o)
                0x8001a01c                LWP_MutexLock
 .text.LWP_MutexUnlock
                0x8001a024       0x9c C:/devkitPro/libogc/lib/wii\libogc.a(mutex.o)
                0x8001a024                LWP_MutexUnlock
 .text.__GX_InitRevBits
                0x8001a0c0       0x98 C:/devkitPro/libogc/lib/wii\libogc.a(gx.o)
 .text.GX_AbortFrame
                0x8001a158      0x3d8 C:/devkitPro/libogc/lib/wii\libogc.a(gx.o)
                0x8001a158                GX_AbortFrame
 .text.number   0x8001a530      0x318 C:/devkitPro/libogc/lib/wii\libogc.a(kprintf.o)
 .text.kvsprintf
                0x8001a848      0x888 C:/devkitPro/libogc/lib/wii\libogc.a(kprintf.o)
                0x8001a848                kvsprintf
 .text.kprintf  0x8001b0d0       0xac C:/devkitPro/libogc/lib/wii\libogc.a(kprintf.o)
                0x8001b0d0                kprintf
 .text.net_wc24cleanup
                0x8001b17c       0x64 C:/devkitPro/libogc/lib/wii\libogc.a(network_wii.o)
                0x8001b17c                net_wc24cleanup
 .text.atanf    0x8001b1e0      0x290 C:/devkitPro/devkitPPC/bin/../lib/gcc/powerpc-eabi/13.1.0/../../../../powerpc-eabi/lib\libm.a(libm_a-sf_atan.o)
                0x8001b1e0                atanf
 .text.atan2    0x8001b470        0x4 C:/devkitPro/devkitPPC/bin/../lib/gcc/powerpc-eabi/13.1.0/../../../../powerpc-eabi/lib\libm.a(libm_a-w_atan2.o)
                0x8001b470                atan2
 .text.fabsf    0x8001b474       0x20 C:/devkitPro/devkitPPC/bin/../lib/gcc/powerpc-eabi/13.1.0/../../../../powerpc-eabi/lib\libm.a(libm_a-sf_fabs.o)
                0x8001b474                fabsf
 .text.cosf     0x8001b494       0xe0 C:/devkitPro/devkitPPC/bin/../lib/gcc/powerpc-eabi/13.1.0/../../../../powerpc-eabi/lib\libm.a(libm_a-sf_cos.o)
                0x8001b494                cosf
 .text.sqrtf    0x8001b574       0x74 C:/devkitPro/devkitPPC/bin/../lib/gcc/powerpc-eabi/13.1.0/../../../../powerpc-eabi/lib\libm.a(libm_a-wf_sqrt.o)
                0x8001b574                sqrtf
 .text.hypotf   0x8001b5e8       0x8c C:/devkitPro/devkitPPC/bin/../lib/gcc/powerpc-eabi/13.1.0/../../../../powerpc-eabi/lib\libm.a(libm_a-wf_hypot.o)
                0x8001b5e8                hypotf
 .text.atan2f   0x8001b674        0x4 C:/devkitPro/devkitPPC/bin/../lib/gcc/powerpc-eabi/13.1.0/../../../../powerpc-eabi/lib\libm.a(libm_a-wf_atan2.o)
                0x8001b674                atan2f
 .text.__ieee754_hypotf
                0x8001b678      0x214 C:/devkitPro/devkitPPC/bin/../lib/gcc/powerpc-eabi/13.1.0/../../../../powerpc-eabi/lib\libm.a(libm_a-ef_hypot.o)
                0x8001b678                __ieee754_hypotf
 .text.__kernel_cosf
                0x8001b88c      0x188 C:/devkitPro/devkitPPC/bin/../lib/gcc/powerpc-eabi/13.1.0/../../../../powerpc-eabi/lib\libm.a(libm_a-kf_cos.o)
                0x8001b88c                __kernel_cosf
 .text.sincos   0x8001ba14       0x58 C:/devkitPro/devkitPPC/bin/../lib/gcc/powerpc-eabi/13.1.0/../../../../powerpc-eabi/lib\libm.a(libm_a-w_sincos.o)
                0x8001ba14                sincos
 .text.__ieee754_atan2
                0x8001ba6c      0x2b4 C:/devkitPro/devkitPPC/bin/../lib/gcc/powerpc-eabi/13.1.0/../../../../powerpc-eabi/lib\libm.a(libm_a-e_atan2.o)
                0x8001ba6c                __ieee754_atan2
 .text.finitef  0x8001bd20       0x2c C:/devkitPro/devkitPPC/bin/../lib/gcc/powerpc-eabi/13.1.0/../../../../powerpc-eabi/lib\libm.a(libm_a-sf_finite.o)
                0x8001bd20                finitef
 .text.sincosf  0x8001bd4c       0x58 C:/devkitPro/devkitPPC/bin/../lib/gcc/powerpc-eabi/13.1.0/../../../../powerpc-eabi/lib\libm.a(libm_a-wf_sincos.o)
                0x8001bd4c                sincosf
 .text.atan     0x8001bda4      0x2ac C:/devkitPro/devkitPPC/bin/../lib/gcc/powerpc-eabi/13.1.0/../../../../powerpc-eabi/lib\libm.a(libm_a-s_atan.o)
                0x8001bda4                atan
 .text.__ieee754_sqrtf
                0x8001c050      0x158 C:/devkitPro/devkitPPC/bin/../lib/gcc/powerpc-eabi/13.1.0/../../../../powerpc-eabi/lib\libm.a(libm_a-ef_sqrt.o)
                0x8001c050                __ieee754_sqrtf
 .text.__ieee754_atan2f
                0x8001c1a8      0x270 C:/devkitPro/devkitPPC/bin/../lib/gcc/powerpc-eabi/13.1.0/../../../../powerpc-eabi/lib\libm.a(libm_a-ef_atan2.o)
                0x8001c1a8                __ieee754_atan2f
 .text.__kernel_sinf
                0x8001c418       0xcc C:/devkitPro/devkitPPC/bin/../lib/gcc/powerpc-eabi/13.1.0/../../../../powerpc-eabi/lib\libm.a(libm_a-kf_sin.o)
                0x8001c418                __kernel_sinf
 .text.sin      0x8001c4e4       0xe0 C:/devkitPro/devkitPPC/bin/../lib/gcc/powerpc-eabi/13.1.0/../../../../powerpc-eabi/lib\libm.a(libm_a-s_sin.o)
                0x8001c4e4                sin
 .text.fabs     0x8001c5c4       0x28 C:/devkitPro/devkitPPC/bin/../lib/gcc/powerpc-eabi/13.1.0/../../../../powerpc-eabi/lib\libm.a(libm_a-s_fabs.o)
                0x8001c5c4                fabs
 .text.__ieee754_rem_pio2f
                0x8001c5ec      0x418 C:/devkitPro/devkitPPC/bin/../lib/gcc/powerpc-eabi/13.1.0/../../../../powerpc-eabi/lib\libm.a(libm_a-ef_rem_pio2.o)
                0x8001c5ec                __ieee754_rem_pio2f
 .text.__kernel_rem_pio2f
                0x8001ca04      0xee0 C:/devkitPro/devkitPPC/bin/../lib/gcc/powerpc-eabi/13.1.0/../../../../powerpc-eabi/lib\libm.a(libm_a-kf_rem_pio2.o)
                0x8001ca04                __kernel_rem_pio2f
 .text.__ieee754_rem_pio2
                0x8001d8e4      0x3e8 C:/devkitPro/devkitPPC/bin/../lib/gcc/powerpc-eabi/13.1.0/../../../../powerpc-eabi/lib\libm.a(libm_a-e_rem_pio2.o)
                0x8001d8e4                __ieee754_rem_pio2
 .text.floorf   0x8001dccc      0x110 C:/devkitPro/devkitPPC/bin/../lib/gcc/powerpc-eabi/13.1.0/../../../../powerpc-eabi/lib\libm.a(libm_a-sf_floor.o)
                0x8001dccc                floorf
 .text.__kernel_rem_pio2
                0x8001dddc      0xeb0 C:/devkitPro/devkitPPC/bin/../lib/gcc/powerpc-eabi/13.1.0/../../../../powerpc-eabi/lib\libm.a(libm_a-k_rem_pio2.o)
                0x8001dddc                __kernel_rem_pio2
 .text.scalbn   0x8001ec8c      0x194 C:/devkitPro/devkitPPC/bin/../lib/gcc/powerpc-eabi/13.1.0/../../../../powerpc-eabi/lib\libm.a(libm_a-s_scalbn.o)
                0x8001ec8c                scalbn
 .text.scalbnf  0x8001ee20      0x174 C:/devkitPro/devkitPPC/bin/../lib/gcc/powerpc-eabi/13.1.0/../../../../powerpc-eabi/lib\libm.a(libm_a-sf_scalbn.o)
                0x8001ee20                scalbnf
 .text.__kernel_sin
                0x8001ef94       0xcc C:/devkitPro/devkitPPC/bin/../lib/gcc/powerpc-eabi/13.1.0/../../../../powerpc-eabi/lib\libm.a(libm_a-k_sin.o)
                0x8001ef94                __kernel_sin
 .text.cos      0x8001f060       0xdc C:/devkitPro/devkitPPC/bin/../lib/gcc/powerpc-eabi/13.1.0/../../../../powerpc-eabi/lib\libm.a(libm_a-s_cos.o)
                0x8001f060                cos
 .text.sinf     0x8001f13c       0xe4 C:/devkitPro/devkitPPC/bin/../lib/gcc/powerpc-eabi/13.1.0/../../../../powerpc-eabi/lib\libm.a(libm_a-sf_sin.o)
                0x8001f13c                sinf
 .text.floor    0x8001f220      0x180 C:/devkitPro/devkitPPC/bin/../lib/gcc/powerpc-eabi/13.1.0/../../../../powerpc-eabi/lib\libm.a(libm_a-s_floor.o)
                0x8001f220                floor
 .text.__kernel_cos
                0x8001f3a0      0x188 C:/devkitPro/devkitPPC/bin/../lib/gcc/powerpc-eabi/13.1.0/../../../../powerpc-eabi/lib\libm.a(libm_a-k_cos.o)
                0x8001f3a0                __kernel_cos
 .text.__udivdi3
                0x8001f528      0x3bc C:/devkitPro/devkitPPC/bin/../lib/gcc/powerpc-eabi/13.1.0\libgcc.a(_udivdi3.o)
                0x8001f528                __udivdi3
 .text.__umoddi3
                0x8001f8e4      0x390 C:/devkitPro/devkitPPC/bin/../lib/gcc/powerpc-eabi/13.1.0\libgcc.a(_umoddi3.o)
                0x8001f8e4                __umoddi3
 .text.unlikely.abort
                0x8001fc74       0x34 C:/devkitPro/devkitPPC/bin/../lib/gcc/powerpc-eabi/13.1.0/../../../../powerpc-eabi/lib\libsysbase.a(libsysbase_libsysbase_a-abort.o)
                0x8001fc74                abort
 .text.build_argv
                0x8001fca8      0x118 C:/devkitPro/devkitPPC/bin/../lib/gcc/powerpc-eabi/13.1.0/../../../../powerpc-eabi/lib\libsysbase.a(libsysbase_libsysbase_a-build_argv.o)
                0x8001fca8                build_argv
 .text.__getreent
                0x8001fdc0       0x20 C:/devkitPro/devkitPPC/bin/../lib/gcc/powerpc-eabi/13.1.0/../../../../powerpc-eabi/lib\libsysbase.a(libsysbase_libsysbase_a-getreent.o)
                0x8001fdc0                __getreent
 .text.null_write
                0x8001fde0        0x8 C:/devkitPro/devkitPPC/bin/../lib/gcc/powerpc-eabi/13.1.0/../../../../powerpc-eabi/lib\libsysbase.a(libsysbase_libsysbase_a-iosupport.o)
 .text.FindDevice
                0x8001fde8      0x14c C:/devkitPro/devkitPPC/bin/../lib/gcc/powerpc-eabi/13.1.0/../../../../powerpc-eabi/lib\libsysbase.a(libsysbase_libsysbase_a-iosupport.o)
                0x8001fde8                FindDevice
 .text.RemoveDevice
                0x8001ff34       0x44 C:/devkitPro/devkitPPC/bin/../lib/gcc/powerpc-eabi/13.1.0/../../../../powerpc-eabi/lib\libsysbase.a(libsysbase_libsysbase_a-iosupport.o)
                0x8001ff34                RemoveDevice
 .text.AddDevice
                0x8001ff78      0x118 C:/devkitPro/devkitPPC/bin/../lib/gcc/powerpc-eabi/13.1.0/../../../../powerpc-eabi/lib\libsysbase.a(libsysbase_libsysbase_a-iosupport.o)
                0x8001ff78                AddDevice
 .text._exit    0x80020090       0x28 C:/devkitPro/devkitPPC/bin/../lib/gcc/powerpc-eabi/13.1.0/../../../../powerpc-eabi/lib\libsysbase.a(libsysbase_libsysbase_a-_exit.o)
                0x80020090                _exit
 .text.strcmp   0x800200b8       0x9c C:/devkitPro/devkitPPC/bin/../lib/gcc/powerpc-eabi/13.1.0/../../../../powerpc-eabi/lib\libc.a(libc_a-strcmp.o)
                0x800200b8                strcmp
 .text.memset   0x80020154      0x198 C:/devkitPro/devkitPPC/bin/../lib/gcc/powerpc-eabi/13.1.0/../../../../powerpc-eabi/lib\libc.a(libc_a-memset.o)
                0x80020154                memset
 .text.strchr   0x800202ec      0x154 C:/devkitPro/devkitPPC/bin/../lib/gcc/powerpc-eabi/13.1.0/../../../../powerpc-eabi/lib\libc.a(libc_a-strchr.o)
                0x800202ec                strchr
 .text.memcpy   0x80020440      0x124 C:/devkitPro/devkitPPC/bin/../lib/gcc/powerpc-eabi/13.1.0/../../../../powerpc-eabi/lib\libc.a(libc_a-memcpy.o)
                0x80020440                memcpy
 .text._strtoul_l.isra.0
                0x80020564      0x210 C:/devkitPro/devkitPPC/bin/../lib/gcc/powerpc-eabi/13.1.0/../../../../powerpc-eabi/lib\libc.a(libc_a-strtoul.o)
 .text._strtoul_r
                0x80020774       0x60 C:/devkitPro/devkitPPC/bin/../lib/gcc/powerpc-eabi/13.1.0/../../../../powerpc-eabi/lib\libc.a(libc_a-strtoul.o)
                0x80020774                _strtoul_r
 .text.setvbuf  0x800207d4      0x2d0 C:/devkitPro/devkitPPC/bin/../lib/gcc/powerpc-eabi/13.1.0/../../../../powerpc-eabi/lib\libc.a(libc_a-setvbuf.o)
                0x800207d4                setvbuf
 .text.strncmp  0x80020aa4       0xdc C:/devkitPro/devkitPPC/bin/../lib/gcc/powerpc-eabi/13.1.0/../../../../powerpc-eabi/lib\libc.a(libc_a-strncmp.o)
                0x80020aa4                strncmp
 .text.memmove  0x80020b80      0x1bc C:/devkitPro/devkitPPC/bin/../lib/gcc/powerpc-eabi/13.1.0/../../../../powerpc-eabi/lib\libc.a(libc_a-memmove.o)
                0x80020b80                memmove
 .text.calloc   0x80020d3c       0x40 C:/devkitPro/devkitPPC/bin/../lib/gcc/powerpc-eabi/13.1.0/../../../../powerpc-eabi/lib\libc.a(libc_a-calloc.o)
                0x80020d3c                calloc
 .text.__errno  0x80020d7c       0x20 C:/devkitPro/devkitPPC/bin/../lib/gcc/powerpc-eabi/13.1.0/../../../../powerpc-eabi/lib\libc.a(libc_a-errno.o)
                0x80020d7c                __errno
 .text._strtoull_l.isra.0
                0x80020d9c      0x2fc C:/devkitPro/devkitPPC/bin/../lib/gcc/powerpc-eabi/13.1.0/../../../../powerpc-eabi/lib\libc.a(libc_a-strtoull.o)
 .text._strtoull_r
                0x80021098       0x60 C:/devkitPro/devkitPPC/bin/../lib/gcc/powerpc-eabi/13.1.0/../../../../powerpc-eabi/lib\libc.a(libc_a-strtoull.o)
                0x80021098                _strtoull_r
 .text._calloc_r
                0x800210f8      0x100 C:/devkitPro/devkitPPC/bin/../lib/gcc/powerpc-eabi/13.1.0/../../../../powerpc-eabi/lib\libc.a(libc_a-callocr.o)
                0x800210f8                _calloc_r
 .text.strlen   0x800211f8       0x80 C:/devkitPro/devkitPPC/bin/../lib/gcc/powerpc-eabi/13.1.0/../../../../powerpc-eabi/lib\libc.a(libc_a-strlen.o)
                0x800211f8                strlen
 .text._memalign_r
                0x80021278      0x1dc C:/devkitPro/devkitPPC/bin/../lib/gcc/powerpc-eabi/13.1.0/../../../../powerpc-eabi/lib\libc.a(libc_a-malignr.o)
                0x80021278                _memalign_r
 .text._malloc_r
                0x80021454      0x85c C:/devkitPro/devkitPPC/bin/../lib/gcc/powerpc-eabi/13.1.0/../../../../powerpc-eabi/lib\libc.a(libc_a-mallocr.o)
                0x80021454                _malloc_r
 .text._malloc_trim_r
                0x80021cb0      0x138 C:/devkitPro/devkitPPC/bin/../lib/gcc/powerpc-eabi/13.1.0/../../../../powerpc-eabi/lib\libc.a(libc_a-freer.o)
                0x80021cb0                _malloc_trim_r
 .text._free_r  0x80021de8      0x330 C:/devkitPro/devkitPPC/bin/../lib/gcc/powerpc-eabi/13.1.0/../../../../powerpc-eabi/lib\libc.a(libc_a-freer.o)
                0x80021de8                _free_r
 .text.memcmp   0x80022118      0x13c C:/devkitPro/devkitPPC/bin/../lib/gcc/powerpc-eabi/13.1.0/../../../../powerpc-eabi/lib\libc.a(libc_a-memcmp.o)
                0x80022118                memcmp
 .text.malloc   0x80022254       0x58 C:/devkitPro/devkitPPC/bin/../lib/gcc/powerpc-eabi/13.1.0/../../../../powerpc-eabi/lib\libc.a(libc_a-malloc.o)
                0x80022254                malloc
 .text.free     0x800222ac       0x30 C:/devkitPro/devkitPPC/bin/../lib/gcc/powerpc-eabi/13.1.0/../../../../powerpc-eabi/lib\libc.a(libc_a-malloc.o)
                0x800222ac                free
 .text._reclaim_reent
                0x800222dc      0x10c C:/devkitPro/devkitPPC/bin/../lib/gcc/powerpc-eabi/13.1.0/../../../../powerpc-eabi/lib\libc.a(libc_a-reent.o)
                0x800222dc                _reclaim_reent
 .text._realloc_r
                0x800223e8      0x584 C:/devkitPro/devkitPPC/bin/../lib/gcc/powerpc-eabi/13.1.0/../../../../powerpc-eabi/lib\libc.a(libc_a-reallocr.o)
                0x800223e8                _realloc_r
 .text.stdio_exit_handler
                0x8002296c       0x1c C:/devkitPro/devkitPPC/bin/../lib/gcc/powerpc-eabi/13.1.0/../../../../powerpc-eabi/lib\libc.a(libc_a-findfp.o)
 .text.cleanup_stdio
                0x80022988       0x88 C:/devkitPro/devkitPPC/bin/../lib/gcc/powerpc-eabi/13.1.0/../../../../powerpc-eabi/lib\libc.a(libc_a-findfp.o)
 .text.global_stdio_init.part.0
                0x80022a10      0x184 C:/devkitPro/devkitPPC/bin/../lib/gcc/powerpc-eabi/13.1.0/../../../../powerpc-eabi/lib\libc.a(libc_a-findfp.o)
 .text.__sinit  0x80022b94       0xa4 C:/devkitPro/devkitPPC/bin/../lib/gcc/powerpc-eabi/13.1.0/../../../../powerpc-eabi/lib\libc.a(libc_a-findfp.o)
                0x80022b94                __sinit
 .text.__sfp_lock_acquire
                0x80022c38       0x40 C:/devkitPro/devkitPPC/bin/../lib/gcc/powerpc-eabi/13.1.0/../../../../powerpc-eabi/lib\libc.a(libc_a-findfp.o)
                0x80022c38                __sfp_lock_acquire
 .text.__sfp_lock_release
                0x80022c78        0xc C:/devkitPro/devkitPPC/bin/../lib/gcc/powerpc-eabi/13.1.0/../../../../powerpc-eabi/lib\libc.a(libc_a-findfp.o)
                0x80022c78                __sfp_lock_release
 .text._puts_r  0x80022c84      0x13c C:/devkitPro/devkitPPC/bin/../lib/gcc/powerpc-eabi/13.1.0/../../../../powerpc-eabi/lib\libc.a(libc_a-puts.o)
                0x80022c84                _puts_r
 .text.puts     0x80022dc0       0x30 C:/devkitPro/devkitPPC/bin/../lib/gcc/powerpc-eabi/13.1.0/../../../../powerpc-eabi/lib\libc.a(libc_a-puts.o)
                0x80022dc0                puts
 .text.__sfvwrite_r
                0x80022df0      0x5b0 C:/devkitPro/devkitPPC/bin/../lib/gcc/powerpc-eabi/13.1.0/../../../../powerpc-eabi/lib\libc.a(libc_a-fvwrite.o)
                0x80022df0                __sfvwrite_r
 .text.exit     0x800233a0       0x3c C:/devkitPro/devkitPPC/bin/../lib/gcc/powerpc-eabi/13.1.0/../../../../powerpc-eabi/lib\libc.a(libc_a-exit.o)
                0x800233a0                exit
 .text.memchr   0x800233dc      0x1b0 C:/devkitPro/devkitPPC/bin/../lib/gcc/powerpc-eabi/13.1.0/../../../../powerpc-eabi/lib\libc.a(libc_a-memchr.o)
                0x800233dc                memchr
 .text.write    0x8002358c       0x50 C:/devkitPro/devkitPPC/bin/../lib/gcc/powerpc-eabi/13.1.0/../../../../powerpc-eabi/lib\libc.a(libc_a-syswrite.o)
                0x8002358c                write
 .text.strnlen  0x800235dc       0xc8 C:/devkitPro/devkitPPC/bin/../lib/gcc/powerpc-eabi/13.1.0/../../../../powerpc-eabi/lib\libc.a(libc_a-strnlen.o)
                0x800235dc                strnlen
 .text.memalign
                0x800236a4       0x40 C:/devkitPro/devkitPPC/bin/../lib/gcc/powerpc-eabi/13.1.0/../../../../powerpc-eabi/lib\libc.a(libc_a-malign.o)
                0x800236a4                memalign
 .text._fwalk_sglue
                0x800236e4       0xb4 C:/devkitPro/devkitPPC/bin/../lib/gcc/powerpc-eabi/13.1.0/../../../../powerpc-eabi/lib\libc.a(libc_a-fwalk.o)
                0x800236e4                _fwalk_sglue
 .text.__smakebuf_r
                0x80023798      0x190 C:/devkitPro/devkitPPC/bin/../lib/gcc/powerpc-eabi/13.1.0/../../../../powerpc-eabi/lib\libc.a(libc_a-makebuf.o)
                0x80023798                __smakebuf_r
 .text.__swhatbuf_r
                0x80023928       0xec C:/devkitPro/devkitPPC/bin/../lib/gcc/powerpc-eabi/13.1.0/../../../../powerpc-eabi/lib\libc.a(libc_a-makebuf.o)
                0x80023928                __swhatbuf_r
 .text.__sflush_r
                0x80023a14      0x2f4 C:/devkitPro/devkitPPC/bin/../lib/gcc/powerpc-eabi/13.1.0/../../../../powerpc-eabi/lib\libc.a(libc_a-fflush.o)
                0x80023a14                __sflush_r
 .text._fflush_r
                0x80023d08      0x108 C:/devkitPro/devkitPPC/bin/../lib/gcc/powerpc-eabi/13.1.0/../../../../powerpc-eabi/lib\libc.a(libc_a-fflush.o)
                0x80023d08                _fflush_r
 .text.__swsetup_r
                0x80023e10      0x16c C:/devkitPro/devkitPPC/bin/../lib/gcc/powerpc-eabi/13.1.0/../../../../powerpc-eabi/lib\libc.a(libc_a-wsetup.o)
                0x80023e10                __swsetup_r
 .text._fclose_r
                0x80023f7c      0x1e0 C:/devkitPro/devkitPPC/bin/../lib/gcc/powerpc-eabi/13.1.0/../../../../powerpc-eabi/lib\libc.a(libc_a-fclose.o)
                0x80023f7c                _fclose_r
 .text.startup.register_fini
                0x8002415c        0xc C:/devkitPro/devkitPPC/bin/../lib/gcc/powerpc-eabi/13.1.0/../../../../powerpc-eabi/lib\libc.a(libc_a-__call_atexit.o)
 .text.__call_exitprocs
                0x80024168      0x200 C:/devkitPro/devkitPPC/bin/../lib/gcc/powerpc-eabi/13.1.0/../../../../powerpc-eabi/lib\libc.a(libc_a-__call_atexit.o)
                0x80024168                __call_exitprocs
 .text.__sread  0x80024368       0x74 C:/devkitPro/devkitPPC/bin/../lib/gcc/powerpc-eabi/13.1.0/../../../../powerpc-eabi/lib\libc.a(libc_a-stdio.o)
                0x80024368                __sread
 .text.__swrite
                0x800243dc       0xb8 C:/devkitPro/devkitPPC/bin/../lib/gcc/powerpc-eabi/13.1.0/../../../../powerpc-eabi/lib\libc.a(libc_a-stdio.o)
                0x800243dc                __swrite
 .text.__sseek  0x80024494       0x70 C:/devkitPro/devkitPPC/bin/../lib/gcc/powerpc-eabi/13.1.0/../../../../powerpc-eabi/lib\libc.a(libc_a-stdio.o)
                0x80024494                __sseek
 .text.__sclose
                0x80024504        0x8 C:/devkitPro/devkitPPC/bin/../lib/gcc/powerpc-eabi/13.1.0/../../../../powerpc-eabi/lib\libc.a(libc_a-stdio.o)
                0x80024504                __sclose
 .text.atexit   0x8002450c       0x14 C:/devkitPro/devkitPPC/bin/../lib/gcc/powerpc-eabi/13.1.0/../../../../powerpc-eabi/lib\libc.a(libc_a-atexit.o)
                0x8002450c                atexit
 .text.__register_exitproc
                0x80024520      0x12c C:/devkitPro/devkitPPC/bin/../lib/gcc/powerpc-eabi/13.1.0/../../../../powerpc-eabi/lib\libc.a(libc_a-__atexit.o)
                0x80024520                __register_exitproc
 .text.__flockfile
                0x8002464c       0x38 C:/devkitPro/devkitPPC/bin/../lib/gcc/powerpc-eabi/13.1.0/../../../../powerpc-eabi/lib\libsysbase.a(libsysbase_libsysbase_a-flock.o)
                0x8002464c                __flockfile
 .text.__funlockfile
                0x80024684        0x8 C:/devkitPro/devkitPPC/bin/../lib/gcc/powerpc-eabi/13.1.0/../../../../powerpc-eabi/lib\libsysbase.a(libsysbase_libsysbase_a-flock.o)
                0x80024684                __funlockfile
 .text._fstat_r
                0x8002468c       0xb0 C:/devkitPro/devkitPPC/bin/../lib/gcc/powerpc-eabi/13.1.0/../../../../powerpc-eabi/lib\libsysbase.a(libsysbase_libsysbase_a-fstat.o)
                0x8002468c                _fstat_r
 .text.__get_handle
                0x8002473c       0x90 C:/devkitPro/devkitPPC/bin/../lib/gcc/powerpc-eabi/13.1.0/../../../../powerpc-eabi/lib\libsysbase.a(libsysbase_libsysbase_a-handle_manager.o)
                0x8002473c                __get_handle
 .text._close_r
                0x800247cc      0x178 C:/devkitPro/devkitPPC/bin/../lib/gcc/powerpc-eabi/13.1.0/../../../../powerpc-eabi/lib\libsysbase.a(libsysbase_libsysbase_a-handle_manager.o)
                0x800247cc                _close_r
 .text._isatty_r
                0x80024944        0x8 C:/devkitPro/devkitPPC/bin/../lib/gcc/powerpc-eabi/13.1.0/../../../../powerpc-eabi/lib\libsysbase.a(libsysbase_libsysbase_a-isatty.o)
                0x80024944                _isatty_r
 .text._lseek_r
                0x8002494c       0xe0 C:/devkitPro/devkitPPC/bin/../lib/gcc/powerpc-eabi/13.1.0/../../../../powerpc-eabi/lib\libsysbase.a(libsysbase_libsysbase_a-lseek.o)
                0x8002494c                _lseek_r
 .text._read_r  0x80024a2c       0xc4 C:/devkitPro/devkitPPC/bin/../lib/gcc/powerpc-eabi/13.1.0/../../../../powerpc-eabi/lib\libsysbase.a(libsysbase_libsysbase_a-read.o)
                0x80024a2c                _read_r
 .text.__libc_lock_init
                0x80024af0       0x14 C:/devkitPro/devkitPPC/bin/../lib/gcc/powerpc-eabi/13.1.0/../../../../powerpc-eabi/lib\libsysbase.a(libsysbase_libsysbase_a-syscall_support.o)
                0x80024af0                __libc_lock_init
 .text.__libc_lock_acquire
                0x80024b04       0x14 C:/devkitPro/devkitPPC/bin/../lib/gcc/powerpc-eabi/13.1.0/../../../../powerpc-eabi/lib\libsysbase.a(libsysbase_libsysbase_a-syscall_support.o)
                0x80024b04                __libc_lock_acquire
 .text.__libc_lock_release
                0x80024b18       0x14 C:/devkitPro/devkitPPC/bin/../lib/gcc/powerpc-eabi/13.1.0/../../../../powerpc-eabi/lib\libsysbase.a(libsysbase_libsysbase_a-syscall_support.o)
                0x80024b18                __libc_lock_release
 .text.__libc_lock_close
                0x80024b2c       0x14 C:/devkitPro/devkitPPC/bin/../lib/gcc/powerpc-eabi/13.1.0/../../../../powerpc-eabi/lib\libsysbase.a(libsysbase_libsysbase_a-syscall_support.o)
                0x80024b2c                __libc_lock_close
 .text.__libc_lock_init_recursive
                0x80024b40       0x14 C:/devkitPro/devkitPPC/bin/../lib/gcc/powerpc-eabi/13.1.0/../../../../powerpc-eabi/lib\libsysbase.a(libsysbase_libsysbase_a-syscall_support.o)
                0x80024b40                __libc_lock_init_recursive
 .text.__malloc_lock
                0x80024b54       0x14 C:/devkitPro/devkitPPC/bin/../lib/gcc/powerpc-eabi/13.1.0/../../../../powerpc-eabi/lib\libsysbase.a(libsysbase_libsysbase_a-syscall_support.o)
                0x80024b54                __malloc_lock
 .text.__malloc_unlock
                0x80024b68       0x14 C:/devkitPro/devkitPPC/bin/../lib/gcc/powerpc-eabi/13.1.0/../../../../powerpc-eabi/lib\libsysbase.a(libsysbase_libsysbase_a-syscall_support.o)
                0x80024b68                __malloc_unlock
 .text._write_r
                0x80024b7c       0xc4 C:/devkitPro/devkitPPC/bin/../lib/gcc/powerpc-eabi/13.1.0/../../../../powerpc-eabi/lib\libsysbase.a(libsysbase_libsysbase_a-write.o)
                0x80024b7c                _write_r
 .text.__do_global_ctors_aux
                0x80024c40       0x50 C:/devkitPro/devkitPPC/bin/../lib/gcc/powerpc-eabi/13.1.0/crtend.o
 *(.gnu.warning)
 *(.gnu.linkonce.t.*)
                0x80024ca0                        . = ALIGN (0x20)
 *fill*         0x80024c90       0x10 00000000

.glink          0x80024ca0        0x0
 .glink         0x80024ca0        0x0 C:/devkitPro/devkitPPC/bin/../lib/gcc/powerpc-eabi/13.1.0/crtbegin.o

.fini           0x80024ca0       0x20
 *(.fini)
 .fini          0x80024ca0        0xc C:/devkitPro/devkitPPC/bin/../lib/gcc/powerpc-eabi/13.1.0/ecrti.o
                0x80024ca0                __fini
 .fini          0x80024cac        0x4 C:/devkitPro/devkitPPC/bin/../lib/gcc/powerpc-eabi/13.1.0/crtbegin.o
 .fini          0x80024cb0       0x10 C:/devkitPro/devkitPPC/bin/../lib/gcc/powerpc-eabi/13.1.0/ecrtn.o
                0x80024cc0                        . = ALIGN (0x20)
                [!provide]                        PROVIDE (__etext = .)
                [!provide]                        PROVIDE (_etext = .)
                [!provide]                        PROVIDE (etext = .)

.rodata         0x80024cc0     0x17d9
 *(.rodata)
 .rodata        0x80024cc0       0x18 main.o
 .rodata        0x80024cd8       0x21 C:/devkitPro/libogc/lib/wii\libogc.a(video.o)
 *(.rodata.*)
 *fill*         0x80024cf9        0x3 
 .rodata.main.str1.4
                0x80024cfc      0x3ee main.o
                                  0xb (size before relaxing)
 *fill*         0x800250ea        0x2 
 .rodata.cst4   0x800250ec      0x154 C:/devkitPro/libogc/lib/wii\libwiiuse.a(wpad.o)
                                 0x10 (size before relaxing)
 .rodata.cst4   0x80025240       0x28 C:/devkitPro/libogc/lib/wii\libwiiuse.a(dynamics.o)
 .rodata.cst4   0x80025240       0x64 C:/devkitPro/libogc/lib/wii\libwiiuse.a(ir.o)
 .rodata.__console_write
                0x80025240       0xec C:/devkitPro/libogc/lib/wii\libogc.a(console.o)
 .rodata.color_table
                0x8002532c       0x40 C:/devkitPro/libogc/lib/wii\libogc.a(console.o)
 .rodata.str1.4
                0x8002536c        0x7 C:/devkitPro/libogc/lib/wii\libogc.a(console.o)
 .rodata.dotab_stdout
                0x8002536c       0x80 C:/devkitPro/libogc/lib/wii\libogc.a(console.o)
                0x8002536c                dotab_stdout
 .rodata.__SetInterrupts
                0x800253ec       0x70 C:/devkitPro/libogc/lib/wii\libogc.a(irq.o)
 .rodata._irqPrio
                0x8002545c       0x30 C:/devkitPro/libogc/lib/wii\libogc.a(irq.o)
 .rodata.CSWTCH.167
                0x8002548c       0x5c C:/devkitPro/libogc/lib/wii\libogc.a(video.o)
 .rodata.video_timing
                0x800254e8      0x110 C:/devkitPro/libogc/lib/wii\libogc.a(video.o)
 .rodata.SYS_ResetSystem
                0x800255f8       0x1c C:/devkitPro/libogc/lib/wii\libogc.a(system.o)
 .rodata._dsp_initcode
                0x80025614       0x80 C:/devkitPro/libogc/lib/wii\libogc.a(system.o)
 .rodata.__ios_ioctlvformat_parse
                0x80025694       0x88 C:/devkitPro/libogc/lib/wii\libogc.a(ipc.o)
 .rodata._ES_seek_r.str1.4
                0x8002571c        0x5 C:/devkitPro/libogc/lib/wii\libogc.a(es.o)
 .rodata._ES_close_r.str1.4
                0x8002571c        0x3 C:/devkitPro/libogc/lib/wii\libogc.a(es.o)
 .rodata.__ES_Close.str1.4
                0x8002571c        0x4 C:/devkitPro/libogc/lib/wii\libogc.a(es.o)
 .rodata.ES_GetTitleID.str1.4
                0x8002571c        0x3 C:/devkitPro/libogc/lib/wii\libogc.a(es.o)
 .rodata.ES_GetNumTicketViews.str1.4
                0x8002571c        0x4 C:/devkitPro/libogc/lib/wii\libogc.a(es.o)
 .rodata.ES_GetTicketViews.str1.4
                0x8002571c        0x5 C:/devkitPro/libogc/lib/wii\libogc.a(es.o)
 .rodata.ES_GetOwnedTitles.str1.4
                0x8002571c        0x4 C:/devkitPro/libogc/lib/wii\libogc.a(es.o)
 .rodata._ES_open_r.str1.4
                0x8002571c        0x5 C:/devkitPro/libogc/lib/wii\libogc.a(es.o)
 .rodata.str1.4
                0x8002571c        0x3 C:/devkitPro/libogc/lib/wii\libogc.a(es.o)
 .rodata.dotab_es
                0x8002571c       0x80 C:/devkitPro/libogc/lib/wii\libogc.a(es.o)
 .rodata.CONF_GetLength
                0x8002579c       0x20 C:/devkitPro/libogc/lib/wii\libogc.a(conf.o)
 .rodata.CONF_GetShutdownMode.str1.4
                0x800257bc        0x8 C:/devkitPro/libogc/lib/wii\libogc.a(conf.o)
 .rodata.CONF_GetProgressiveScan.str1.4
                0x800257bc        0x8 C:/devkitPro/libogc/lib/wii\libogc.a(conf.o)
 .rodata.CONF_GetEuRGB60.str1.4
                0x800257bc        0x8 C:/devkitPro/libogc/lib/wii\libogc.a(conf.o)
 .rodata.CONF_GetCounterBias.str1.4
                0x800257bc        0x7 C:/devkitPro/libogc/lib/wii\libogc.a(conf.o)
 .rodata.CONF_GetDisplayOffsetH.str1.4
                0x800257bc        0x7 C:/devkitPro/libogc/lib/wii\libogc.a(conf.o)
 .rodata.CONF_GetVideo.str1.4
                0x800257bc       0x19 C:/devkitPro/libogc/lib/wii\libogc.a(conf.o)
 *fill*         0x800257bc        0x4 
 .rodata.__conf_txt_file
                0x800257c0       0x2a C:/devkitPro/libogc/lib/wii\libogc.a(conf.o)
 *fill*         0x800257ea       0x16 
 .rodata.__conf_file
                0x80025800       0x15 C:/devkitPro/libogc/lib/wii\libogc.a(conf.o)
 .rodata.c_default_exceptionhandler.str1.4
                0x80025815      0x267 C:/devkitPro/libogc/lib/wii\libogc.a(exception.o)
 .rodata.str1.4
                0x80025815       0xa0 C:/devkitPro/libogc/lib/wii\libogc.a(exception.o)
 *fill*         0x80025815        0x3 
 .rodata.exception_name
                0x80025818       0x3c C:/devkitPro/libogc/lib/wii\libogc.a(exception.o)
 .rodata.exception_location
                0x80025854       0x3c C:/devkitPro/libogc/lib/wii\libogc.a(exception.o)
 .rodata.number.str1.4
                0x80025890       0x4d C:/devkitPro/libogc/lib/wii\libogc.a(kprintf.o)
 .rodata.kvsprintf.str1.4
                0x80025890        0x7 C:/devkitPro/libogc/lib/wii\libogc.a(kprintf.o)
 .rodata.kvsprintf
                0x80025890      0x2e4 C:/devkitPro/libogc/lib/wii\libogc.a(kprintf.o)
 .rodata.atanlo
                0x80025b74       0x10 C:/devkitPro/devkitPPC/bin/../lib/gcc/powerpc-eabi/13.1.0/../../../../powerpc-eabi/lib\libm.a(libm_a-sf_atan.o)
 .rodata.atanhi
                0x80025b84       0x10 C:/devkitPro/devkitPPC/bin/../lib/gcc/powerpc-eabi/13.1.0/../../../../powerpc-eabi/lib\libm.a(libm_a-sf_atan.o)
 .rodata.cst4   0x80025b94       0x48 C:/devkitPro/devkitPPC/bin/../lib/gcc/powerpc-eabi/13.1.0/../../../../powerpc-eabi/lib\libm.a(libm_a-sf_atan.o)
 .rodata.cst4   0x80025b94        0x4 C:/devkitPro/devkitPPC/bin/../lib/gcc/powerpc-eabi/13.1.0/../../../../powerpc-eabi/lib\libm.a(libm_a-sf_cos.o)
 .rodata.cst4   0x80025b94        0x4 C:/devkitPro/devkitPPC/bin/../lib/gcc/powerpc-eabi/13.1.0/../../../../powerpc-eabi/lib\libm.a(libm_a-wf_sqrt.o)
 .rodata.cst4   0x80025b94        0x4 C:/devkitPro/devkitPPC/bin/../lib/gcc/powerpc-eabi/13.1.0/../../../../powerpc-eabi/lib\libm.a(libm_a-wf_hypot.o)
 .rodata.cst4   0x80025b94        0xc C:/devkitPro/devkitPPC/bin/../lib/gcc/powerpc-eabi/13.1.0/../../../../powerpc-eabi/lib\libm.a(libm_a-ef_hypot.o)
 .rodata.cst4   0x80025b94       0x28 C:/devkitPro/devkitPPC/bin/../lib/gcc/powerpc-eabi/13.1.0/../../../../powerpc-eabi/lib\libm.a(libm_a-kf_cos.o)
 *fill*         0x80025b94        0x4 
 .rodata.CSWTCH.9
                0x80025b98       0x18 C:/devkitPro/devkitPPC/bin/../lib/gcc/powerpc-eabi/13.1.0/../../../../powerpc-eabi/lib\libm.a(libm_a-e_atan2.o)
 .rodata.CSWTCH.8
                0x80025bb0       0x18 C:/devkitPro/devkitPPC/bin/../lib/gcc/powerpc-eabi/13.1.0/../../../../powerpc-eabi/lib\libm.a(libm_a-e_atan2.o)
 .rodata.cst8   0x80025bc8      0x148 C:/devkitPro/devkitPPC/bin/../lib/gcc/powerpc-eabi/13.1.0/../../../../powerpc-eabi/lib\libm.a(libm_a-e_atan2.o)
                                 0x30 (size before relaxing)
 .rodata.cst4   0x80025d10        0x4 C:/devkitPro/devkitPPC/bin/../lib/gcc/powerpc-eabi/13.1.0/../../../../powerpc-eabi/lib\libm.a(libm_a-e_atan2.o)
 .rodata.atanlo
                0x80025d10       0x20 C:/devkitPro/devkitPPC/bin/../lib/gcc/powerpc-eabi/13.1.0/../../../../powerpc-eabi/lib\libm.a(libm_a-s_atan.o)
 .rodata.atanhi
                0x80025d30       0x20 C:/devkitPro/devkitPPC/bin/../lib/gcc/powerpc-eabi/13.1.0/../../../../powerpc-eabi/lib\libm.a(libm_a-s_atan.o)
 .rodata.cst8   0x80025d50       0x70 C:/devkitPro/devkitPPC/bin/../lib/gcc/powerpc-eabi/13.1.0/../../../../powerpc-eabi/lib\libm.a(libm_a-s_atan.o)
 .rodata.cst4   0x80025d50       0x10 C:/devkitPro/devkitPPC/bin/../lib/gcc/powerpc-eabi/13.1.0/../../../../powerpc-eabi/lib\libm.a(libm_a-s_atan.o)
 .rodata.tiny   0x80025d50        0x4 C:/devkitPro/devkitPPC/bin/../lib/gcc/powerpc-eabi/13.1.0/../../../../powerpc-eabi/lib\libm.a(libm_a-ef_sqrt.o)
 .rodata.one    0x80025d54        0x4 C:/devkitPro/devkitPPC/bin/../lib/gcc/powerpc-eabi/13.1.0/../../../../powerpc-eabi/lib\libm.a(libm_a-ef_sqrt.o)
 .rodata.CSWTCH.9
                0x80025d58        0xc C:/devkitPro/devkitPPC/bin/../lib/gcc/powerpc-eabi/13.1.0/../../../../powerpc-eabi/lib\libm.a(libm_a-ef_atan2.o)
 .rodata.CSWTCH.8
                0x80025d64        0xc C:/devkitPro/devkitPPC/bin/../lib/gcc/powerpc-eabi/13.1.0/../../../../powerpc-eabi/lib\libm.a(libm_a-ef_atan2.o)
 .rodata.cst4   0x80025d70       0x1c C:/devkitPro/devkitPPC/bin/../lib/gcc/powerpc-eabi/13.1.0/../../../../powerpc-eabi/lib\libm.a(libm_a-ef_atan2.o)
 .rodata.cst4   0x80025d70       0x20 C:/devkitPro/devkitPPC/bin/../lib/gcc/powerpc-eabi/13.1.0/../../../../powerpc-eabi/lib\libm.a(libm_a-kf_sin.o)
 .rodata.cst4   0x80025d70        0x4 C:/devkitPro/devkitPPC/bin/../lib/gcc/powerpc-eabi/13.1.0/../../../../powerpc-eabi/lib\libm.a(libm_a-s_sin.o)
 .rodata.npio2_hw
                0x80025d70       0x80 C:/devkitPro/devkitPPC/bin/../lib/gcc/powerpc-eabi/13.1.0/../../../../powerpc-eabi/lib\libm.a(libm_a-ef_rem_pio2.o)
 .rodata.two_over_pi
                0x80025df0      0x318 C:/devkitPro/devkitPPC/bin/../lib/gcc/powerpc-eabi/13.1.0/../../../../powerpc-eabi/lib\libm.a(libm_a-ef_rem_pio2.o)
 .rodata.cst4   0x80026108       0x2c C:/devkitPro/devkitPPC/bin/../lib/gcc/powerpc-eabi/13.1.0/../../../../powerpc-eabi/lib\libm.a(libm_a-ef_rem_pio2.o)
 .rodata.PIo2   0x80026108       0x2c C:/devkitPro/devkitPPC/bin/../lib/gcc/powerpc-eabi/13.1.0/../../../../powerpc-eabi/lib\libm.a(libm_a-kf_rem_pio2.o)
 .rodata.init_jk
                0x80026134        0xc C:/devkitPro/devkitPPC/bin/../lib/gcc/powerpc-eabi/13.1.0/../../../../powerpc-eabi/lib\libm.a(libm_a-kf_rem_pio2.o)
 .rodata.cst4   0x80026140       0x24 C:/devkitPro/devkitPPC/bin/../lib/gcc/powerpc-eabi/13.1.0/../../../../powerpc-eabi/lib\libm.a(libm_a-kf_rem_pio2.o)
 .rodata.npio2_hw
                0x80026140       0x80 C:/devkitPro/devkitPPC/bin/../lib/gcc/powerpc-eabi/13.1.0/../../../../powerpc-eabi/lib\libm.a(libm_a-e_rem_pio2.o)
 .rodata.two_over_pi
                0x800261c0      0x108 C:/devkitPro/devkitPPC/bin/../lib/gcc/powerpc-eabi/13.1.0/../../../../powerpc-eabi/lib\libm.a(libm_a-e_rem_pio2.o)
 .rodata.cst4   0x800262c8       0x10 C:/devkitPro/devkitPPC/bin/../lib/gcc/powerpc-eabi/13.1.0/../../../../powerpc-eabi/lib\libm.a(libm_a-e_rem_pio2.o)
 .rodata.cst8   0x800262c8       0x38 C:/devkitPro/devkitPPC/bin/../lib/gcc/powerpc-eabi/13.1.0/../../../../powerpc-eabi/lib\libm.a(libm_a-e_rem_pio2.o)
 .rodata.cst4   0x800262c8       0x10 C:/devkitPro/devkitPPC/bin/../lib/gcc/powerpc-eabi/13.1.0/../../../../powerpc-eabi/lib\libm.a(libm_a-sf_floor.o)
 .rodata.PIo2   0x800262c8       0x40 C:/devkitPro/devkitPPC/bin/../lib/gcc/powerpc-eabi/13.1.0/../../../../powerpc-eabi/lib\libm.a(libm_a-k_rem_pio2.o)
 .rodata.init_jk
                0x80026308       0x10 C:/devkitPro/devkitPPC/bin/../lib/gcc/powerpc-eabi/13.1.0/../../../../powerpc-eabi/lib\libm.a(libm_a-k_rem_pio2.o)
 .rodata.cst4   0x80026318       0x24 C:/devkitPro/devkitPPC/bin/../lib/gcc/powerpc-eabi/13.1.0/../../../../powerpc-eabi/lib\libm.a(libm_a-k_rem_pio2.o)
 .rodata.cst4   0x80026318        0x8 C:/devkitPro/devkitPPC/bin/../lib/gcc/powerpc-eabi/13.1.0/../../../../powerpc-eabi/lib\libm.a(libm_a-s_scalbn.o)
 .rodata.cst8   0x80026318       0x20 C:/devkitPro/devkitPPC/bin/../lib/gcc/powerpc-eabi/13.1.0/../../../../powerpc-eabi/lib\libm.a(libm_a-s_scalbn.o)
 .rodata.cst4   0x80026318       0x18 C:/devkitPro/devkitPPC/bin/../lib/gcc/powerpc-eabi/13.1.0/../../../../powerpc-eabi/lib\libm.a(libm_a-sf_scalbn.o)
 .rodata.cst8   0x80026318       0x38 C:/devkitPro/devkitPPC/bin/../lib/gcc/powerpc-eabi/13.1.0/../../../../powerpc-eabi/lib\libm.a(libm_a-k_sin.o)
 .rodata.cst4   0x80026318        0x4 C:/devkitPro/devkitPPC/bin/../lib/gcc/powerpc-eabi/13.1.0/../../../../powerpc-eabi/lib\libm.a(libm_a-k_sin.o)
 .rodata.cst4   0x80026318        0x4 C:/devkitPro/devkitPPC/bin/../lib/gcc/powerpc-eabi/13.1.0/../../../../powerpc-eabi/lib\libm.a(libm_a-s_cos.o)
 .rodata.cst4   0x80026318        0x4 C:/devkitPro/devkitPPC/bin/../lib/gcc/powerpc-eabi/13.1.0/../../../../powerpc-eabi/lib\libm.a(libm_a-sf_sin.o)
 .rodata.cst8   0x80026318        0x8 C:/devkitPro/devkitPPC/bin/../lib/gcc/powerpc-eabi/13.1.0/../../../../powerpc-eabi/lib\libm.a(libm_a-s_floor.o)
 .rodata.cst4   0x80026318        0x4 C:/devkitPro/devkitPPC/bin/../lib/gcc/powerpc-eabi/13.1.0/../../../../powerpc-eabi/lib\libm.a(libm_a-s_floor.o)
 .rodata.cst4   0x80026318       0x10 C:/devkitPro/devkitPPC/bin/../lib/gcc/powerpc-eabi/13.1.0/../../../../powerpc-eabi/lib\libm.a(libm_a-k_cos.o)
 .rodata.cst8   0x80026318       0x30 C:/devkitPro/devkitPPC/bin/../lib/gcc/powerpc-eabi/13.1.0/../../../../powerpc-eabi/lib\libm.a(libm_a-k_cos.o)
 .rodata.AddDevice.str1.4