Archive member included to satisfy reference by file (symbol)

C:/devkitPro/libogc/lib/wii\libwiiuse.a(wpad.o)
                              main.o (WPAD_ScanPads)
C:/devkitPro/libogc/lib/wii\libwiiuse.a(motion_plus.o)
                              C:/devkitPro/libogc/lib/wii\libwiiuse.a(wpad.o) (wiiuse_set_motion_plus)
C:/devkitPro/libogc/lib/wii\libwiiuse.a(dynamics.o)
                              C:/devkitPro/libogc/lib/wii\libwiiuse.a(wpad.o) (calculate_gforce)
C:/devkitPro/libogc/lib/wii\libwiiuse.a(io.o)
                              C:/devkitPro/libogc/lib/wii\libwiiuse.a(motion_plus.o) (wiiuse_disable_expansion)
C:/devkitPro/libogc/lib/wii\libwiiuse.a(io_wii.o)
                              C:/devkitPro/libogc/lib/wii\libwiiuse.a(wpad.o) (__wiiuse_sensorbar_enable)
C:/devkitPro/libogc/lib/wii\libwiiuse.a(ir.o)
                              C:/devkitPro/libogc/lib/wii\libwiiuse.a(motion_plus.o) (wiiuse_set_ir_mode)
C:/devkitPro/libogc/lib/wii\libwiiuse.a(nunchuk.o)
                              C:/devkitPro/libogc/lib/wii\libwiiuse.a(io.o) (nunchuk_handshake)
C:/devkitPro/libogc/lib/wii\libwiiuse.a(wiiboard.o)
                              C:/devkitPro/libogc/lib/wii\libwiiuse.a(io.o) (wii_board_handshake)
C:/devkitPro/libogc/lib/wii\libwiiuse.a(wiiuse.o)
                              C:/devkitPro/libogc/lib/wii\libwiiuse.a(wpad.o) (wiiuse_init)
C:/devkitPro/libogc/lib/wii\libwiiuse.a(speaker.o)
                              C:/devkitPro/libogc/lib/wii\libwiiuse.a(wpad.o) (wencdata)
C:/devkitPro/libogc/lib/wii\libwiiuse.a(classic.o)
                              C:/devkitPro/libogc/lib/wii\libwiiuse.a(io.o) (classic_ctrl_handshake)
C:/devkitPro/libogc/lib/wii\libwiiuse.a(events.o)
                              C:/devkitPro/libogc/lib/wii\libwiiuse.a(io_wii.o) (parse_event)
C:/devkitPro/libogc/lib/wii\libwiiuse.a(guitar_hero_3.o)
                              C:/devkitPro/libogc/lib/wii\libwiiuse.a(io.o) (guitar_hero_3_handshake)
C:/devkitPro/libogc/lib/wii\libbte.a(bte.o)
                              C:/devkitPro/libogc/lib/wii\libwiiuse.a(wpad.o) (BTE_Init)
C:/devkitPro/libogc/lib/wii\libbte.a(hci.o)
                              C:/devkitPro/libogc/lib/wii\libbte.a(bte.o) (hci_init)
C:/devkitPro/libogc/lib/wii\libbte.a(l2cap.o)
                              C:/devkitPro/libogc/lib/wii\libbte.a(bte.o) (l2cap_init)
C:/devkitPro/libogc/lib/wii\libbte.a(btmemb.o)
                              C:/devkitPro/libogc/lib/wii\libbte.a(bte.o) (btmemb_init)
C:/devkitPro/libogc/lib/wii\libbte.a(btmemr.o)
                              C:/devkitPro/libogc/lib/wii\libbte.a(hci.o) (btmemr_init)
C:/devkitPro/libogc/lib/wii\libbte.a(btpbuf.o)
                              C:/devkitPro/libogc/lib/wii\libbte.a(hci.o) (btpbuf_init)
C:/devkitPro/libogc/lib/wii\libbte.a(physbusif.o)
                              C:/devkitPro/libogc/lib/wii\libbte.a(bte.o) (physbusif_init)
C:/devkitPro/libogc/lib/wii\libogc.a(console.o)
                              main.o (CON_Init)
C:/devkitPro/libogc/lib/wii\libogc.a(lwp_queue.o)
                              C:/devkitPro/libogc/lib/wii\libwiiuse.a(io_wii.o) (__lwp_queue_initialize)
C:/devkitPro/libogc/lib/wii\libogc.a(lwp_threads.o)
                              C:/devkitPro/libogc/lib/wii\libwiiuse.a(wpad.o) (_thread_dispatch_disable_level)
C:/devkitPro/libogc/lib/wii\libogc.a(lwp.o)
                              C:/devkitPro/libogc/lib/wii\libbte.a(bte.o) (LWP_InitQueue)
C:/devkitPro/libogc/lib/wii\libogc.a(lwp_handler.o)
                              C:/devkitPro/libogc/lib/wii\libogc.a(lwp_threads.o) (_cpu_context_save_fp)
C:/devkitPro/libogc/lib/wii\libogc.a(lwp_stack.o)
                              C:/devkitPro/libogc/lib/wii\libogc.a(lwp_threads.o) (__lwp_stack_allocate)
C:/devkitPro/libogc/lib/wii\libogc.a(lwp_watchdog.o)
                              C:/devkitPro/libogc/lib/wii\libogc.a(lwp_threads.o) (_wd_ticks_queue)
C:/devkitPro/libogc/lib/wii\libogc.a(lwp_wkspace.o)
                              C:/devkitPro/libogc/lib/wii\libwiiuse.a(motion_plus.o) (__wkspace_heap)
C:/devkitPro/libogc/lib/wii\libogc.a(lwp_objmgr.o)
                              C:/devkitPro/libogc/lib/wii\libogc.a(lwp.o) (__lwp_objmgr_initinfo)
C:/devkitPro/libogc/lib/wii\libogc.a(lwp_heap.o)
                              C:/devkitPro/libogc/lib/wii\libogc.a(lwp_wkspace.o) (__lwp_heap_init)
C:/devkitPro/libogc/lib/wii\libogc.a(sys_state.o)
                              C:/devkitPro/libogc/lib/wii\libogc.a(lwp_threads.o) (_sys_state_curr)
C:/devkitPro/libogc/lib/wii\libogc.a(irq.o)
                              C:/devkitPro/libogc/lib/wii\libwiiuse.a(io_wii.o) (IRQ_Disable)
C:/devkitPro/libogc/lib/wii\libogc.a(video.o)
                              C:/devkitPro/libogc/lib/wii\libogc.a(console.o) (VIDEO_GetCurrentFramebuffer)
C:/devkitPro/libogc/lib/wii\libogc.a(pad.o)
                              main.o (PAD_Init)
C:/devkitPro/libogc/lib/wii\libogc.a(system.o)
[...]
Memory Configuration

Name             Origin             Length             Attributes
*default*        0x00000000         0xffffffff

Linker script and memory map

                0x00003400                        . = 0x3400

.stub
 *(.stub)
                0x80004000                        . = 0x80004000

.init           0x80004000      0x194
 *crt0.o(*.init)
 .init          0x80004000      0x170 C:/devkitPro/libogc/lib/wii\libogc.a(ogc_crt0.o)
                0x80004000                _start
                0x80004140                _memset
 *(.init)
 .init          0x80004170        0xc C:/devkitPro/devkitPPC/bin/../lib/gcc/powerpc-eabi/13.1.0/ecrti.o
                0x80004170                __init
 .init          0x8000417c        0x4 C:/devkitPro/devkitPPC/bin/../lib/gcc/powerpc-eabi/13.1.0/crtbegin.o
 .init          0x80004180        0x4 C:/devkitPro/devkitPPC/bin/../lib/gcc/powerpc-eabi/13.1.0/crtend.o
 .init          0x80004184       0x10 C:/devkitPro/devkitPPC/bin/../lib/gcc/powerpc-eabi/13.1.0/ecrtn.o

.rela.dyn       0x80004194        0x0
 .rela.iplt     0x80004194        0x0 C:/devkitPro/devkitPPC/bin/../lib/gcc/powerpc-eabi/13.1.0/crtbegin.o

.plt
 *(.plt)

.interp
 *(.interp)

.hash
 *(.hash)

.dynsym
 *(.dynsym)

.dynstr
 *(.dynstr)

.gnu.version
 *(.gnu.version)

.gnu.version_d
 *(.gnu.version_d)

.gnu.version_r
 *(.gnu.version_r)

.rel.init
 *(.rel.init)

.rela.init
 *(.rela.init)

.rel.text
 *(.rel.text .rel.text.* .rel.gnu.linkonce.t.*)

.rela.text      0x80004194        0x0
 *(.rela.text .rela.text.* .rela.gnu.linkonce.t.*)
 .rela.text.__do_global_dtors_aux
                0x80004194        0x0 C:/devkitPro/devkitPPC/bin/../lib/gcc/powerpc-eabi/13.1.0/crtbegin.o
 .rela.text.frame_dummy
                0x80004194        0x0 C:/devkitPro/devkitPPC/bin/../lib/gcc/powerpc-eabi/13.1.0/crtbegin.o
 .rela.text.unlikely.abort
                0x80004194        0x0 C:/devkitPro/devkitPPC/bin/../lib/gcc/powerpc-eabi/13.1.0/crtbegin.o

.rel.fini
 *(.rel.fini)

.rela.fini
 *(.rela.fini)

.rel.rodata
 *(.rel.rodata .rel.rodata.* .rel.gnu.linkonce.r.*)

.rela.rodata
 *(.rela.rodata .rela.rodata.* .rela.gnu.linkonce.r.*)

.rel.data
 *(.rel.data .rel.data.* .rel.gnu.linkonce.d.*)

.rela.data
 *(.rela.data .rela.data.* .rela.gnu.linkonce.d.*)

.rel.tdata
 *(.rel.tdata .rel.tdata.* .rel.gnu.linkonce.td.*)

.rela.tdata
 *(.rela.tdata .rela.tdata.* .rela.gnu.linkonce.td.*)

.rel.tbss
 *(.rel.tbss .rel.tbss.* .rel.gnu.linkonce.tb.*)

.rela.tbss
 *(.rela.tbss .rela.tbss.* .rela.gnu.linkonce.tb.*)

.rel.ctors
 *(.rel.ctors)

.rela.ctors
 *(.rela.ctors)

.rel.dtors
 *(.rel.dtors)

.rela.dtors
 *(.rela.dtors)

.rel.got
 *(.rel.got)

.rela.got
 *(.rela.got)

.rela.got1
 *(.rela.got1)

.rela.got2
 *(.rela.got2)

.rel.sdata
 *(.rel.sdata .rel.sdata.* .rel.gnu.linkonce.s.*)

.rela.sdata
 *(.rela.sdata .rela.sdata.* .rela.gnu.linkonce.s.*)

.rel.sbss
 *(.rel.sbss .rel.sbss.* .rel.gnu.linkonce.sb.*)

.rela.sbss
 *(.rela.sbss .rela.sbss.* .rel.gnu.linkonce.sb.*)

.rel.sdata2
 *(.rel.sdata2 .rel.sdata2.* .rel.gnu.linkonce.s2.*)

.rela.sdata2
 *(.rela.sdata2 .rela.sdata2.* .rela.gnu.linkonce.s2.*)

.rel.sbss2
 *(.rel.sbss2 .rel.sbss2.* .rel.gnu.linkonce.sb2.*)

.rela.sbss2
 *(.rela.sbss2 .rela.sbss2.* .rela.gnu.linkonce.sb2.*)

.rel.bss
 *(.rel.bss .rel.bss.* .rel.gnu.linkonce.b.*)

.rela.bss
 *(.rela.bss .rela.bss.* .rela.gnu.linkonce.b.*)

.rel.plt
 *(.rel.plt)

.rela.plt
 *(.rela.plt)

.text           0x800041a0    0x20c80
 *(.text)
 .text          0x800041a0      0x44c C:/devkitPro/libogc/lib/wii\libogc.a(lwp_handler.o)
                0x800041a0                _cpu_context_save_fp
                0x800042e0                _cpu_context_restore_fp
                0x80004420                _cpu_context_switch
                0x80004500                _cpu_context_save
                0x80004580                _cpu_context_restore
 .text          0x800045ec      0x4a0 C:/devkitPro/libogc/lib/wii\libogc.a(system_asm.o)
                0x800045ec                __realmode
                0x80004604                __configBATS
                0x80004734                __InitFPRS
                0x80004860                __InitPS
                0x800048bc                __InitCache
                0x80004914                __InitSystem
                0x8000499c                __flush_cache
                0x800049d0                __reset
                0x80004a40                __InitBATS
                0x80004a5c                SYS_SwitchFiber
 .text          0x80004a8c      0x1ac C:/devkitPro/libogc/lib/wii\libogc.a(irq_handler.o)
                0x80004a8c                irq_exceptionhandler
 .text          0x80004c38      0x4f4 C:/devkitPro/libogc/lib/wii\libogc.a(cache_asm.o)
                0x80004c38                DCFlashInvalidate
                0x80004c4c                DCEnable
                0x80004c60                DCDisable
                0x80004c74                DCFreeze
                0x80004c88                DCUnfreeze
                0x80004c9c                DCTouchLoad
                0x80004ca4                DCBlockZero
                0x80004cac                DCBlockStore
                0x80004cb4                DCBlockFlush
                0x80004cbc                DCBlockInvalidate
                0x80004cc4                DCInvalidateRange
                0x80004cf4                DCFlushRange
                0x80004d28                DCStoreRange
                0x80004d5c                DCFlushRangeNoSync
                0x80004d8c                DCStoreRangeNoSync
                0x80004dbc                DCZeroRange
                0x80004dec                DCTouchRange
                0x80004e1c                ICInvalidateRange
                0x80004e54                ICFlashInvalidate
                0x80004e68                ICEnable
                0x80004e7c                ICDisable
                0x80004e90                ICFreeze
                0x80004ea4                ICUnfreeze
                0x80004eb8                ICBlockInvalidate
                0x80004ec0                ICSync
                0x80004ec8                L2Init
                0x80004f10                L2Enable
                0x80004f2c                L2Disable
                0x80004f44                L2GlobalInvalidate
                0x80004f9c                __LCEnable
                0x80005068                LCDisable
                0x80005090                LCAllocOneTag
                0x800050a4                LCAllocTags
                0x800050e4                LCLoadBlocks
                0x80005108                LCStoreBlocks
 .text          0x8000512c      0x1ac C:/devkitPro/libogc/lib/wii\libogc.a(decrementer_handler.o)
                0x8000512c                dec_exceptionhandler
 .text          0x800052d8      0x35c C:/devkitPro/libogc/lib/wii\libogc.a(exception_handler.o)
                0x800052d8                exceptionhandler_start
                0x80005354                exceptionhandler_patch
                0x80005388                exceptionhandler_end
                0x8000538c                default_exceptionhandler
                0x800054bc                fpu_exceptionhandler
                0x80005604                systemcallhandler_start
                0x80005630                systemcallhandler_end
 .text          0x80005634       0x48 C:/devkitPro/devkitPPC/bin/../lib/gcc/powerpc-eabi/13.1.0\libgcc.a(eabi.o)
                0x80005634                __eabi
 *(.text.*)
 .text.__do_global_dtors_aux
                0x8000567c       0xcc C:/devkitPro/devkitPPC/bin/../lib/gcc/powerpc-eabi/13.1.0/crtbegin.o
 .text.frame_dummy
                0x80005748       0x24 C:/devkitPro/devkitPPC/bin/../lib/gcc/powerpc-eabi/13.1.0/crtbegin.o
 .text.__crtmain
                0x8000576c       0x44 C:/devkitPro/devkitPPC/bin/../lib/gcc/powerpc-eabi/13.1.0/../../../../powerpc-eabi/lib/crtmain.o
                0x80005770                __crtmain
 .text.DrawBox  0x800057b0      0x328 draw.o
                0x800057b0                DrawBox
 .text.draw_targets
                0x80005ad8       0xb4 draw.o
                0x80005ad8                draw_targets
 .text.draw_ball
                0x80005b8c      0x110 draw.o
                0x80005b8c                draw_ball
 .text.draw_balls
                0x80005c9c        0x4 draw.o
                0x80005c9c                draw_balls
 .text.clear_screen
                0x80005ca0       0xac draw.o
                0x80005ca0                clear_screen
 .text.check_ball_collisions
                0x80005d4c       0x7c game.o
                0x80005d4c                check_ball_collisions
 .text.init_game
                0x80005dc8       0xa8 main.o
                0x80005dc8                init_game
 .text.Initialise
                0x80005e70       0xbc main.o
                0x80005e70                Initialise
 .text.startup.main
                0x80005f2c      0x1d8 main.o
                0x80005f2c                main
 .text.WPAD_ReadEvent
                0x80006104      0x68c C:/devkitPro/libogc/lib/wii\libwiiuse.a(wpad.o)
                0x80006104                WPAD_ReadEvent
 .text.WPAD_ReadPending
                0x80006790      0x1a0 C:/devkitPro/libogc/lib/wii\libwiiuse.a(wpad.o)
                0x80006790                WPAD_ReadPending
 .text.WPAD_ScanPads
                0x80006930       0x90 C:/devkitPro/libogc/lib/wii\libwiiuse.a(wpad.o)
                0x80006930                WPAD_ScanPads
 .text.calculate_gforce
                0x800069c0      0x114 C:/devkitPro/libogc/lib/wii\libwiiuse.a(dynamics.o)
                0x800069c0                calculate_gforce
 .text.calc_joystick_state
                0x80006ad4      0x210 C:/devkitPro/libogc/lib/wii\libwiiuse.a(dynamics.o)
                0x80006ad4                calc_joystick_state
 .text.apply_smoothing
                0x80006ce4      0x140 C:/devkitPro/libogc/lib/wii\libwiiuse.a(dynamics.o)
                0x80006ce4                apply_smoothing
 .text.calculate_orientation
                0x80006e24      0x340 C:/devkitPro/libogc/lib/wii\libwiiuse.a(dynamics.o)
                0x80006e24                calculate_orientation
 .text.calc_balanceboard_state
                0x80007164      0x3a4 C:/devkitPro/libogc/lib/wii\libwiiuse.a(dynamics.o)
                0x80007164                calc_balanceboard_state
 .text.rotate_dots
                0x80007508      0x13c C:/devkitPro/libogc/lib/wii\libwiiuse.a(ir.o)
 .text.find_sensorbar
                0x80007644      0xa00 C:/devkitPro/libogc/lib/wii\libwiiuse.a(ir.o)
                0x80007644                find_sensorbar
 .text.apply_ir_smoothing
                0x80008044      0x124 C:/devkitPro/libogc/lib/wii\libwiiuse.a(ir.o)
                0x80008044                apply_ir_smoothing
 .text.interpret_ir_data
                0x80008168      0x3c8 C:/devkitPro/libogc/lib/wii\libwiiuse.a(ir.o)
                0x80008168                interpret_ir_data
 .text.__console_clear_line
                0x80008530       0xb4 C:/devkitPro/libogc/lib/wii\libogc.a(console.o)
 .text.__console_clear
                0x800085e4       0xbc C:/devkitPro/libogc/lib/wii\libogc.a(console.o)
 .text.__console_write
                0x800086a0      0x82c C:/devkitPro/libogc/lib/wii\libogc.a(console.o)
                0x800086a0                __console_write
 .text.__console_init
                0x80008ecc      0x120 C:/devkitPro/libogc/lib/wii\libogc.a(console.o)
                0x80008ecc                __console_init
 .text.CON_Init
                0x80008fec        0x4 C:/devkitPro/libogc/lib/wii\libogc.a(console.o)
                0x80008fec                CON_Init
 .text.CON_EnableGecko
                0x80008ff0      0x100 C:/devkitPro/libogc/lib/wii\libogc.a(console.o)
                0x80008ff0                CON_EnableGecko
 .text.__lwp_queue_initialize
                0x800090f0       0x98 C:/devkitPro/libogc/lib/wii\libogc.a(lwp_queue.o)
                0x800090f0                __lwp_queue_initialize
 .text.__lwp_queue_get
                0x80009188       0x74 C:/devkitPro/libogc/lib/wii\libogc.a(lwp_queue.o)
                0x80009188                __lwp_queue_get
 .text.__lwp_queue_append
                0x800091fc       0x4c C:/devkitPro/libogc/lib/wii\libogc.a(lwp_queue.o)
                0x800091fc                __lwp_queue_append
 .text.__syscall_getreent
                0x80009248       0x24 C:/devkitPro/libogc/lib/wii\libogc.a(lwp_threads.o)
                0x80009248                __syscall_getreent
 .text.__lwp_isr_in_progress
                0x8000926c        0x8 C:/devkitPro/libogc/lib/wii\libogc.a(lwp_threads.o)
                0x8000926c                __lwp_isr_in_progress
 .text.__thread_dispatch_fp
                0x80009274       0x88 C:/devkitPro/libogc/lib/wii\libogc.a(lwp_threads.o)
                0x80009274                __thread_dispatch_fp
 .text.__thread_dispatch
                0x800092fc       0xf4 C:/devkitPro/libogc/lib/wii\libogc.a(lwp_threads.o)
                0x800092fc                __thread_dispatch
 .text.__lwp_thread_resettimeslice
                0x800093f0       0xb4 C:/devkitPro/libogc/lib/wii\libogc.a(lwp_threads.o)
                0x800093f0                __lwp_thread_resettimeslice
 .text.__lwp_thread_tickle_timeslice
                0x800094a4       0xc8 C:/devkitPro/libogc/lib/wii\libogc.a(lwp_threads.o)
                0x800094a4                __lwp_thread_tickle_timeslice
 .text.__lwp_thread_setstate
                0x8000956c      0x16c C:/devkitPro/libogc/lib/wii\libogc.a(lwp_threads.o)
                0x8000956c                __lwp_thread_setstate
 .text.__lwp_thread_clearstate
                0x800096d8       0xe4 C:/devkitPro/libogc/lib/wii\libogc.a(lwp_threads.o)
                0x800096d8                __lwp_thread_clearstate
 .text.__lwp_thread_settransient
                0x800097bc       0xb4 C:/devkitPro/libogc/lib/wii\libogc.a(lwp_threads.o)
                0x800097bc                __lwp_thread_settransient
 .text.__lwp_thread_changepriority
                0x80009870      0x1f8 C:/devkitPro/libogc/lib/wii\libogc.a(lwp_threads.o)
                0x80009870                __lwp_thread_changepriority
 .text.__lwp_thread_ready
                0x80009a68       0xf0 C:/devkitPro/libogc/lib/wii\libogc.a(lwp_threads.o)
                0x80009a68                __lwp_thread_ready
 .text.__lwp_thread_init
                0x80009b58      0x160 C:/devkitPro/libogc/lib/wii\libogc.a(lwp_threads.o)
                0x80009b58                __lwp_thread_init
 .text.__lwp_thread_close
                0x80009cb8      0x144 C:/devkitPro/libogc/lib/wii\libogc.a(lwp_threads.o)
                0x80009cb8                __lwp_thread_close
 .text.__lwp_thread_handler
                0x80009dfc       0xc0 C:/devkitPro/libogc/lib/wii\libogc.a(lwp_threads.o)
 .text.__lwp_thread_closeall
                0x80009ebc       0xb0 C:/devkitPro/libogc/lib/wii\libogc.a(lwp_threads.o)
                0x80009ebc                __lwp_thread_closeall
 .text.__lwp_thread_start
                0x80009f6c      0x150 C:/devkitPro/libogc/lib/wii\libogc.a(lwp_threads.o)
                0x80009f6c                __lwp_thread_start
 .text.__lwp_thread_startmultitasking
                0x8000a0bc       0xac C:/devkitPro/libogc/lib/wii\libogc.a(lwp_threads.o)
                0x8000a0bc                __lwp_thread_startmultitasking
 .text.__lwp_thread_stopmultitasking
                0x8000a168       0x58 C:/devkitPro/libogc/lib/wii\libogc.a(lwp_threads.o)
                0x8000a168                __lwp_thread_stopmultitasking
 .text.__lwp_thread_coreinit
                0x8000a1c0       0xc4 C:/devkitPro/libogc/lib/wii\libogc.a(lwp_threads.o)
                0x8000a1c0                __lwp_thread_coreinit
 .text.idle_func
                0x8000a284        0x4 C:/devkitPro/libogc/lib/wii\libogc.a(lwp.o)
 .text.__lwp_sysinit
                0x8000a288      0x114 C:/devkitPro/libogc/lib/wii\libogc.a(lwp.o)
                0x8000a288                __lwp_sysinit
 .text.LWP_InitQueue
                0x8000a39c      0x140 C:/devkitPro/libogc/lib/wii\libogc.a(lwp.o)
                0x8000a39c                LWP_InitQueue
 .text.LWP_CloseQueue
                0x8000a4dc       0xd4 C:/devkitPro/libogc/lib/wii\libogc.a(lwp.o)
                0x8000a4dc                LWP_CloseQueue
 .text.LWP_ThreadSleep
                0x8000a5b0       0xf8 C:/devkitPro/libogc/lib/wii\libogc.a(lwp.o)
                0x8000a5b0                LWP_ThreadSleep
 .text.LWP_ThreadBroadcast
                0x8000a6a8       0x88 C:/devkitPro/libogc/lib/wii\libogc.a(lwp.o)
                0x8000a6a8                LWP_ThreadBroadcast
 .text.LWP_ThreadSignal
                0x8000a730       0x74 C:/devkitPro/libogc/lib/wii\libogc.a(lwp.o)
                0x8000a730                LWP_ThreadSignal
 .text.__lwp_stack_allocate
                0x8000a7a4       0x60 C:/devkitPro/libogc/lib/wii\libogc.a(lwp_stack.o)
                0x8000a7a4                __lwp_stack_allocate
 .text.__lwp_stack_free
                0x8000a804       0x1c C:/devkitPro/libogc/lib/wii\libogc.a(lwp_stack.o)
                0x8000a804                __lwp_stack_free
 .text.__lwp_wd_settimer
                0x8000a820       0xe0 C:/devkitPro/libogc/lib/wii\libogc.a(lwp_watchdog.o)
 .text.__lwp_watchdog_init
                0x8000a900       0x2c C:/devkitPro/libogc/lib/wii\libogc.a(lwp_watchdog.o)
                0x8000a900                __lwp_watchdog_init
 .text.__lwp_wd_insert
                0x8000a92c      0x194 C:/devkitPro/libogc/lib/wii\libogc.a(lwp_watchdog.o)
                0x8000a92c                __lwp_wd_insert
 .text.__lwp_wd_remove
                0x8000aac0      0x138 C:/devkitPro/libogc/lib/wii\libogc.a(lwp_watchdog.o)
                0x8000aac0                __lwp_wd_remove
 .text.__lwp_wd_tickle
                0x8000abf8      0x120 C:/devkitPro/libogc/lib/wii\libogc.a(lwp_watchdog.o)
                0x8000abf8                __lwp_wd_tickle
 .text.__lwp_wkspace_init
                0x8000ad18       0xc0 C:/devkitPro/libogc/lib/wii\libogc.a(lwp_wkspace.o)
                0x8000ad18                __lwp_wkspace_init
 .text.__lwp_objmgr_initinfo
                0x8000add8      0x1a0 C:/devkitPro/libogc/lib/wii\libogc.a(lwp_objmgr.o)
                0x8000add8                __lwp_objmgr_initinfo
 .text.__lwp_objmgr_getisrdisable
                0x8000af78       0x60 C:/devkitPro/libogc/lib/wii\libogc.a(lwp_objmgr.o)
                0x8000af78                __lwp_objmgr_getisrdisable
 .text.__lwp_objmgr_getnoprotection
                0x8000afd8       0x24 C:/devkitPro/libogc/lib/wii\libogc.a(lwp_objmgr.o)
                0x8000afd8                __lwp_objmgr_getnoprotection
 .text.__lwp_objmgr_get
                0x8000affc       0x6c C:/devkitPro/libogc/lib/wii\libogc.a(lwp_objmgr.o)
                0x8000affc                __lwp_objmgr_get
 .text.__lwp_objmgr_allocate
                0x8000b068       0x88 C:/devkitPro/libogc/lib/wii\libogc.a(lwp_objmgr.o)
                0x8000b068                __lwp_objmgr_allocate
 .text.__lwp_objmgr_free
                0x8000b0f0       0x60 C:/devkitPro/libogc/lib/wii\libogc.a(lwp_objmgr.o)
                0x8000b0f0                __lwp_objmgr_free
 .text.__lwp_heap_init
                0x8000b150       0xa4 C:/devkitPro/libogc/lib/wii\libogc.a(lwp_heap.o)
                0x8000b150                __lwp_heap_init
 .text.__lwp_heap_allocate
                0x8000b1f4      0x160 C:/devkitPro/libogc/lib/wii\libogc.a(lwp_heap.o)
                0x8000b1f4                __lwp_heap_allocate
 .text.__lwp_heap_free
                0x8000b354      0x188 C:/devkitPro/libogc/lib/wii\libogc.a(lwp_heap.o)
                0x8000b354                __lwp_heap_free
 .text.__SetInterrupts
                0x8000b4dc      0x268 C:/devkitPro/libogc/lib/wii\libogc.a(irq.o)
 .text.c_irqdispatcher
                0x8000b744      0x278 C:/devkitPro/libogc/lib/wii\libogc.a(irq.o)
                0x8000b744                c_irqdispatcher
 .text.__UnmaskIrq
                0x8000b9bc       0x84 C:/devkitPro/libogc/lib/wii\libogc.a(irq.o)
                0x8000b9bc                __UnmaskIrq
 .text.__MaskIrq
                0x8000ba40       0x84 C:/devkitPro/libogc/lib/wii\libogc.a(irq.o)
                0x8000ba40                __MaskIrq
 .text.__irq_init
                0x8000bac4       0x84 C:/devkitPro/libogc/lib/wii\libogc.a(irq.o)
                0x8000bac4                __irq_init
 .text.IRQ_Request
                0x8000bb48       0x50 C:/devkitPro/libogc/lib/wii\libogc.a(irq.o)
                0x8000bb48                IRQ_Request
 .text.IRQ_GetHandler
                0x8000bb98       0x44 C:/devkitPro/libogc/lib/wii\libogc.a(irq.o)
                0x8000bb98                IRQ_GetHandler
 .text.__VISendI2CData.constprop.0.isra.0
                0x8000bbdc      0x450 C:/devkitPro/libogc/lib/wii\libogc.a(video.o)
 .text.__setFbbRegs.constprop.0
                0x8000c02c      0x190 C:/devkitPro/libogc/lib/wii\libogc.a(video.o)
 .text.__VISetYUVSEL
                0x8000c1bc       0xb8 C:/devkitPro/libogc/lib/wii\libogc.a(video.o)
 .text.VIDEO_Configure
                0x8000c274      0x5ec C:/devkitPro/libogc/lib/wii\libogc.a(video.o)
                0x8000c274                VIDEO_Configure
 .text.VIDEO_WaitVSync
                0x8000c860       0x74 C:/devkitPro/libogc/lib/wii\libogc.a(video.o)
                0x8000c860                VIDEO_WaitVSync
 .text.VIDEO_SetFramebuffer
                0x8000c8d4      0x108 C:/devkitPro/libogc/lib/wii\libogc.a(video.o)
                0x8000c8d4                VIDEO_SetFramebuffer
 .text.VIDEO_SetNextFramebuffer
                0x8000c9dc       0x70 C:/devkitPro/libogc/lib/wii\libogc.a(video.o)
                0x8000c9dc                VIDEO_SetNextFramebuffer
 .text.VIDEO_Flush
                0x8000ca4c       0xf4 C:/devkitPro/libogc/lib/wii\libogc.a(video.o)
                0x8000ca4c                VIDEO_Flush
 .text.VIDEO_SetBlack
                0x8000cb40      0x15c C:/devkitPro/libogc/lib/wii\libogc.a(video.o)
                0x8000cb40                VIDEO_SetBlack
 .text.VIDEO_GetCurrentTvMode
                0x8000cc9c       0x78 C:/devkitPro/libogc/lib/wii\libogc.a(video.o)
                0x8000cc9c                VIDEO_GetCurrentTvMode
 .text.__VIRetraceHandler
                0x8000cd14      0x298 C:/devkitPro/libogc/lib/wii\libogc.a(video.o)
 .text.__VISetupEncoder
                0x8000cfac      0x2cc C:/devkitPro/libogc/lib/wii\libogc.a(video.o)
 .text.VIDEO_Init
                0x8000d278      0x4e4 C:/devkitPro/libogc/lib/wii\libogc.a(video.o)
                0x8000d278                VIDEO_Init
 .text.VIDEO_GetPreferredMode
                0x8000d75c      0x108 C:/devkitPro/libogc/lib/wii\libogc.a(video.o)
                0x8000d75c                VIDEO_GetPreferredMode
 .text.VIDEO_GetCurrentLine
                0x8000d864       0x9c C:/devkitPro/libogc/lib/wii\libogc.a(video.o)
                0x8000d864                VIDEO_GetCurrentLine
 .text.VIDEO_GetFrameBufferSize
                0x8000d900       0x34 C:/devkitPro/libogc/lib/wii\libogc.a(video.o)
                0x8000d900                VIDEO_GetFrameBufferSize
 .text.SPEC1_MakeStatus
                0x8000d934      0x104 C:/devkitPro/libogc/lib/wii\libogc.a(pad.o)
 .text.__pad_samplinghandler
                0x8000da38        0x4 C:/devkitPro/libogc/lib/wii\libogc.a(pad.o)
 .text.__pad_doreset
                0x8000da3c       0x50 C:/devkitPro/libogc/lib/wii\libogc.a(pad.o)
 .text.__pad_updateorigin
                0x8000da8c       0xa4 C:/devkitPro/libogc/lib/wii\libogc.a(pad.o)
 .text.__pad_disable
                0x8000db30       0xbc C:/devkitPro/libogc/lib/wii\libogc.a(pad.o)
 .text.__pad_receivecheckcallback
                0x8000dbec       0x84 C:/devkitPro/libogc/lib/wii\libogc.a(pad.o)
 .text.__pad_typeandstatuscallback
                0x8000dc70      0x1ac C:/devkitPro/libogc/lib/wii\libogc.a(pad.o)
 .text.__pad_originupdatecallback
                0x8000de1c       0x2c C:/devkitPro/libogc/lib/wii\libogc.a(pad.o)
 .text.__pad_onreset
                0x8000de48      0x108 C:/devkitPro/libogc/lib/wii\libogc.a(pad.o)
 .text.SPEC2_MakeStatus
                0x8000df50      0x214 C:/devkitPro/libogc/lib/wii\libogc.a(pad.o)
 .text.__pad_origincallback
                0x8000e164       0x74 C:/devkitPro/libogc/lib/wii\libogc.a(pad.o)
 .text.__pad_probecallback
                0x8000e1d8       0x88 C:/devkitPro/libogc/lib/wii\libogc.a(pad.o)
 .text.__PADDisableRecalibration
                0x8000e260       0x64 C:/devkitPro/libogc/lib/wii\libogc.a(pad.o)
                0x8000e260                __PADDisableRecalibration
 .text.PAD_Reset
                0x8000e2c4       0xf0 C:/devkitPro/libogc/lib/wii\libogc.a(pad.o)
                0x8000e2c4                PAD_Reset
 .text.PAD_Read
                0x8000e3b4      0x2d4 C:/devkitPro/libogc/lib/wii\libogc.a(pad.o)
                0x8000e3b4                PAD_Read
 .text.PAD_Init
                0x8000e688       0xf8 C:/devkitPro/libogc/lib/wii\libogc.a(pad.o)
                0x8000e688                PAD_Init
 .text.PAD_ScanPads
                0x8000e780      0x15c C:/devkitPro/libogc/lib/wii\libogc.a(pad.o)
                0x8000e780                PAD_ScanPads
 .text.PAD_ButtonsDown
                0x8000e8dc       0x40 C:/devkitPro/libogc/lib/wii\libogc.a(pad.o)
                0x8000e8dc                PAD_ButtonsDown
 .text.PAD_StickX
                0x8000e91c       0x40 C:/devkitPro/libogc/lib/wii\libogc.a(pad.o)
                0x8000e91c                PAD_StickX
 .text.__call_resetfuncs
                0x8000e95c       0xbc C:/devkitPro/libogc/lib/wii\libogc.a(system.o)
 .text.__MEMInterruptHandler
                0x8000ea18       0x14 C:/devkitPro/libogc/lib/wii\libogc.a(system.o)
 .text.__RSWDefaultHandler
                0x8000ea2c        0x4 C:/devkitPro/libogc/lib/wii\libogc.a(system.o)
 .text.__POWDefaultHandler
                0x8000ea30        0x4 C:/devkitPro/libogc/lib/wii\libogc.a(system.o)
 .text.__STMEventHandler
                0x8000ea34      0x104 C:/devkitPro/libogc/lib/wii\libogc.a(system.o)
 .text.__getrtc
                0x8000eb38      0x13c C:/devkitPro/libogc/lib/wii\libogc.a(system.o)
 .text.__sram_write
                0x8000ec74      0x130 C:/devkitPro/libogc/lib/wii\libogc.a(system.o)
 .text.__sram_writecallback
                0x8000eda4       0x54 C:/devkitPro/libogc/lib/wii\libogc.a(system.o)
 .text.__mem_onreset
                0x8000edf8       0x48 C:/devkitPro/libogc/lib/wii\libogc.a(system.o)
 .text.__unlocksram
                0x8000ee40      0x174 C:/devkitPro/libogc/lib/wii\libogc.a(system.o)
 .text.__sys_alarmhandler
                0x8000efb4      0x154 C:/devkitPro/libogc/lib/wii\libogc.a(system.o)
 .text.__syscall_malloc_lock
                0x8000f108        0x4 C:/devkitPro/libogc/lib/wii\libogc.a(system.o)
                0x8000f108                __syscall_malloc_lock
 .text.__syscall_malloc_unlock
                0x8000f10c        0x4 C:/devkitPro/libogc/lib/wii\libogc.a(system.o)
                0x8000f10c                __syscall_malloc_unlock
 .text.__SYS_GetRTC
                0x8000f110       0xa0 C:/devkitPro/libogc/lib/wii\libogc.a(system.o)
                0x8000f110                __SYS_GetRTC
 .text.__SYS_SetBootTime
                0x8000f1b0      0x108 C:/devkitPro/libogc/lib/wii\libogc.a(system.o)
                0x8000f1b0                __SYS_SetBootTime
 .text.__SYS_GetIPCBufferLo
                0x8000f2b8        0x8 C:/devkitPro/libogc/lib/wii\libogc.a(system.o)
                0x8000f2b8                __SYS_GetIPCBufferLo
 .text.__SYS_GetIPCBufferHi
                0x8000f2c0        0x8 C:/devkitPro/libogc/lib/wii\libogc.a(system.o)
                0x8000f2c0                __SYS_GetIPCBufferHi
 .text.__SYS_PreInit
                0x8000f2c8        0x4 C:/devkitPro/libogc/lib/wii\libogc.a(system.o)
                0x8000f2c8                __SYS_PreInit
 .text.SYS_PreMain
                0x8000f2cc       0x7c C:/devkitPro/libogc/lib/wii\libogc.a(system.o)
                0x8000f2cc                SYS_PreMain
 .text.SYS_ResetButtonDown
                0x8000f348       0x18 C:/devkitPro/libogc/lib/wii\libogc.a(system.o)
                0x8000f348                SYS_ResetButtonDown
 .text.SYS_ResetSystem
                0x8000f360      0x210 C:/devkitPro/libogc/lib/wii\libogc.a(system.o)
                0x8000f360                SYS_ResetSystem
 .text.__reload
                0x8000f570       0x80 C:/devkitPro/libogc/lib/wii\libogc.a(system.o)
                0x8000f570                __reload
 .text.__syscall_exit
                0x8000f5f0       0x88 C:/devkitPro/libogc/lib/wii\libogc.a(system.o)
                0x8000f5f0                __syscall_exit
 .text.SYS_RegisterResetFunc
                0x8000f678       0x78 C:/devkitPro/libogc/lib/wii\libogc.a(system.o)
                0x8000f678                SYS_RegisterResetFunc
 .text.SYS_SetArena1Lo
                0x8000f6f0       0x38 C:/devkitPro/libogc/lib/wii\libogc.a(system.o)
                0x8000f6f0                SYS_SetArena1Lo
 .text.SYS_GetArena1Lo
                0x8000f728       0x38 C:/devkitPro/libogc/lib/wii\libogc.a(system.o)
                0x8000f728                SYS_GetArena1Lo
 .text.SYS_GetArena1Hi
                0x8000f760       0x38 C:/devkitPro/libogc/lib/wii\libogc.a(system.o)
                0x8000f760                SYS_GetArena1Hi
 .text.SYS_SetArena2Lo
                0x8000f798       0x38 C:/devkitPro/libogc/lib/wii\libogc.a(system.o)
                0x8000f798                SYS_SetArena2Lo
 .text.SYS_GetArena2Lo
                0x8000f7d0       0x38 C:/devkitPro/libogc/lib/wii\libogc.a(system.o)
                0x8000f7d0                SYS_GetArena2Lo
 .text.SYS_GetArena2Hi
                0x8000f808       0x38 C:/devkitPro/libogc/lib/wii\libogc.a(system.o)
                0x8000f808                SYS_GetArena2Hi
 .text.SYS_AllocateFramebuffer
                0x8000f840       0x28 C:/devkitPro/libogc/lib/wii\libogc.a(system.o)
                0x8000f840                SYS_AllocateFramebuffer
 .text.SYS_CreateAlarm
                0x8000f868       0xf0 C:/devkitPro/libogc/lib/wii\libogc.a(system.o)
                0x8000f868                SYS_CreateAlarm
 .text.SYS_SetAlarm
                0x8000f958      0x1e0 C:/devkitPro/libogc/lib/wii\libogc.a(system.o)
                0x8000f958                SYS_SetAlarm
 .text.SYS_CancelAlarm
                0x8000fb38       0xbc C:/devkitPro/libogc/lib/wii\libogc.a(system.o)
                0x8000fb38                SYS_CancelAlarm
 .text.SYS_GetWirelessID
                0x8000fbf4       0x94 C:/devkitPro/libogc/lib/wii\libogc.a(system.o)
                0x8000fbf4                SYS_GetWirelessID
 .text.SYS_SetWirelessID
                0x8000fc88       0x90 C:/devkitPro/libogc/lib/wii\libogc.a(system.o)
                0x8000fc88                SYS_SetWirelessID
 .text.SYS_SetGBSMode
                0x8000fd18       0xa8 C:/devkitPro/libogc/lib/wii\libogc.a(system.o)
                0x8000fd18                SYS_SetGBSMode
 .text.__sram_init
                0x8000fdc0      0x1b8 C:/devkitPro/libogc/lib/wii\libogc.a(system.o)
                0x8000fdc0                __sram_init
 .text.SYS_Init
                0x8000ff78      0x5e8 C:/devkitPro/libogc/lib/wii\libogc.a(system.o)
                0x8000ff78                SYS_Init
 .text.SYS_GetHollywoodRevision
                0x80010560       0x3c C:/devkitPro/libogc/lib/wii\libogc.a(system.o)
                0x80010560                SYS_GetHollywoodRevision
 .text.SYS_Time
                0x8001059c       0x78 C:/devkitPro/libogc/lib/wii\libogc.a(system.o)
                0x8001059c                SYS_Time
 .text.__lwp_cond_init
                0x80010614       0x14 C:/devkitPro/libogc/lib/wii\libogc.a(cond.o)
                0x80010614                __lwp_cond_init
 .text.__decrementer_init
                0x80010628        0x4 C:/devkitPro/libogc/lib/wii\libogc.a(decrementer.o)
                0x80010628                __decrementer_init
 .text.c_decrementer_handler
                0x8001062c        0xc C:/devkitPro/libogc/lib/wii\libogc.a(decrementer.o)
                0x8001062c                c_decrementer_handler
 .text.__lwp_mqbox_init
                0x80010638       0x14 C:/devkitPro/libogc/lib/wii\libogc.a(message.o)
                0x80010638                __lwp_mqbox_init
 .text.__si_transfer
                0x8001064c      0x1a4 C:/devkitPro/libogc/lib/wii\libogc.a(si.o)
 .text.__si_alarmhandler
                0x800107f0       0xdc C:/devkitPro/libogc/lib/wii\libogc.a(si.o)
 .text.__si_completetransfer
                0x800108cc      0x1fc C:/devkitPro/libogc/lib/wii\libogc.a(si.o)
 .text.__si_transfernext
                0x80010ac8       0xe0 C:/devkitPro/libogc/lib/wii\libogc.a(si.o)
 .text.SI_Busy  0x80010ba8       0x18 C:/devkitPro/libogc/lib/wii\libogc.a(si.o)
                0x80010ba8                SI_Busy
 .text.SI_IsChanBusy
                0x80010bc0       0x38 C:/devkitPro/libogc/lib/wii\libogc.a(si.o)
                0x80010bc0                SI_IsChanBusy
 .text.SI_SetXY
                0x80010bf8       0x64 C:/devkitPro/libogc/lib/wii\libogc.a(si.o)
                0x80010bf8                SI_SetXY
 .text.SI_EnablePolling
                0x80010c5c       0x80 C:/devkitPro/libogc/lib/wii\libogc.a(si.o)
                0x80010c5c                SI_EnablePolling
 .text.SI_DisablePolling
                0x80010cdc       0x58 C:/devkitPro/libogc/lib/wii\libogc.a(si.o)
                0x80010cdc                SI_DisablePolling
 .text.SI_SetSamplingRate
                0x80010d34       0xd8 C:/devkitPro/libogc/lib/wii\libogc.a(si.o)
                0x80010d34                SI_SetSamplingRate
 .text.SI_RefreshSamplingRate
                0x80010e0c        0x8 C:/devkitPro/libogc/lib/wii\libogc.a(si.o)
                0x80010e0c                SI_RefreshSamplingRate
 .text.SI_GetStatus
                0x80010e14       0x78 C:/devkitPro/libogc/lib/wii\libogc.a(si.o)
                0x80010e14                SI_GetStatus
 .text.SI_GetResponseRaw
                0x80010e8c       0xe8 C:/devkitPro/libogc/lib/wii\libogc.a(si.o)
                0x80010e8c                SI_GetResponseRaw
 .text.SI_GetResponse
                0x80010f74       0xb8 C:/devkitPro/libogc/lib/wii\libogc.a(si.o)
                0x80010f74                SI_GetResponse
 .text.SI_SetCommand
                0x8001102c       0x10 C:/devkitPro/libogc/lib/wii\libogc.a(si.o)
                0x8001102c                SI_SetCommand
 .text.SI_Transfer
                0x8001103c      0x26c C:/devkitPro/libogc/lib/wii\libogc.a(si.o)
                0x8001103c                SI_Transfer
 .text.__si_gettypecallback
                0x800112a8      0x2c0 C:/devkitPro/libogc/lib/wii\libogc.a(si.o)
 .text.__si_interrupthandler
                0x80011568      0x268 C:/devkitPro/libogc/lib/wii\libogc.a(si.o)
 .text.SI_GetType
                0x800117d0      0x1f4 C:/devkitPro/libogc/lib/wii\libogc.a(si.o)
                0x800117d0                SI_GetType
 .text.SI_GetTypeAsync
                0x800119c4      0x138 C:/devkitPro/libogc/lib/wii\libogc.a(si.o)
                0x800119c4                SI_GetTypeAsync
 .text.SI_EnablePollingInterrupt
                0x80011afc       0x8c C:/devkitPro/libogc/lib/wii\libogc.a(si.o)
                0x80011afc                SI_EnablePollingInterrupt
 .text.SI_UnregisterPollingHandler
                0x80011b88       0xe0 C:/devkitPro/libogc/lib/wii\libogc.a(si.o)
                0x80011b88                SI_UnregisterPollingHandler
 .text.__si_init
                0x80011c68       0xe8 C:/devkitPro/libogc/lib/wii\libogc.a(si.o)
                0x80011c68                __si_init
 .text.__ipc_sendrequest
                0x80011d50      0x104 C:/devkitPro/libogc/lib/wii\libogc.a(ipc.o)
 .text.__ipc_syncrequest
                0x80011e54       0xe4 C:/devkitPro/libogc/lib/wii\libogc.a(ipc.o)
 .text.__ioctlvfmtCB
                0x80011f38      0x158 C:/devkitPro/libogc/lib/wii\libogc.a(ipc.o)
 .text.__ios_ioctlvformat_parse
                0x80012090      0x820 C:/devkitPro/libogc/lib/wii\libogc.a(ipc.o)
 .text.__ipc_asyncrequest
                0x800128b0      0x13c C:/devkitPro/libogc/lib/wii\libogc.a(ipc.o)
 .text.__ipc_interrupthandler
                0x800129ec      0x34c C:/devkitPro/libogc/lib/wii\libogc.a(ipc.o)
 .text.iosCreateHeap
                0x80012d38      0x130 C:/devkitPro/libogc/lib/wii\libogc.a(ipc.o)
                0x80012d38                iosCreateHeap
 .text.__IPC_ClntInit
                0x80012e68       0xc8 C:/devkitPro/libogc/lib/wii\libogc.a(ipc.o)
                0x80012e68                __IPC_ClntInit
 .text.IOS_Open
                0x80012f30      0x110 C:/devkitPro/libogc/lib/wii\libogc.a(ipc.o)
                0x80012f30                IOS_Open
 .text.IOS_Close
                0x80013040       0xf0 C:/devkitPro/libogc/lib/wii\libogc.a(ipc.o)
                0x80013040                IOS_Close
 .text.IOS_Read
                0x80013130      0x10c C:/devkitPro/libogc/lib/wii\libogc.a(ipc.o)
                0x80013130                IOS_Read
 .text.IOS_Write
                0x8001323c      0x10c C:/devkitPro/libogc/lib/wii\libogc.a(ipc.o)
                0x8001323c                IOS_Write
 .text.IOS_Ioctl
                0x80013348      0x158 C:/devkitPro/libogc/lib/wii\libogc.a(ipc.o)
                0x80013348                IOS_Ioctl
 .text.IOS_IoctlAsync
                0x800134a0      0x148 C:/devkitPro/libogc/lib/wii\libogc.a(ipc.o)
                0x800134a0                IOS_IoctlAsync
 .text.IOS_Ioctlv
                0x800135e8      0x1f0 C:/devkitPro/libogc/lib/wii\libogc.a(ipc.o)
                0x800135e8                IOS_Ioctlv
 .text.IOS_IoctlvFormat
                0x800137d8      0x16c C:/devkitPro/libogc/lib/wii\libogc.a(ipc.o)
                0x800137d8                IOS_IoctlvFormat
 .text.IOS_IoctlvReboot
                0x80013944      0x1f4 C:/devkitPro/libogc/lib/wii\libogc.a(ipc.o)
                0x80013944                IOS_IoctlvReboot
 .text.gettick  0x80013b38        0x8 C:/devkitPro/libogc/lib/wii\libogc.a(timesupp.o)
                0x80013b38                gettick
 .text.gettime  0x80013b40       0x18 C:/devkitPro/libogc/lib/wii\libogc.a(timesupp.o)
                0x80013b40                gettime
 .text.settime  0x80013b58       0x14 C:/devkitPro/libogc/lib/wii\libogc.a(timesupp.o)
                0x80013b58                settime
 .text.diff_usec
                0x80013b6c       0x88 C:/devkitPro/libogc/lib/wii\libogc.a(timesupp.o)
                0x80013b6c                diff_usec
 .text.__timesystem_init
                0x80013bf4       0x1c C:/devkitPro/libogc/lib/wii\libogc.a(timesupp.o)
                0x80013bf4                __timesystem_init
 .text.udelay   0x80013c10       0xac C:/devkitPro/libogc/lib/wii\libogc.a(timesupp.o)
                0x80013c10                udelay
 .text.__syscall_lock_init
                0x80013cbc       0x6c C:/devkitPro/libogc/lib/wii\libogc.a(lock_supp.o)
                0x80013cbc                __syscall_lock_init
 .text.__syscall_lock_init_recursive
                0x80013d28       0x6c C:/devkitPro/libogc/lib/wii\libogc.a(lock_supp.o)
                0x80013d28                __syscall_lock_init_recursive
 .text.__syscall_lock_close
                0x80013d94       0x68 C:/devkitPro/libogc/lib/wii\libogc.a(lock_supp.o)
                0x80013d94                __syscall_lock_close
 .text.__syscall_lock_acquire
                0x80013dfc       0x18 C:/devkitPro/libogc/lib/wii\libogc.a(lock_supp.o)
                0x80013dfc                __syscall_lock_acquire
 .text.__syscall_lock_release
                0x80013e14       0x18 C:/devkitPro/libogc/lib/wii\libogc.a(lock_supp.o)
                0x80013e14                __syscall_lock_release
 .text.__usbgecko_exi_unlock
                0x80013e2c       0x34 C:/devkitPro/libogc/lib/wii\libogc.a(usbgecko.o)
 .text.usb_isgeckoalive
                0x80013e60      0x1bc C:/devkitPro/libogc/lib/wii\libogc.a(usbgecko.o)
                0x80013e60                usb_isgeckoalive
 .text.usb_sendbuffer_ex
                0x8001401c      0x214 C:/devkitPro/libogc/lib/wii\libogc.a(usbgecko.o)
                0x8001401c                usb_sendbuffer_ex
 .text.usb_sendbuffer
                0x80014230        0x8 C:/devkitPro/libogc/lib/wii\libogc.a(usbgecko.o)
                0x80014230                usb_sendbuffer
 .text.usb_sendbuffer_safe_ex
                0x80014238      0x2a8 C:/devkitPro/libogc/lib/wii\libogc.a(usbgecko.o)
                0x80014238                usb_sendbuffer_safe_ex
 .text.usb_sendbuffer_safe
                0x800144e0        0x8 C:/devkitPro/libogc/lib/wii\libogc.a(usbgecko.o)
                0x800144e0                usb_sendbuffer_safe
 .text._sbrk_r  0x800144e8      0x28c C:/devkitPro/libogc/lib/wii\libogc.a(sbrk.o)
                0x800144e8                _sbrk_r
 .text.__memlock_init
                0x80014774       0x7c C:/devkitPro/libogc/lib/wii\libogc.a(malloc_lock.o)
                0x80014774                __memlock_init
 .text.__libogc_malloc_lock
                0x800147f0      0x1fc C:/devkitPro/libogc/lib/wii\libogc.a(malloc_lock.o)
                0x800147f0                __libogc_malloc_lock
 .text.__libogc_malloc_unlock
                0x800149ec       0x64 C:/devkitPro/libogc/lib/wii\libogc.a(malloc_lock.o)
                0x800149ec                __libogc_malloc_unlock
 .text.__STM_SetEventHook
                0x80014a50       0xb0 C:/devkitPro/libogc/lib/wii\libogc.a(stm.o)
                0x80014a50                __STM_SetEventHook
 .text.__STM_Init
                0x80014b00       0x8c C:/devkitPro/libogc/lib/wii\libogc.a(stm.o)
                0x80014b00                __STM_Init
 .text.__STMEventHandler
                0x80014b8c       0x64 C:/devkitPro/libogc/lib/wii\libogc.a(stm.o)
 .text.__STM_ReleaseEventHook
                0x80014bf0       0x80 C:/devkitPro/libogc/lib/wii\libogc.a(stm.o)
                0x80014bf0                __STM_ReleaseEventHook
 .text.__STM_Close
                0x80014c70       0xac C:/devkitPro/libogc/lib/wii\libogc.a(stm.o)
                0x80014c70                __STM_Close
 .text.STM_RegisterEventHandler
                0x80014d1c       0x10 C:/devkitPro/libogc/lib/wii\libogc.a(stm.o)
                0x80014d1c                STM_RegisterEventHandler
 .text.STM_ShutdownToStandby
                0x80014d2c       0x50 C:/devkitPro/libogc/lib/wii\libogc.a(stm.o)
                0x80014d2c                STM_ShutdownToStandby
 .text.STM_ShutdownToIdle
                0x80014d7c       0x70 C:/devkitPro/libogc/lib/wii\libogc.a(stm.o)
                0x80014d7c                STM_ShutdownToIdle
 .text.STM_SetLedMode
                0x80014dec       0x40 C:/devkitPro/libogc/lib/wii\libogc.a(stm.o)
                0x80014dec                STM_SetLedMode
 .text.STM_RebootSystem
                0x80014e2c       0x50 C:/devkitPro/libogc/lib/wii\libogc.a(stm.o)
                0x80014e2c                STM_RebootSystem
 .text.__IOS_InitializeSubsystems
                0x80014e7c       0x44 C:/devkitPro/libogc/lib/wii\libogc.a(ios.o)
                0x80014e7c                __IOS_InitializeSubsystems
 .text.__IOS_ShutdownSubsystems
                0x80014ec0       0x44 C:/devkitPro/libogc/lib/wii\libogc.a(ios.o)
                0x80014ec0                __IOS_ShutdownSubsystems
 .text.__IOS_LoadStartupIOS
                0x80014f04        0x8 C:/devkitPro/libogc/lib/wii\libogc.a(ios.o)
                0x80014f04                __IOS_LoadStartupIOS
 .text._ES_fstat_r
                0x80014f0c      0x120 C:/devkitPro/libogc/lib/wii\libogc.a(es.o)
 .text._ES_seek_r
                0x8001502c       0xdc C:/devkitPro/libogc/lib/wii\libogc.a(es.o)
 .text._ES_close_r
                0x80015108       0xac C:/devkitPro/libogc/lib/wii\libogc.a(es.o)
 .text.__ES_Init
                0x800151b4       0x78 C:/devkitPro/libogc/lib/wii\libogc.a(es.o)
                0x800151b4                __ES_Init
 .text.__ES_Close
                0x8001522c       0x54 C:/devkitPro/libogc/lib/wii\libogc.a(es.o)
                0x8001522c                __ES_Close
 .text.ES_GetTitleID
                0x80015280       0x94 C:/devkitPro/libogc/lib/wii\libogc.a(es.o)
                0x80015280                ES_GetTitleID
 .text.ES_LaunchTitle
                0x80015314       0xa4 C:/devkitPro/libogc/lib/wii\libogc.a(es.o)
                0x80015314                ES_LaunchTitle
 .text.ES_GetNumTicketViews
                0x800153b8       0x98 C:/devkitPro/libogc/lib/wii\libogc.a(es.o)
                0x800153b8                ES_GetNumTicketViews
 .text.ES_GetTicketViews
                0x80015450       0x8c C:/devkitPro/libogc/lib/wii\libogc.a(es.o)
                0x80015450                ES_GetTicketViews
 .text.ES_GetStoredTMD
                0x800154dc       0x90 C:/devkitPro/libogc/lib/wii\libogc.a(es.o)
                0x800154dc                ES_GetStoredTMD
 .text._ES_decodepath
                0x8001556c      0x440 C:/devkitPro/libogc/lib/wii\libogc.a(es.o)
 .text._ES_stat_r
                0x800159ac       0xf4 C:/devkitPro/libogc/lib/wii\libogc.a(es.o)
 .text._ES_open_r
                0x80015aa0      0x1d0 C:/devkitPro/libogc/lib/wii\libogc.a(es.o)
 .text.ES_ReadContent
                0x80015c70       0x6c C:/devkitPro/libogc/lib/wii\libogc.a(es.o)
                0x80015c70                ES_ReadContent
 .text._ES_read_r
                0x80015cdc      0x17c C:/devkitPro/libogc/lib/wii\libogc.a(es.o)
 .text.__CheckARGV
                0x80015e58       0x80 C:/devkitPro/libogc/lib/wii\libogc.a(argv.o)
                0x80015e58                __CheckARGV
 .text.CONF_Init
                0x80015ed8      0x184 C:/devkitPro/libogc/lib/wii\libogc.a(conf.o)
                0x80015ed8                CONF_Init
 .text.__CONF_GetTxt
                0x8001605c      0x208 C:/devkitPro/libogc/lib/wii\libogc.a(conf.o)
                0x8001605c                __CONF_GetTxt
 .text.__CONF_Find
                0x80016264       0xfc C:/devkitPro/libogc/lib/wii\libogc.a(conf.o)
                0x80016264                __CONF_Find
 .text.CONF_GetLength
                0x80016360      0x12c C:/devkitPro/libogc/lib/wii\libogc.a(conf.o)
                0x80016360                CONF_GetLength
 .text.CONF_Get
                0x8001648c      0x140 C:/devkitPro/libogc/lib/wii\libogc.a(conf.o)
                0x8001648c                CONF_Get
 .text.CONF_GetShutdownMode
                0x800165cc       0x54 C:/devkitPro/libogc/lib/wii\libogc.a(conf.o)
                0x800165cc                CONF_GetShutdownMode
 .text.CONF_GetIdleLedMode
                0x80016620       0x54 C:/devkitPro/libogc/lib/wii\libogc.a(conf.o)
                0x80016620                CONF_GetIdleLedMode
 .text.CONF_GetProgressiveScan
                0x80016674       0x54 C:/devkitPro/libogc/lib/wii\libogc.a(conf.o)
                0x80016674                CONF_GetProgressiveScan
 .text.CONF_GetEuRGB60
                0x800166c8       0x54 C:/devkitPro/libogc/lib/wii\libogc.a(conf.o)
                0x800166c8                CONF_GetEuRGB60
 .text.CONF_GetCounterBias
                0x8001671c       0x4c C:/devkitPro/libogc/lib/wii\libogc.a(conf.o)
                0x8001671c                CONF_GetCounterBias
 .text.CONF_GetDisplayOffsetH
                0x80016768       0x4c C:/devkitPro/libogc/lib/wii\libogc.a(conf.o)
                0x80016768                CONF_GetDisplayOffsetH
 .text.CONF_GetVideo
                0x800167b4       0x88 C:/devkitPro/libogc/lib/wii\libogc.a(conf.o)
                0x800167b4                CONF_GetVideo
 .text.__WII_WriteNANDBootInfo.isra.0
                0x8001683c       0xbc C:/devkitPro/libogc/lib/wii\libogc.a(wiilaunch.o)
 .text.__WII_WriteStateFlags.isra.0
                0x800168f8       0x94 C:/devkitPro/libogc/lib/wii\libogc.a(wiilaunch.o)
 .text.WII_Initialize
                0x8001698c      0x188 C:/devkitPro/libogc/lib/wii\libogc.a(wiilaunch.o)
                0x8001698c                WII_Initialize
 .text.WII_LaunchTitle
                0x80016b14      0x1ac C:/devkitPro/libogc/lib/wii\libogc.a(wiilaunch.o)
                0x80016b14                WII_LaunchTitle
 .text.WII_ReturnToMenu
                0x80016cc0       0x58 C:/devkitPro/libogc/lib/wii\libogc.a(wiilaunch.o)
                0x80016cc0                WII_ReturnToMenu
 .text.__lwp_priority_init
                0x80016d18       0x1c C:/devkitPro/libogc/lib/wii\libogc.a(lwp_priority.o)
                0x80016d18                __lwp_priority_init
 .text.__lwp_threadqueue_enqueuefifo
                0x80016d34      0x12c C:/devkitPro/libogc/lib/wii\libogc.a(lwp_threadq.o)
                0x80016d34                __lwp_threadqueue_enqueuefifo
 .text.__lwp_threadqueue_dequeuefifo
                0x80016e60      0x134 C:/devkitPro/libogc/lib/wii\libogc.a(lwp_threadq.o)
                0x80016e60                __lwp_threadqueue_dequeuefifo
 .text.__lwp_threadqueue_enqueuepriority
                0x80016f94      0x334 C:/devkitPro/libogc/lib/wii\libogc.a(lwp_threadq.o)
                0x80016f94                __lwp_threadqueue_enqueuepriority
 .text.__lwp_threadqueue_dequeuepriority
                0x800172c8      0x1d8 C:/devkitPro/libogc/lib/wii\libogc.a(lwp_threadq.o)
                0x800172c8                __lwp_threadqueue_dequeuepriority
 .text.__lwp_threadqueue_init
                0x800174a0       0x64 C:/devkitPro/libogc/lib/wii\libogc.a(lwp_threadq.o)
                0x800174a0                __lwp_threadqueue_init
 .text.__lwp_threadqueue_enqueue
                0x80017504      0x138 C:/devkitPro/libogc/lib/wii\libogc.a(lwp_threadq.o)
                0x80017504                __lwp_threadqueue_enqueue
 .text.__lwp_threadqueue_dequeue
                0x8001763c       0x24 C:/devkitPro/libogc/lib/wii\libogc.a(lwp_threadq.o)
                0x8001763c                __lwp_threadqueue_dequeue
 .text.__lwp_threadqueue_flush
                0x80017660       0x68 C:/devkitPro/libogc/lib/wii\libogc.a(lwp_threadq.o)
                0x80017660                __lwp_threadqueue_flush
 .text.__lwp_threadqueue_extractfifo
                0x800176c8       0xe8 C:/devkitPro/libogc/lib/wii\libogc.a(lwp_threadq.o)
                0x800176c8                __lwp_threadqueue_extractfifo
 .text.__lwp_threadqueue_extractpriority
                0x800177b0      0x148 C:/devkitPro/libogc/lib/wii\libogc.a(lwp_threadq.o)
                0x800177b0                __lwp_threadqueue_extractpriority
 .text.__lwp_threadqueue_timeout
                0x800178f8       0xd0 C:/devkitPro/libogc/lib/wii\libogc.a(lwp_threadq.o)
 .text.__lwp_threadqueue_extractproxy
                0x800179c8       0x64 C:/devkitPro/libogc/lib/wii\libogc.a(lwp_threadq.o)
                0x800179c8                __lwp_threadqueue_extractproxy
 .text.__lwp_mutex_initialize
                0x80017a2c       0xa4 C:/devkitPro/libogc/lib/wii\libogc.a(lwp_mutex.o)
                0x80017a2c                __lwp_mutex_initialize
 .text.__lwp_mutex_surrender
                0x80017ad0      0x14c C:/devkitPro/libogc/lib/wii\libogc.a(lwp_mutex.o)
                0x80017ad0                __lwp_mutex_surrender
 .text.__lwp_mutex_seize_irq_blocking
                0x80017c1c       0xf8 C:/devkitPro/libogc/lib/wii\libogc.a(lwp_mutex.o)
                0x80017c1c                __lwp_mutex_seize_irq_blocking
 .text.__lwp_mutex_flush
                0x80017d14        0x4 C:/devkitPro/libogc/lib/wii\libogc.a(lwp_mutex.o)
                0x80017d14                __lwp_mutex_flush
 .text.__systemcall_init
                0x80017d18       0x70 C:/devkitPro/libogc/lib/wii\libogc.a(exception.o)
                0x80017d18                __systemcall_init
 .text.__exception_init
                0x80017d88      0x120 C:/devkitPro/libogc/lib/wii\libogc.a(exception.o)
                0x80017d88                __exception_init
 .text.__exception_close
                0x80017ea8       0xac C:/devkitPro/libogc/lib/wii\libogc.a(exception.o)
                0x80017ea8                __exception_close
 .text.__exception_closeall
                0x80017f54       0x80 C:/devkitPro/libogc/lib/wii\libogc.a(exception.o)
                0x80017f54                __exception_closeall
 .text.c_default_exceptionhandler
                0x80017fd4      0x458 C:/devkitPro/libogc/lib/wii\libogc.a(exception.o)
                0x80017fd4                c_default_exceptionhandler
 .text.__lwp_sema_init
                0x8001842c       0x14 C:/devkitPro/libogc/lib/wii\libogc.a(semaphore.o)
                0x8001842c                __lwp_sema_init
 .text.__exi_irq_handler
                0x80018440       0x58 C:/devkitPro/libogc/lib/wii\libogc.a(exi.o)
 .text.__ext_irq_handler
                0x80018498       0xc8 C:/devkitPro/libogc/lib/wii\libogc.a(exi.o)
 .text.__tc_irq_handler
                0x80018560      0x178 C:/devkitPro/libogc/lib/wii\libogc.a(exi.o)
 .text.__exi_probe
                0x800186d8      0x214 C:/devkitPro/libogc/lib/wii\libogc.a(exi.o)
 .text.__exi_attach
                0x800188ec      0x104 C:/devkitPro/libogc/lib/wii\libogc.a(exi.o)
 .text.EXI_Lock
                0x800189f0      0x218 C:/devkitPro/libogc/lib/wii\libogc.a(exi.o)
                0x800189f0                EXI_Lock
 .text.EXI_Unlock
                0x80018c08      0x224 C:/devkitPro/libogc/lib/wii\libogc.a(exi.o)
                0x80018c08                EXI_Unlock
 .text.EXI_Select
                0x80018e2c      0x208 C:/devkitPro/libogc/lib/wii\libogc.a(exi.o)
                0x80018e2c                EXI_Select
 .text.EXI_Deselect
                0x80019034      0x16c C:/devkitPro/libogc/lib/wii\libogc.a(exi.o)
                0x80019034                EXI_Deselect
 .text.EXI_Sync
                0x800191a0      0x108 C:/devkitPro/libogc/lib/wii\libogc.a(exi.o)
                0x800191a0                EXI_Sync
 .text.EXI_Imm  0x800192a8      0x1f8 C:/devkitPro/libogc/lib/wii\libogc.a(exi.o)
                0x800192a8                EXI_Imm
 .text.EXI_ImmEx
                0x800194a0       0xd8 C:/devkitPro/libogc/lib/wii\libogc.a(exi.o)
                0x800194a0                EXI_ImmEx
 .text.EXI_Dma  0x80019578      0x16c C:/devkitPro/libogc/lib/wii\libogc.a(exi.o)
                0x80019578                EXI_Dma
 .text.EXI_Detach
                0x800196e4       0xb0 C:/devkitPro/libogc/lib/wii\libogc.a(exi.o)
                0x800196e4                EXI_Detach
 .text.EXI_GetID
                0x80019794      0x338 C:/devkitPro/libogc/lib/wii\libogc.a(exi.o)
                0x80019794                EXI_GetID
 .text.__unlocked_handler
                0x80019acc       0x28 C:/devkitPro/libogc/lib/wii\libogc.a(exi.o)
 .text.EXI_ProbeReset
                0x80019af4       0x70 C:/devkitPro/libogc/lib/wii\libogc.a(exi.o)
                0x80019af4                EXI_ProbeReset
 .text.__exi_init
                0x80019b64      0x188 C:/devkitPro/libogc/lib/wii\libogc.a(exi.o)
                0x80019b64                __exi_init
 .text.__lwp_mutex_locksupp.constprop.0
                0x80019cec      0x2a8 C:/devkitPro/libogc/lib/wii\libogc.a(mutex.o)
 .text.__lwp_mutex_init
                0x80019f94       0x14 C:/devkitPro/libogc/lib/wii\libogc.a(mutex.o)
                0x80019f94                __lwp_mutex_init
 .text.LWP_MutexInit
                0x80019fa8      0x100 C:/devkitPro/libogc/lib/wii\libogc.a(mutex.o)
                0x80019fa8                LWP_MutexInit
 .text.LWP_MutexDestroy
                0x8001a0a8       0xf0 C:/devkitPro/libogc/lib/wii\libogc.a(mutex.o)
                0x8001a0a8                LWP_MutexDestroy
 .text.LWP_MutexLock
                0x8001a198        0x8 C:/devkitPro/libogc/lib/wii\libogc.a(mutex.o)
                0x8001a198                LWP_MutexLock
 .text.LWP_MutexUnlock
                0x8001a1a0       0x9c C:/devkitPro/libogc/lib/wii\libogc.a(mutex.o)
                0x8001a1a0                LWP_MutexUnlock
 .text.__GX_InitRevBits
                0x8001a23c       0x98 C:/devkitPro/libogc/lib/wii\libogc.a(gx.o)
 .text.GX_AbortFrame
                0x8001a2d4      0x3d8 C:/devkitPro/libogc/lib/wii\libogc.a(gx.o)
                0x8001a2d4                GX_AbortFrame
 .text.number   0x8001a6ac      0x318 C:/devkitPro/libogc/lib/wii\libogc.a(kprintf.o)
 .text.kvsprintf
                0x8001a9c4      0x888 C:/devkitPro/libogc/lib/wii\libogc.a(kprintf.o)
                0x8001a9c4                kvsprintf
 .text.kprintf  0x8001b24c       0xac C:/devkitPro/libogc/lib/wii\libogc.a(kprintf.o)
                0x8001b24c                kprintf
 .text.net_wc24cleanup
                0x8001b2f8       0x64 C:/devkitPro/libogc/lib/wii\libogc.a(network_wii.o)
                0x8001b2f8                net_wc24cleanup
 .text.atanf    0x8001b35c      0x290 C:/devkitPro/devkitPPC/bin/../lib/gcc/powerpc-eabi/13.1.0/../../../../powerpc-eabi/lib\libm.a(libm_a-sf_atan.o)
                0x8001b35c                atanf
 .text.atan2    0x8001b5ec        0x4 C:/devkitPro/devkitPPC/bin/../lib/gcc/powerpc-eabi/13.1.0/../../../../powerpc-eabi/lib\libm.a(libm_a-w_atan2.o)
                0x8001b5ec                atan2
 .text.fabsf    0x8001b5f0       0x20 C:/devkitPro/devkitPPC/bin/../lib/gcc/powerpc-eabi/13.1.0/../../../../powerpc-eabi/lib\libm.a(libm_a-sf_fabs.o)
                0x8001b5f0                fabsf
 .text.cosf     0x8001b610       0xe0 C:/devkitPro/devkitPPC/bin/../lib/gcc/powerpc-eabi/13.1.0/../../../../powerpc-eabi/lib\libm.a(libm_a-sf_cos.o)
                0x8001b610                cosf
 .text.sqrtf    0x8001b6f0       0x74 C:/devkitPro/devkitPPC/bin/../lib/gcc/powerpc-eabi/13.1.0/../../../../powerpc-eabi/lib\libm.a(libm_a-wf_sqrt.o)
                0x8001b6f0                sqrtf
 .text.hypotf   0x8001b764       0x8c C:/devkitPro/devkitPPC/bin/../lib/gcc/powerpc-eabi/13.1.0/../../../../powerpc-eabi/lib\libm.a(libm_a-wf_hypot.o)
                0x8001b764                hypotf
 .text.atan2f   0x8001b7f0        0x4 C:/devkitPro/devkitPPC/bin/../lib/gcc/powerpc-eabi/13.1.0/../../../../powerpc-eabi/lib\libm.a(libm_a-wf_atan2.o)
                0x8001b7f0                atan2f
 .text.__ieee754_hypotf
                0x8001b7f4      0x214 C:/devkitPro/devkitPPC/bin/../lib/gcc/powerpc-eabi/13.1.0/../../../../powerpc-eabi/lib\libm.a(libm_a-ef_hypot.o)
                0x8001b7f4                __ieee754_hypotf
 .text.__kernel_cosf
                0x8001ba08      0x188 C:/devkitPro/devkitPPC/bin/../lib/gcc/powerpc-eabi/13.1.0/../../../../powerpc-eabi/lib\libm.a(libm_a-kf_cos.o)
                0x8001ba08                __kernel_cosf
 .text.sincos   0x8001bb90       0x58 C:/devkitPro/devkitPPC/bin/../lib/gcc/powerpc-eabi/13.1.0/../../../../powerpc-eabi/lib\libm.a(libm_a-w_sincos.o)
                0x8001bb90                sincos
 .text.__ieee754_atan2
                0x8001bbe8      0x2b4 C:/devkitPro/devkitPPC/bin/../lib/gcc/powerpc-eabi/13.1.0/../../../../powerpc-eabi/lib\libm.a(libm_a-e_atan2.o)
                0x8001bbe8                __ieee754_atan2
 .text.finitef  0x8001be9c       0x2c C:/devkitPro/devkitPPC/bin/../lib/gcc/powerpc-eabi/13.1.0/../../../../powerpc-eabi/lib\libm.a(libm_a-sf_finite.o)
                0x8001be9c                finitef
 .text.sincosf  0x8001bec8       0x58 C:/devkitPro/devkitPPC/bin/../lib/gcc/powerpc-eabi/13.1.0/../../../../powerpc-eabi/lib\libm.a(libm_a-wf_sincos.o)
                0x8001bec8                sincosf
 .text.atan     0x8001bf20      0x2ac C:/devkitPro/devkitPPC/bin/../lib/gcc/powerpc-eabi/13.1.0/../../../../powerpc-eabi/lib\libm.a(libm_a-s_atan.o)
                0x8001bf20                atan
 .text.__ieee754_sqrtf
                0x8001c1cc      0x158 C:/devkitPro/devkitPPC/bin/../lib/gcc/powerpc-eabi/13.1.0/../../../../powerpc-eabi/lib\libm.a(libm_a-ef_sqrt.o)
                0x8001c1cc                __ieee754_sqrtf
 .text.__ieee754_atan2f
                0x8001c324      0x270 C:/devkitPro/devkitPPC/bin/../lib/gcc/powerpc-eabi/13.1.0/../../../../powerpc-eabi/lib\libm.a(libm_a-ef_atan2.o)
                0x8001c324                __ieee754_atan2f
 .text.__kernel_sinf
                0x8001c594       0xcc C:/devkitPro/devkitPPC/bin/../lib/gcc/powerpc-eabi/13.1.0/../../../../powerpc-eabi/lib\libm.a(libm_a-kf_sin.o)
                0x8001c594                __kernel_sinf
 .text.sin      0x8001c660       0xe0 C:/devkitPro/devkitPPC/bin/../lib/gcc/powerpc-eabi/13.1.0/../../../../powerpc-eabi/lib\libm.a(libm_a-s_sin.o)
                0x8001c660                sin
 .text.fabs     0x8001c740       0x28 C:/devkitPro/devkitPPC/bin/../lib/gcc/powerpc-eabi/13.1.0/../../../../powerpc-eabi/lib\libm.a(libm_a-s_fabs.o)
                0x8001c740                fabs
 .text.__ieee754_rem_pio2f
                0x8001c768      0x418 C:/devkitPro/devkitPPC/bin/../lib/gcc/powerpc-eabi/13.1.0/../../../../powerpc-eabi/lib\libm.a(libm_a-ef_rem_pio2.o)
                0x8001c768                __ieee754_rem_pio2f
 .text.__kernel_rem_pio2f
                0x8001cb80      0xee0 C:/devkitPro/devkitPPC/bin/../lib/gcc/powerpc-eabi/13.1.0/../../../../powerpc-eabi/lib\libm.a(libm_a-kf_rem_pio2.o)
                0x8001cb80                __kernel_rem_pio2f
 .text.__ieee754_rem_pio2
                0x8001da60      0x3e8 C:/devkitPro/devkitPPC/bin/../lib/gcc/powerpc-eabi/13.1.0/../../../../powerpc-eabi/lib\libm.a(libm_a-e_rem_pio2.o)
                0x8001da60                __ieee754_rem_pio2
 .text.floorf   0x8001de48      0x110 C:/devkitPro/devkitPPC/bin/../lib/gcc/powerpc-eabi/13.1.0/../../../../powerpc-eabi/lib\libm.a(libm_a-sf_floor.o)
                0x8001de48                floorf
 .text.__kernel_rem_pio2
                0x8001df58      0xeb0 C:/devkitPro/devkitPPC/bin/../lib/gcc/powerpc-eabi/13.1.0/../../../../powerpc-eabi/lib\libm.a(libm_a-k_rem_pio2.o)
                0x8001df58                __kernel_rem_pio2
 .text.scalbn   0x8001ee08      0x194 C:/devkitPro/devkitPPC/bin/../lib/gcc/powerpc-eabi/13.1.0/../../../../powerpc-eabi/lib\libm.a(libm_a-s_scalbn.o)
                0x8001ee08                scalbn
 .text.scalbnf  0x8001ef9c      0x174 C:/devkitPro/devkitPPC/bin/../lib/gcc/powerpc-eabi/13.1.0/../../../../powerpc-eabi/lib\libm.a(libm_a-sf_scalbn.o)
                0x8001ef9c                scalbnf
 .text.__kernel_sin
                0x8001f110       0xcc C:/devkitPro/devkitPPC/bin/../lib/gcc/powerpc-eabi/13.1.0/../../../../powerpc-eabi/lib\libm.a(libm_a-k_sin.o)
                0x8001f110                __kernel_sin
 .text.cos      0x8001f1dc       0xdc C:/devkitPro/devkitPPC/bin/../lib/gcc/powerpc-eabi/13.1.0/../../../../powerpc-eabi/lib\libm.a(libm_a-s_cos.o)
                0x8001f1dc                cos
 .text.sinf     0x8001f2b8       0xe4 C:/devkitPro/devkitPPC/bin/../lib/gcc/powerpc-eabi/13.1.0/../../../../powerpc-eabi/lib\libm.a(libm_a-sf_sin.o)
                0x8001f2b8                sinf
 .text.floor    0x8001f39c      0x180 C:/devkitPro/devkitPPC/bin/../lib/gcc/powerpc-eabi/13.1.0/../../../../powerpc-eabi/lib\libm.a(libm_a-s_floor.o)
                0x8001f39c                floor
 .text.__kernel_cos
                0x8001f51c      0x188 C:/devkitPro/devkitPPC/bin/../lib/gcc/powerpc-eabi/13.1.0/../../../../powerpc-eabi/lib\libm.a(libm_a-k_cos.o)
                0x8001f51c                __kernel_cos
 .text.__udivdi3
                0x8001f6a4      0x3bc C:/devkitPro/devkitPPC/bin/../lib/gcc/powerpc-eabi/13.1.0\libgcc.a(_udivdi3.o)
                0x8001f6a4                __udivdi3
 .text.__umoddi3
                0x8001fa60      0x390 C:/devkitPro/devkitPPC/bin/../lib/gcc/powerpc-eabi/13.1.0\libgcc.a(_umoddi3.o)
                0x8001fa60                __umoddi3
 .text.unlikely.abort
                0x8001fdf0       0x34 C:/devkitPro/devkitPPC/bin/../lib/gcc/powerpc-eabi/13.1.0/../../../../powerpc-eabi/lib\libsysbase.a(libsysbase_libsysbase_a-abort.o)
                0x8001fdf0                abort
 .text.build_argv
                0x8001fe24      0x118 C:/devkitPro/devkitPPC/bin/../lib/gcc/powerpc-eabi/13.1.0/../../../../powerpc-eabi/lib\libsysbase.a(libsysbase_libsysbase_a-build_argv.o)
                0x8001fe24                build_argv
 .text.__getreent
                0x8001ff3c       0x20 C:/devkitPro/devkitPPC/bin/../lib/gcc/powerpc-eabi/13.1.0/../../../../powerpc-eabi/lib\libsysbase.a(libsysbase_libsysbase_a-getreent.o)
                0x8001ff3c                __getreent
 .text.null_write
                0x8001ff5c        0x8 C:/devkitPro/devkitPPC/bin/../lib/gcc/powerpc-eabi/13.1.0/../../../../powerpc-eabi/lib\libsysbase.a(libsysbase_libsysbase_a-iosupport.o)
 .text.FindDevice
                0x8001ff64      0x14c C:/devkitPro/devkitPPC/bin/../lib/gcc/powerpc-eabi/13.1.0/../../../../powerpc-eabi/lib\libsysbase.a(libsysbase_libsysbase_a-iosupport.o)
                0x8001ff64                FindDevice
 .text.RemoveDevice
                0x800200b0       0x44 C:/devkitPro/devkitPPC/bin/../lib/gcc/powerpc-eabi/13.1.0/../../../../powerpc-eabi/lib\libsysbase.a(libsysbase_libsysbase_a-iosupport.o)
                0x800200b0                RemoveDevice
 .text.AddDevice
                0x800200f4      0x118 C:/devkitPro/devkitPPC/bin/../lib/gcc/powerpc-eabi/13.1.0/../../../../powerpc-eabi/lib\libsysbase.a(libsysbase_libsysbase_a-iosupport.o)
                0x800200f4                AddDevice
 .text._exit    0x8002020c       0x28 C:/devkitPro/devkitPPC/bin/../lib/gcc/powerpc-eabi/13.1.0/../../../../powerpc-eabi/lib\libsysbase.a(libsysbase_libsysbase_a-_exit.o)
                0x8002020c                _exit
 .text.strcmp   0x80020234       0x9c C:/devkitPro/devkitPPC/bin/../lib/gcc/powerpc-eabi/13.1.0/../../../../powerpc-eabi/lib\libc.a(libc_a-strcmp.o)
                0x80020234                strcmp
 .text.memset   0x800202d0      0x198 C:/devkitPro/devkitPPC/bin/../lib/gcc/powerpc-eabi/13.1.0/../../../../powerpc-eabi/lib\libc.a(libc_a-memset.o)
                0x800202d0                memset
 .text.strchr   0x80020468      0x154 C:/devkitPro/devkitPPC/bin/../lib/gcc/powerpc-eabi/13.1.0/../../../../powerpc-eabi/lib\libc.a(libc_a-strchr.o)
                0x80020468                strchr
 .text.memcpy   0x800205bc      0x124 C:/devkitPro/devkitPPC/bin/../lib/gcc/powerpc-eabi/13.1.0/../../../../powerpc-eabi/lib\libc.a(libc_a-memcpy.o)
                0x800205bc                memcpy
 .text._strtoul_l.isra.0
                0x800206e0      0x210 C:/devkitPro/devkitPPC/bin/../lib/gcc/powerpc-eabi/13.1.0/../../../../powerpc-eabi/lib\libc.a(libc_a-strtoul.o)
 .text._strtoul_r
                0x800208f0       0x60 C:/devkitPro/devkitPPC/bin/../lib/gcc/powerpc-eabi/13.1.0/../../../../powerpc-eabi/lib\libc.a(libc_a-strtoul.o)
                0x800208f0                _strtoul_r
 .text.setvbuf  0x80020950      0x2d0 C:/devkitPro/devkitPPC/bin/../lib/gcc/powerpc-eabi/13.1.0/../../../../powerpc-eabi/lib\libc.a(libc_a-setvbuf.o)
                0x80020950                setvbuf
 .text.strncmp  0x80020c20       0xdc C:/devkitPro/devkitPPC/bin/../lib/gcc/powerpc-eabi/13.1.0/../../../../powerpc-eabi/lib\libc.a(libc_a-strncmp.o)
                0x80020c20                strncmp
 .text.memmove  0x80020cfc      0x1bc C:/devkitPro/devkitPPC/bin/../lib/gcc/powerpc-eabi/13.1.0/../../../../powerpc-eabi/lib\libc.a(libc_a-memmove.o)
                0x80020cfc                memmove
 .text.calloc   0x80020eb8       0x40 C:/devkitPro/devkitPPC/bin/../lib/gcc/powerpc-eabi/13.1.0/../../../../powerpc-eabi/lib\libc.a(libc_a-calloc.o)
                0x80020eb8                calloc
 .text.__errno  0x80020ef8       0x20 C:/devkitPro/devkitPPC/bin/../lib/gcc/powerpc-eabi/13.1.0/../../../../powerpc-eabi/lib\libc.a(libc_a-errno.o)
                0x80020ef8                __errno
 .text._strtoull_l.isra.0
                0x80020f18      0x2fc C:/devkitPro/devkitPPC/bin/../lib/gcc/powerpc-eabi/13.1.0/../../../../powerpc-eabi/lib\libc.a(libc_a-strtoull.o)
 .text._strtoull_r
                0x80021214       0x60 C:/devkitPro/devkitPPC/bin/../lib/gcc/powerpc-eabi/13.1.0/../../../../powerpc-eabi/lib\libc.a(libc_a-strtoull.o)
                0x80021214                _strtoull_r
 .text._calloc_r
                0x80021274      0x100 C:/devkitPro/devkitPPC/bin/../lib/gcc/powerpc-eabi/13.1.0/../../../../powerpc-eabi/lib\libc.a(libc_a-callocr.o)
                0x80021274                _calloc_r
 .text.strlen   0x80021374       0x80 C:/devkitPro/devkitPPC/bin/../lib/gcc/powerpc-eabi/13.1.0/../../../../powerpc-eabi/lib\libc.a(libc_a-strlen.o)
                0x80021374                strlen
 .text._memalign_r
                0x800213f4      0x1dc C:/devkitPro/devkitPPC/bin/../lib/gcc/powerpc-eabi/13.1.0/../../../../powerpc-eabi/lib\libc.a(libc_a-malignr.o)
                0x800213f4                _memalign_r
 .text._malloc_r
                0x800215d0      0x85c C:/devkitPro/devkitPPC/bin/../lib/gcc/powerpc-eabi/13.1.0/../../../../powerpc-eabi/lib\libc.a(libc_a-mallocr.o)
                0x800215d0                _malloc_r
 .text._malloc_trim_r
                0x80021e2c      0x138 C:/devkitPro/devkitPPC/bin/../lib/gcc/powerpc-eabi/13.1.0/../../../../powerpc-eabi/lib\libc.a(libc_a-freer.o)
                0x80021e2c                _malloc_trim_r
 .text._free_r  0x80021f64      0x330 C:/devkitPro/devkitPPC/bin/../lib/gcc/powerpc-eabi/13.1.0/../../../../powerpc-eabi/lib\libc.a(libc_a-freer.o)
                0x80021f64                _free_r
 .text.memcmp   0x80022294      0x13c C:/devkitPro/devkitPPC/bin/../lib/gcc/powerpc-eabi/13.1.0/../../../../powerpc-eabi/lib\libc.a(libc_a-memcmp.o)
                0x80022294                memcmp
 .text.malloc   0x800223d0       0x58 C:/devkitPro/devkitPPC/bin/../lib/gcc/powerpc-eabi/13.1.0/../../../../powerpc-eabi/lib\libc.a(libc_a-malloc.o)
                0x800223d0                malloc
 .text.free     0x80022428       0x30 C:/devkitPro/devkitPPC/bin/../lib/gcc/powerpc-eabi/13.1.0/../../../../powerpc-eabi/lib\libc.a(libc_a-malloc.o)
                0x80022428                free
 .text._reclaim_reent
                0x80022458      0x10c C:/devkitPro/devkitPPC/bin/../lib/gcc/powerpc-eabi/13.1.0/../../../../powerpc-eabi/lib\libc.a(libc_a-reent.o)
                0x80022458                _reclaim_reent
 .text._realloc_r
                0x80022564      0x584 C:/devkitPro/devkitPPC/bin/../lib/gcc/powerpc-eabi/13.1.0/../../../../powerpc-eabi/lib\libc.a(libc_a-reallocr.o)
                0x80022564                _realloc_r
 .text.stdio_exit_handler
                0x80022ae8       0x1c C:/devkitPro/devkitPPC/bin/../lib/gcc/powerpc-eabi/13.1.0/../../../../powerpc-eabi/lib\libc.a(libc_a-findfp.o)
 .text.cleanup_stdio
                0x80022b04       0x88 C:/devkitPro/devkitPPC/bin/../lib/gcc/powerpc-eabi/13.1.0/../../../../powerpc-eabi/lib\libc.a(libc_a-findfp.o)
 .text.global_stdio_init.part.0
                0x80022b8c      0x184 C:/devkitPro/devkitPPC/bin/../lib/gcc/powerpc-eabi/13.1.0/../../../../powerpc-eabi/lib\libc.a(libc_a-findfp.o)
 .text.__sinit  0x80022d10       0xa4 C:/devkitPro/devkitPPC/bin/../lib/gcc/powerpc-eabi/13.1.0/../../../../powerpc-eabi/lib\libc.a(libc_a-findfp.o)
                0x80022d10                __sinit
 .text.__sfp_lock_acquire
                0x80022db4       0x40 C:/devkitPro/devkitPPC/bin/../lib/gcc/powerpc-eabi/13.1.0/../../../../powerpc-eabi/lib\libc.a(libc_a-findfp.o)
                0x80022db4                __sfp_lock_acquire
 .text.__sfp_lock_release
                0x80022df4        0xc C:/devkitPro/devkitPPC/bin/../lib/gcc/powerpc-eabi/13.1.0/../../../../powerpc-eabi/lib\libc.a(libc_a-findfp.o)
                0x80022df4                __sfp_lock_release
 .text._puts_r  0x80022e00      0x13c C:/devkitPro/devkitPPC/bin/../lib/gcc/powerpc-eabi/13.1.0/../../../../powerpc-eabi/lib\libc.a(libc_a-puts.o)
                0x80022e00                _puts_r
 .text.puts     0x80022f3c       0x30 C:/devkitPro/devkitPPC/bin/../lib/gcc/powerpc-eabi/13.1.0/../../../../powerpc-eabi/lib\libc.a(libc_a-puts.o)
                0x80022f3c                puts
 .text.__sfvwrite_r
                0x80022f6c      0x5b0 C:/devkitPro/devkitPPC/bin/../lib/gcc/powerpc-eabi/13.1.0/../../../../powerpc-eabi/lib\libc.a(libc_a-fvwrite.o)
                0x80022f6c                __sfvwrite_r
 .text.exit     0x8002351c       0x3c C:/devkitPro/devkitPPC/bin/../lib/gcc/powerpc-eabi/13.1.0/../../../../powerpc-eabi/lib\libc.a(libc_a-exit.o)
                0x8002351c                exit
 .text.memchr   0x80023558      0x1b0 C:/devkitPro/devkitPPC/bin/../lib/gcc/powerpc-eabi/13.1.0/../../../../powerpc-eabi/lib\libc.a(libc_a-memchr.o)
                0x80023558                memchr
 .text.write    0x80023708       0x50 C:/devkitPro/devkitPPC/bin/../lib/gcc/powerpc-eabi/13.1.0/../../../../powerpc-eabi/lib\libc.a(libc_a-syswrite.o)
                0x80023708                write
 .text.strnlen  0x80023758       0xc8 C:/devkitPro/devkitPPC/bin/../lib/gcc/powerpc-eabi/13.1.0/../../../../powerpc-eabi/lib\libc.a(libc_a-strnlen.o)
                0x80023758                strnlen
 .text.memalign
                0x80023820       0x40 C:/devkitPro/devkitPPC/bin/../lib/gcc/powerpc-eabi/13.1.0/../../../../powerpc-eabi/lib\libc.a(libc_a-malign.o)
                0x80023820                memalign
 .text._fwalk_sglue
                0x80023860       0xb4 C:/devkitPro/devkitPPC/bin/../lib/gcc/powerpc-eabi/13.1.0/../../../../powerpc-eabi/lib\libc.a(libc_a-fwalk.o)
                0x80023860                _fwalk_sglue
 .text.__smakebuf_r
                0x80023914      0x190 C:/devkitPro/devkitPPC/bin/../lib/gcc/powerpc-eabi/13.1.0/../../../../powerpc-eabi/lib\libc.a(libc_a-makebuf.o)
                0x80023914                __smakebuf_r
 .text.__swhatbuf_r
                0x80023aa4       0xec C:/devkitPro/devkitPPC/bin/../lib/gcc/powerpc-eabi/13.1.0/../../../../powerpc-eabi/lib\libc.a(libc_a-makebuf.o)
                0x80023aa4                __swhatbuf_r
 .text.__sflush_r
                0x80023b90      0x2f4 C:/devkitPro/devkitPPC/bin/../lib/gcc/powerpc-eabi/13.1.0/../../../../powerpc-eabi/lib\libc.a(libc_a-fflush.o)
                0x80023b90                __sflush_r
 .text._fflush_r
                0x80023e84      0x108 C:/devkitPro/devkitPPC/bin/../lib/gcc/powerpc-eabi/13.1.0/../../../../powerpc-eabi/lib\libc.a(libc_a-fflush.o)
                0x80023e84                _fflush_r
 .text.__swsetup_r
                0x80023f8c      0x16c C:/devkitPro/devkitPPC/bin/../lib/gcc/powerpc-eabi/13.1.0/../../../../powerpc-eabi/lib\libc.a(libc_a-wsetup.o)
                0x80023f8c                __swsetup_r
 .text._fclose_r
                0x800240f8      0x1e0 C:/devkitPro/devkitPPC/bin/../lib/gcc/powerpc-eabi/13.1.0/../../../../powerpc-eabi/lib\libc.a(libc_a-fclose.o)
                0x800240f8                _fclose_r
 .text.startup.register_fini
                0x800242d8        0xc C:/devkitPro/devkitPPC/bin/../lib/gcc/powerpc-eabi/13.1.0/../../../../powerpc-eabi/lib\libc.a(libc_a-__call_atexit.o)
 .text.__call_exitprocs
                0x800242e4      0x200 C:/devkitPro/devkitPPC/bin/../lib/gcc/powerpc-eabi/13.1.0/../../../../powerpc-eabi/lib\libc.a(libc_a-__call_atexit.o)
                0x800242e4                __call_exitprocs
 .text.__sread  0x800244e4       0x74 C:/devkitPro/devkitPPC/bin/../lib/gcc/powerpc-eabi/13.1.0/../../../../powerpc-eabi/lib\libc.a(libc_a-stdio.o)
                0x800244e4                __sread
 .text.__swrite
                0x80024558       0xb8 C:/devkitPro/devkitPPC/bin/../lib/gcc/powerpc-eabi/13.1.0/../../../../powerpc-eabi/lib\libc.a(libc_a-stdio.o)
                0x80024558                __swrite
 .text.__sseek  0x80024610       0x70 C:/devkitPro/devkitPPC/bin/../lib/gcc/powerpc-eabi/13.1.0/../../../../powerpc-eabi/lib\libc.a(libc_a-stdio.o)
                0x80024610                __sseek
 .text.__sclose
                0x80024680        0x8 C:/devkitPro/devkitPPC/bin/../lib/gcc/powerpc-eabi/13.1.0/../../../../powerpc-eabi/lib\libc.a(libc_a-stdio.o)
                0x80024680                __sclose
 .text.atexit   0x80024688       0x14 C:/devkitPro/devkitPPC/bin/../lib/gcc/powerpc-eabi/13.1.0/../../../../powerpc-eabi/lib\libc.a(libc_a-atexit.o)
                0x80024688                atexit
 .text.__register_exitproc
                0x8002469c      0x12c C:/devkitPro/devkitPPC/bin/../lib/gcc/powerpc-eabi/13.1.0/../../../../powerpc-eabi/lib\libc.a(libc_a-__atexit.o)
                0x8002469c                __register_exitproc
 .text.__flockfile
                0x800247c8       0x38 C:/devkitPro/devkitPPC/bin/../lib/gcc/powerpc-eabi/13.1.0/../../../../powerpc-eabi/lib\libsysbase.a(libsysbase_libsysbase_a-flock.o)
                0x800247c8                __flockfile
 .text.__funlockfile
                0x80024800        0x8 C:/devkitPro/devkitPPC/bin/../lib/gcc/powerpc-eabi/13.1.0/../../../../powerpc-eabi/lib\libsysbase.a(libsysbase_libsysbase_a-flock.o)
                0x80024800                __funlockfile
 .text._fstat_r
                0x80024808       0xb0 C:/devkitPro/devkitPPC/bin/../lib/gcc/powerpc-eabi/13.1.0/../../../../powerpc-eabi/lib\libsysbase.a(libsysbase_libsysbase_a-fstat.o)
                0x80024808                _fstat_r
 .text.__get_handle
                0x800248b8       0x90 C:/devkitPro/devkitPPC/bin/../lib/gcc/powerpc-eabi/13.1.0/../../../../powerpc-eabi/lib\libsysbase.a(libsysbase_libsysbase_a-handle_manager.o)
                0x800248b8                __get_handle
 .text._close_r
                0x80024948      0x178 C:/devkitPro/devkitPPC/bin/../lib/gcc/powerpc-eabi/13.1.0/../../../../powerpc-eabi/lib\libsysbase.a(libsysbase_libsysbase_a-handle_manager.o)
                0x80024948                _close_r
 .text._isatty_r
                0x80024ac0        0x8 C:/devkitPro/devkitPPC/bin/../lib/gcc/powerpc-eabi/13.1.0/../../../../powerpc-eabi/lib\libsysbase.a(libsysbase_libsysbase_a-isatty.o)
                0x80024ac0                _isatty_r
 .text._lseek_r
                0x80024ac8       0xe0 C:/devkitPro/devkitPPC/bin/../lib/gcc/powerpc-eabi/13.1.0/../../../../powerpc-eabi/lib\libsysbase.a(libsysbase_libsysbase_a-lseek.o)
                0x80024ac8                _lseek_r
 .text._read_r  0x80024ba8       0xc4 C:/devkitPro/devkitPPC/bin/../lib/gcc/powerpc-eabi/13.1.0/../../../../powerpc-eabi/lib\libsysbase.a(libsysbase_libsysbase_a-read.o)
                0x80024ba8                _read_r
 .text.__libc_lock_init
                0x80024c6c       0x14 C:/devkitPro/devkitPPC/bin/../lib/gcc/powerpc-eabi/13.1.0/../../../../powerpc-eabi/lib\libsysbase.a(libsysbase_libsysbase_a-syscall_support.o)
                0x80024c6c                __libc_lock_init
 .text.__libc_lock_acquire
                0x80024c80       0x14 C:/devkitPro/devkitPPC/bin/../lib/gcc/powerpc-eabi/13.1.0/../../../../powerpc-eabi/lib\libsysbase.a(libsysbase_libsysbase_a-syscall_support.o)
                0x80024c80                __libc_lock_acquire
 .text.__libc_lock_release
                0x80024c94       0x14 C:/devkitPro/devkitPPC/bin/../lib/gcc/powerpc-eabi/13.1.0/../../../../powerpc-eabi/lib\libsysbase.a(libsysbase_libsysbase_a-syscall_support.o)
                0x80024c94                __libc_lock_release
 .text.__libc_lock_close
                0x80024ca8       0x14 C:/devkitPro/devkitPPC/bin/../lib/gcc/powerpc-eabi/13.1.0/../../../../powerpc-eabi/lib\libsysbase.a(libsysbase_libsysbase_a-syscall_support.o)
                0x80024ca8                __libc_lock_close
 .text.__libc_lock_init_recursive
                0x80024cbc       0x14 C:/devkitPro/devkitPPC/bin/../lib/gcc/powerpc-eabi/13.1.0/../../../../powerpc-eabi/lib\libsysbase.a(libsysbase_libsysbase_a-syscall_support.o)
                0x80024cbc                __libc_lock_init_recursive
 .text.__malloc_lock
                0x80024cd0       0x14 C:/devkitPro/devkitPPC/bin/../lib/gcc/powerpc-eabi/13.1.0/../../../../powerpc-eabi/lib\libsysbase.a(libsysbase_libsysbase_a-syscall_support.o)
                0x80024cd0                __malloc_lock
 .text.__malloc_unlock
                0x80024ce4       0x14 C:/devkitPro/devkitPPC/bin/../lib/gcc/powerpc-eabi/13.1.0/../../../../powerpc-eabi/lib\libsysbase.a(libsysbase_libsysbase_a-syscall_support.o)
                0x80024ce4                __malloc_unlock
 .text._write_r
                0x80024cf8       0xc4 C:/devkitPro/devkitPPC/bin/../lib/gcc/powerpc-eabi/13.1.0/../../../../powerpc-eabi/lib\libsysbase.a(libsysbase_libsysbase_a-write.o)
                0x80024cf8                _write_r
 .text.__do_global_ctors_aux
                0x80024dbc       0x50 C:/devkitPro/devkitPPC/bin/../lib/gcc/powerpc-eabi/13.1.0/crtend.o
 *(.gnu.warning)
 *(.gnu.linkonce.t.*)
                0x80024e20                        . = ALIGN (0x20)
 *fill*         0x80024e0c       0x14 00000000

.glink          0x80024e20        0x0
 .glink         0x80024e20        0x0 C:/devkitPro/devkitPPC/bin/../lib/gcc/powerpc-eabi/13.1.0/crtbegin.o

.fini           0x80024e20       0x20
 *(.fini)
 .fini          0x80024e20        0xc C:/devkitPro/devkitPPC/bin/../lib/gcc/powerpc-eabi/13.1.0/ecrti.o
                0x80024e20                __fini
 .fini          0x80024e2c        0x4 C:/devkitPro/devkitPPC/bin/../lib/gcc/powerpc-eabi/13.1.0/crtbegin.o
 .fini          0x80024e30       0x10 C:/devkitPro/devkitPPC/bin/../lib/gcc/powerpc-eabi/13.1.0/ecrtn.o
                0x80024e40                        . = ALIGN (0x20)
                [!provide]                        PROVIDE (__etext = .)
                [!provide]                        PROVIDE (_etext = .)
                [!provide]                        PROVIDE (etext = .)

.rodata         0x80024e40     0x17d9
 *(.rodata)
 .rodata        0x80024e40       0x18 main.o
 .rodata        0x80024e58       0x21 C:/devkitPro/libogc/lib/wii\libogc.a(video.o)
 *(.rodata.*)
 *fill*         0x80024e79        0x3 
 .rodata.main.str1.4
                0x80024e7c      0x3ee main.o
                                  0xb (size before relaxing)
 *fill*         0x8002526a        0x2 
 .rodata.cst4   0x8002526c      0x154 C:/devkitPro/libogc/lib/wii\libwiiuse.a(wpad.o)
                                 0x10 (size before relaxing)
 .rodata.cst4   0x800253c0       0x28 C:/devkitPro/libogc/lib/wii\libwiiuse.a(dynamics.o)
 .rodata.cst4   0x800253c0       0x64 C:/devkitPro/libogc/lib/wii\libwiiuse.a(ir.o)
 .rodata.__console_write
                0x800253c0       0xec C:/devkitPro/libogc/lib/wii\libogc.a(console.o)
 .rodata.color_table
                0x800254ac       0x40 C:/devkitPro/libogc/lib/wii\libogc.a(console.o)
 .rodata.str1.4
                0x800254ec        0x7 C:/devkitPro/libogc/lib/wii\libogc.a(console.o)
 .rodata.dotab_stdout
                0x800254ec       0x80 C:/devkitPro/libogc/lib/wii\libogc.a(console.o)
                0x800254ec                dotab_stdout
 .rodata.__SetInterrupts
                0x8002556c       0x70 C:/devkitPro/libogc/lib/wii\libogc.a(irq.o)
 .rodata._irqPrio
                0x800255dc       0x30 C:/devkitPro/libogc/lib/wii\libogc.a(irq.o)
 .rodata.CSWTCH.167
                0x8002560c       0x5c C:/devkitPro/libogc/lib/wii\libogc.a(video.o)
 .rodata.video_timing
                0x80025668      0x110 C:/devkitPro/libogc/lib/wii\libogc.a(video.o)
 .rodata.SYS_ResetSystem
                0x80025778       0x1c C:/devkitPro/libogc/lib/wii\libogc.a(system.o)
 .rodata._dsp_initcode
                0x80025794       0x80 C:/devkitPro/libogc/lib/wii\libogc.a(system.o)
 .rodata.__ios_ioctlvformat_parse
                0x80025814       0x88 C:/devkitPro/libogc/lib/wii\libogc.a(ipc.o)
 .rodata._ES_seek_r.str1.4
                0x8002589c        0x5 C:/devkitPro/libogc/lib/wii\libogc.a(es.o)
 .rodata._ES_close_r.str1.4
                0x8002589c        0x3 C:/devkitPro/libogc/lib/wii\libogc.a(es.o)
 .rodata.__ES_Close.str1.4
                0x8002589c        0x4 C:/devkitPro/libogc/lib/wii\libogc.a(es.o)
 .rodata.ES_GetTitleID.str1.4
                0x8002589c        0x3 C:/devkitPro/libogc/lib/wii\libogc.a(es.o)
 .rodata.ES_GetNumTicketViews.str1.4
                0x8002589c        0x4 C:/devkitPro/libogc/lib/wii\libogc.a(es.o)
 .rodata.ES_GetTicketViews.str1.4
                0x8002589c        0x5 C:/devkitPro/libogc/lib/wii\libogc.a(es.o)
 .rodata.ES_GetOwnedTitles.str1.4
                0x8002589c        0x4 C:/devkitPro/libogc/lib/wii\libogc.a(es.o)
 .rodata._ES_open_r.str1.4
                0x8002589c        0x5 C:/devkitPro/libogc/lib/wii\libogc.a(es.o)
 .rodata.str1.4
                0x8002589c        0x3 C:/devkitPro/libogc/lib/wii\libogc.a(es.o)
 .rodata.dotab_es
                0x8002589c       0x80 C:/devkitPro/libogc/lib/wii\libogc.a(es.o)
 .rodata.CONF_GetLength
                0x8002591c       0x20 C:/devkitPro/libogc/lib/wii\libogc.a(conf.o)
 .rodata.CONF_GetShutdownMode.str1.4
                0x8002593c        0x8 C:/devkitPro/libogc/lib/wii\libogc.a(conf.o)
 .rodata.CONF_GetProgressiveScan.str1.4
                0x8002593c        0x8 C:/devkitPro/libogc/lib/wii\libogc.a(conf.o)
 .rodata.CONF_GetEuRGB60.str1.4
                0x8002593c        0x8 C:/devkitPro/libogc/lib/wii\libogc.a(conf.o)
 .rodata.CONF_GetCounterBias.str1.4
                0x8002593c        0x7 C:/devkitPro/libogc/lib/wii\libogc.a(conf.o)
 .rodata.CONF_GetDisplayOffsetH.str1.4
                0x8002593c        0x7 C:/devkitPro/libogc/lib/wii\libogc.a(conf.o)
 .rodata.CONF_GetVideo.str1.4
                0x8002593c       0x19 C:/devkitPro/libogc/lib/wii\libogc.a(conf.o)
 *fill*         0x8002593c        0x4 
 .rodata.__conf_txt_file
                0x80025940       0x2a C:/devkitPro/libogc/lib/wii\libogc.a(conf.o)
 *fill*         0x8002596a       0x16 
 .rodata.__conf_file
                0x80025980       0x15 C:/devkitPro/libogc/lib/wii\libogc.a(conf.o)
 .rodata.c_default_exceptionhandler.str1.4
                0x80025995      0x267 C:/devkitPro/libogc/lib/wii\libogc.a(exception.o)
 .rodata.str1.4
                0x80025995       0xa0 C:/devkitPro/libogc/lib/wii\libogc.a(exception.o)
 *fill*         0x80025995        0x3 
 .rodata.exception_name
                0x80025998       0x3c C:/devkitPro/libogc/lib/wii\libogc.a(exception.o)
 .rodata.exception_location
                0x800259d4       0x3c C:/devkitPro/libogc/lib/wii\libogc.a(exception.o)
 .rodata.number.str1.4
                0x80025a10       0x4d C:/devkitPro/libogc/lib/wii\libogc.a(kprintf.o)
 .rodata.kvsprintf.str1.4
                0x80025a10        0x7 C:/devkitPro/libogc/lib/wii\libogc.a(kprintf.o)
 .rodata.kvsprintf
                0x80025a10      0x2e4 C:/devkitPro/libogc/lib/wii\libogc.a(kprintf.o)
 .rodata.atanlo
                0x80025cf4       0x10 C:/devkitPro/devkitPPC/bin/../lib/gcc/powerpc-eabi/13.1.0/../../../../powerpc-eabi/lib\libm.a(libm_a-sf_atan.o)
 .rodata.atanhi
                0x80025d04       0x10 C:/devkitPro/devkitPPC/bin/../lib/gcc/powerpc-eabi/13.1.0/../../../../powerpc-eabi/lib\libm.a(libm_a-sf_atan.o)
 .rodata.cst4   0x80025d14       0x48 C:/devkitPro/devkitPPC/bin/../lib/gcc/powerpc-eabi/13.1.0/../../../../powerpc-eabi/lib\libm.a(libm_a-sf_atan.o)
 .rodata.cst4   0x80025d14        0x4 C:/devkitPro/devkitPPC/bin/../lib/gcc/powerpc-eabi/13.1.0/../../../../powerpc-eabi/lib\libm.a(libm_a-sf_cos.o)
 .rodata.cst4   0x80025d14        0x4 C:/devkitPro/devkitPPC/bin/../lib/gcc/powerpc-eabi/13.1.0/../../../../powerpc-eabi/lib\libm.a(libm_a-wf_sqrt.o)
 .rodata.cst4   0x80025d14        0x4 C:/devkitPro/devkitPPC/bin/../lib/gcc/powerpc-eabi/13.1.0/../../../../powerpc-eabi/lib\libm.a(libm_a-wf_hypot.o)
 .rodata.cst4   0x80025d14        0xc C:/devkitPro/devkitPPC/bin/../lib/gcc/powerpc-eabi/13.1.0/../../../../powerpc-eabi/lib\libm.a(libm_a-ef_hypot.o)
 .rodata.cst4   0x80025d14       0x28 C:/devkitPro/devkitPPC/bin/../lib/gcc/powerpc-eabi/13.1.0/../../../../powerpc-eabi/lib\libm.a(libm_a-kf_cos.o)
 *fill*         0x80025d14        0x4 
 .rodata.CSWTCH.9
                0x80025d18       0x18 C:/devkitPro/devkitPPC/bin/../lib/gcc/powerpc-eabi/13.1.0/../../../../powerpc-eabi/lib\libm.a(libm_a-e_atan2.o)
 .rodata.CSWTCH.8
                0x80025d30       0x18 C:/devkitPro/devkitPPC/bin/../lib/gcc/powerpc-eabi/13.1.0/../../../../powerpc-eabi/lib\libm.a(libm_a-e_atan2.o)
 .rodata.cst8   0x80025d48      0x148 C:/devkitPro/devkitPPC/bin/../lib/gcc/powerpc-eabi/13.1.0/../../../../powerpc-eabi/lib\libm.a(libm_a-e_atan2.o)
                                 0x30 (size before relaxing)
 .rodata.cst4   0x80025e90        0x4 C:/devkitPro/devkitPPC/bin/../lib/gcc/powerpc-eabi/13.1.0/../../../../powerpc-eabi/lib\libm.a(libm_a-e_atan2.o)
 .rodata.atanlo
                0x80025e90       0x20 C:/devkitPro/devkitPPC/bin/../lib/gcc/powerpc-eabi/13.1.0/../../../../powerpc-eabi/lib\libm.a(libm_a-s_atan.o)
 .rodata.atanhi
                0x80025eb0       0x20 C:/devkitPro/devkitPPC/bin/../lib/gcc/powerpc-eabi/13.1.0/../../../../powerpc-eabi/lib\libm.a(libm_a-s_atan.o)
 .rodata.cst8   0x80025ed0       0x70 C:/devkitPro/devkitPPC/bin/../lib/gcc/powerpc-eabi/13.1.0/../../../../powerpc-eabi/lib\libm.a(libm_a-s_atan.o)
 .rodata.cst4   0x80025ed0       0x10 C:/devkitPro/devkitPPC/bin/../lib/gcc/powerpc-eabi/13.1.0/../../../../powerpc-eabi/lib\libm.a(libm_a-s_atan.o)
 .rodata.tiny   0x80025ed0        0x4 C:/devkitPro/devkitPPC/bin/../lib/gcc/powerpc-eabi/13.1.0/../../../../powerpc-eabi/lib\libm.a(libm_a-ef_sqrt.o)
 .rodata.one    0x80025ed4        0x4 C:/devkitPro/devkitPPC/bin/../lib/gcc/powerpc-eabi/13.1.0/../../../../powerpc-eabi/lib\libm.a(libm_a-ef_sqrt.o)
 .rodata.CSWTCH.9
                0x80025ed8        0xc C:/devkitPro/devkitPPC/bin/../lib/gcc/powerpc-eabi/13.1.0/../../../../powerpc-eabi/lib\libm.a(libm_a-ef_atan2.o)
 .rodata.CSWTCH.8
                0x80025ee4        0xc C:/devkitPro/devkitPPC/bin/../lib/gcc/powerpc-eabi/13.1.0/../../../../powerpc-eabi/lib\libm.a(libm_a-ef_atan2.o)
 .rodata.cst4   0x80025ef0       0x1c C:/devkitPro/devkitPPC/bin/../lib/gcc/powerpc-eabi/13.1.0/../../../../powerpc-eabi/lib\libm.a(libm_a-ef_atan2.o)
 .rodata.cst4   0x80025ef0       0x20 C:/devkitPro/devkitPPC/bin/../lib/gcc/powerpc-eabi/13.1.0/../../../../powerpc-eabi/lib\libm.a(libm_a-kf_sin.o)
 .rodata.cst4   0x80025ef0        0x4 C:/devkitPro/devkitPPC/bin/../lib/gcc/powerpc-eabi/13.1.0/../../../../powerpc-eabi/lib\libm.a(libm_a-s_sin.o)
 .rodata.npio2_hw
                0x80025ef0       0x80 C:/devkitPro/devkitPPC/bin/../lib/gcc/powerpc-eabi/13.1.0/../../../../powerpc-eabi/lib\libm.a(libm_a-ef_rem_pio2.o)
 .rodata.two_over_pi
                0x80025f70      0x318 C:/devkitPro/devkitPPC/bin/../lib/gcc/powerpc-eabi/13.1.0/../../../../powerpc-eabi/lib\libm.a(libm_a-ef_rem_pio2.o)
 .rodata.cst4   0x80026288       0x2c C:/devkitPro/devkitPPC/bin/../lib/gcc/powerpc-eabi/13.1.0/../../../../powerpc-eabi/lib\libm.a(libm_a-ef_rem_pio2.o)
 .rodata.PIo2   0x80026288       0x2c C:/devkitPro/devkitPPC/bin/../lib/gcc/powerpc-eabi/13.1.0/../../../../powerpc-eabi/lib\libm.a(libm_a-kf_rem_pio2.o)
 .rodata.init_jk
                0x800262b4        0xc C:/devkitPro/devkitPPC/bin/../lib/gcc/powerpc-eabi/13.1.0/../../../../powerpc-eabi/lib\libm.a(libm_a-kf_rem_pio2.o)
 .rodata.cst4   0x800262c0       0x24 C:/devkitPro/devkitPPC/bin/../lib/gcc/powerpc-eabi/13.1.0/../../../../powerpc-eabi/lib\libm.a(libm_a-kf_rem_pio2.o)
 .rodata.npio2_hw
                0x800262c0       0x80 C:/devkitPro/devkitPPC/bin/../lib/gcc/powerpc-eabi/13.1.0/../../../../powerpc-eabi/lib\libm.a(libm_a-e_rem_pio2.o)
 .rodata.two_over_pi
                0x80026340      0x108 C:/devkitPro/devkitPPC/bin/../lib/gcc/powerpc-eabi/13.1.0/../../../../powerpc-eabi/lib\libm.a(libm_a-e_rem_pio2.o)
 .rodata.cst4   0x80026448       0x10 C:/devkitPro/devkitPPC/bin/../lib/gcc/powerpc-eabi/13.1.0/../../../../powerpc-eabi/lib\libm.a(libm_a-e_rem_pio2.o)
 .rodata.cst8   0x80026448       0x38 C:/devkitPro/devkitPPC/bin/../lib/gcc/powerpc-eabi/13.1.0/../../../../powerpc-eabi/lib\libm.a(libm_a-e_rem_pio2.o)
 .rodata.cst4   0x80026448       0x10 C:/devkitPro/devkitPPC/bin/../lib/gcc/powerpc-eabi/13.1.0/../../../../powerpc-eabi/lib\libm.a(libm_a-sf_floor.o)
 .rodata.PIo2   0x80026448       0x40 C:/devkitPro/devkitPPC/bin/../lib/gcc/powerpc-eabi/13.1.0/../../../../powerpc-eabi/lib\libm.a(libm_a-k_rem_pio2.o)
 .rodata.init_jk
                0x80026488       0x10 C:/devkitPro/devkitPPC/bin/../lib/gcc/powerpc-eabi/13.1.0/../../../../powerpc-eabi/lib\libm.a(libm_a-k_rem_pio2.o)
 .rodata.cst4   0x80026498       0x24 C:/devkitPro/devkitPPC/bin/../lib/gcc/powerpc-eabi/13.1.0/../../../../powerpc-eabi/lib\libm.a(libm_a-k_rem_pio2.o)
 .rodata.cst4   0x80026498        0x8 C:/devkitPro/devkitPPC/bin/../lib/gcc/powerpc-eabi/13.1.0/../../../../powerpc-eabi/lib\libm.a(libm_a-s_scalbn.o)
 .rodata.cst8   0x80026498       0x20 C:/devkitPro/devkitPPC/bin/../lib/gcc/powerpc-eabi/13.1.0/../../../../powerpc-eabi/lib\libm.a(libm_a-s_scalbn.o)
 .rodata.cst4   0x80026498       0x18 C:/devkitPro/devkitPPC/bin/../lib/gcc/powerpc-eabi/13.1.0/../../../../powerpc-eabi/lib\libm.a(libm_a-sf_scalbn.o)
 .rodata.cst8   0x80026498       0x38 C:/devkitPro/devkitPPC/bin/../lib/gcc/powerpc-eabi/13.1.0/../../../../powerpc-eabi/lib\libm.a(libm_a-k_sin.o)
 .rodata.cst4   0x80026498        0x4 C:/devkitPro/devkitPPC/bin/../lib/gcc/powerpc-eabi/13.1.0/../../../../powerpc-eabi/lib\libm.a(libm_a-k_sin.o)
 .rodata.cst4   0x80026498        0x4 C:/devkitPro/devkitPPC/bin/../lib/gcc/powerpc-eabi/13.1.0/../../../../powerpc-eabi/lib\libm.a(libm_a-s_cos.o)
 .rodata.cst4   0x80026498        0x4 C:/devkitPro/devkitPPC/bin/../lib/gcc/powerpc-eabi/13.1.0/../../../../powerpc-eabi/lib\libm.a(libm_a-sf_sin.o)
 .rodata.cst8   0x80026498        0x8 C:/devkitPro/devkitPPC/bin/../lib/gcc/powerpc-eabi/13.1.0/../../../../powerpc-eabi/lib\libm.a(libm_a-s_floor.o)
 .rodata.cst4   0x80026498        0x4 C:/devkitPro/devkitPPC/bin/../lib/gcc/powerpc-eabi/13.1.0/../../../../powerpc-eabi/lib\libm.a(libm_a-s_floor.o)
 .rodata.cst4   0x80026498       0x10 C:/devkitPro/devkitPPC/bin/../lib/gcc/powerpc-eabi/13.1.0/../../../../powerpc-eabi/lib\libm.a(libm_a-k_cos.o)
 .rodata.cst8   0x80026498       0x30 C:/devkitPro/devkitPPC/bin/../lib/gcc/powerpc-eabi/13.1.0/../../../../powerpc-eabi/lib\libm.a(libm_a-k_cos.o)
 .rodata.AddDevice.str1.4